Component: ARM Compiler 6.13.1 Tool: armlink [5d895400]

==============================================================================

Section Cross References

    delay.o(.text.delay_init) refers to stm32f4xx_hal_cortex.o(.text.HAL_SYSTICK_CLKSourceConfig) for HAL_SYSTICK_CLKSourceConfig
    delay.o(.text.delay_init) refers to delay.o(.bss.fac_us) for [Anonymous Symbol]
    delay.o(.ARM.exidx.text.delay_init) refers to delay.o(.text.delay_init) for [Anonymous Symbol]
    delay.o(.text.delay_us) refers to delay.o(.bss.fac_us) for [Anonymous Symbol]
    delay.o(.ARM.exidx.text.delay_us) refers to delay.o(.text.delay_us) for [Anonymous Symbol]
    delay.o(.text.delay_ms) refers to delay.o(.text.delay_us) for delay_us
    delay.o(.ARM.exidx.text.delay_ms) refers to delay.o(.text.delay_ms) for [Anonymous Symbol]
    main.o(.text.main) refers to stm32f4xx_hal.o(.text.HAL_Init) for HAL_Init
    main.o(.text.main) refers to sys.o(.text.SystemClock_Config) for SystemClock_Config
    main.o(.text.main) refers to delay.o(.text.delay_init) for delay_init
    main.o(.text.main) refers to led.o(.text.led_Init) for led_Init
    main.o(.text.main) refers to sys.o(.text.SysNVIC_SetPriority) for SysNVIC_SetPriority
    main.o(.text.main) refers to flash.o(.text.flash_load) for flash_load
    main.o(.text.main) refers to tle5012b.o(.text.TLE5012B_init) for TLE5012B_init
    main.o(.text.main) refers to adc.o(.text.MX_ADC1_Init) for MX_ADC1_Init
    main.o(.text.main) refers to adc.o(.text.MX_ADC2_Init) for MX_ADC2_Init
    main.o(.text.main) refers to adc.o(.text.MX_ADC3_Init) for MX_ADC3_Init
    main.o(.text.main) refers to foc.o(.text.reset_foc) for reset_foc
    main.o(.text.main) refers to foc.o(.text.reset_observer) for reset_observer
    main.o(.text.main) refers to drv8323.o(.text.drv8323_init) for drv8323_init
    main.o(.text.main) refers to foc.o(.text.zero_current) for zero_current
    main.o(.text.main) refers to foc.o(.text.init_controller_params) for init_controller_params
    main.o(.text.main) refers to tim.o(.text.MX_TIM1_Init) for MX_TIM1_Init
    main.o(.text.main) refers to stm32f4xx_hal_tim.o(.text.HAL_TIM_Base_Start_IT) for HAL_TIM_Base_Start_IT
    main.o(.text.main) refers to delay.o(.text.delay_us) for delay_us
    main.o(.text.main) refers to main.o(.bss.__float_reg) for __float_reg
    main.o(.text.main) refers to position.o(.bss.PS) for PS
    main.o(.text.main) refers to foc.o(.bss.controller) for controller
    main.o(.text.main) refers to foc.o(.bss.observer) for observer
    main.o(.text.main) refers to tim.o(.bss.htim1) for htim1
    main.o(.ARM.exidx.text.main) refers to main.o(.text.main) for [Anonymous Symbol]
    main.o(.text.TIM1_UP_TIM10_IRQHandler) refers to position.o(.text.PS_Value) for PS_Value
    main.o(.text.TIM1_UP_TIM10_IRQHandler) refers to drv8323.o(.text.drv_enable_gd) for drv_enable_gd
    main.o(.text.TIM1_UP_TIM10_IRQHandler) refers to foc.o(.text.abc) for abc
    main.o(.text.TIM1_UP_TIM10_IRQHandler) refers to foc.o(.text.svm) for svm
    main.o(.text.TIM1_UP_TIM10_IRQHandler) refers to delay.o(.text.delay_us) for delay_us
    main.o(.text.TIM1_UP_TIM10_IRQHandler) refers to drv8323.o(.text.drv_disable_gd) for drv_disable_gd
    main.o(.text.TIM1_UP_TIM10_IRQHandler) refers to delay.o(.text.delay_ms) for delay_ms
    main.o(.text.TIM1_UP_TIM10_IRQHandler) refers to calibration.o(.text.order_phases) for order_phases
    main.o(.text.TIM1_UP_TIM10_IRQHandler) refers to calibration.o(.text.calibrate) for calibrate
    main.o(.text.TIM1_UP_TIM10_IRQHandler) refers to flash.o(.text.flash_write) for flash_write
    main.o(.text.TIM1_UP_TIM10_IRQHandler) refers to foc.o(.text.reset_foc) for reset_foc
    main.o(.text.TIM1_UP_TIM10_IRQHandler) refers to foc.o(.text.commutate) for commutate
    main.o(.text.TIM1_UP_TIM10_IRQHandler) refers to stm32f4xx_hal_tim.o(.text.HAL_TIM_IRQHandler) for HAL_TIM_IRQHandler
    main.o(.text.TIM1_UP_TIM10_IRQHandler) refers to position.o(.bss.PS) for PS
    main.o(.text.TIM1_UP_TIM10_IRQHandler) refers to foc.o(.bss.controller) for controller
    main.o(.text.TIM1_UP_TIM10_IRQHandler) refers to main.o(.bss..L_MergedGlobals) for [Anonymous Symbol]
    main.o(.text.TIM1_UP_TIM10_IRQHandler) refers to main.o(.bss.__int_reg) for __int_reg
    main.o(.text.TIM1_UP_TIM10_IRQHandler) refers to foc.o(.bss.observer) for observer
    main.o(.text.TIM1_UP_TIM10_IRQHandler) refers to tim.o(.bss.htim1) for htim1
    main.o(.ARM.exidx.text.TIM1_UP_TIM10_IRQHandler) refers to main.o(.text.TIM1_UP_TIM10_IRQHandler) for [Anonymous Symbol]
    startup_stm32f405xx.o(STACK) refers (Special) to heapauxi.o(.text) for __use_two_region_memory
    startup_stm32f405xx.o(HEAP) refers (Special) to heapauxi.o(.text) for __use_two_region_memory
    startup_stm32f405xx.o(RESET) refers (Special) to heapauxi.o(.text) for __use_two_region_memory
    startup_stm32f405xx.o(RESET) refers to startup_stm32f405xx.o(STACK) for __initial_sp
[...]
    __arm_cp.2_9                             0x08002598   Number         4  stm32f4xx_hal_tim.o(.text.TIM_Base_SetConfig)
    __arm_cp.2_10                            0x0800259c   Number         4  stm32f4xx_hal_tim.o(.text.TIM_Base_SetConfig)
    [Anonymous Symbol]                       0x080025a0   Section        0  stm32f4xx_hal_tim.o(.text.TIM_CCxChannelCmd)
    TIM_OC1_SetConfig                        0x080025c1   Thumb Code    84  stm32f4xx_hal_tim.o(.text.TIM_OC1_SetConfig)
    [Anonymous Symbol]                       0x080025c0   Section        0  stm32f4xx_hal_tim.o(.text.TIM_OC1_SetConfig)
    [Anonymous Symbol]                       0x08002614   Section        0  stm32f4xx_hal_tim.o(.text.TIM_OC2_SetConfig)
    TIM_OC3_SetConfig                        0x08002675   Thumb Code   100  stm32f4xx_hal_tim.o(.text.TIM_OC3_SetConfig)
    [Anonymous Symbol]                       0x08002674   Section        0  stm32f4xx_hal_tim.o(.text.TIM_OC3_SetConfig)
    TIM_OC4_SetConfig                        0x080026d9   Thumb Code    72  stm32f4xx_hal_tim.o(.text.TIM_OC4_SetConfig)
    [Anonymous Symbol]                       0x080026d8   Section        0  stm32f4xx_hal_tim.o(.text.TIM_OC4_SetConfig)
    __arm_cp.77_0                            0x0800271c   Number         4  stm32f4xx_hal_tim.o(.text.TIM_OC4_SetConfig)
    [Anonymous Symbol]                       0x08002720   Section        0  tle5012b.o(.text.TLE5012B_init)
    __arm_cp.3_0                             0x08002764   Number         4  tle5012b.o(.text.TLE5012B_init)
    __arm_cp.3_1                             0x08002768   Number         4  tle5012b.o(.text.TLE5012B_init)
    [Anonymous Symbol]                       0x0800276c   Section        0  tle5012b.o(.text.TLE5012_ReadValue)
    __arm_cp.2_0                             0x08002784   Number         4  tle5012b.o(.text.TLE5012_ReadValue)
    [Anonymous Symbol]                       0x08002788   Section        0  stm32f4xx_it.o(.text.UsageFault_Handler)
    __NVIC_SetPriority                       0x0800278d   Thumb Code    36  stm32f4xx_hal_cortex.o(.text.__NVIC_SetPriority)
    [Anonymous Symbol]                       0x0800278c   Section        0  stm32f4xx_hal_cortex.o(.text.__NVIC_SetPriority)
    __arm_cp.2_0                             0x080027a8   Number         4  stm32f4xx_hal_cortex.o(.text.__NVIC_SetPriority)
    __arm_cp.2_1                             0x080027ac   Number         4  stm32f4xx_hal_cortex.o(.text.__NVIC_SetPriority)
    [Anonymous Symbol]                       0x080027b0   Section        0  foc.o(.text.abc)
    [Anonymous Symbol]                       0x08002838   Section        0  calibration.o(.text.calibrate)
    __arm_cp.1_3                             0x08002c24   Number         4  calibration.o(.text.calibrate)
    __arm_cp.1_5                             0x08002c2c   Number         4  calibration.o(.text.calibrate)
    __arm_cp.1_10                            0x08002c3c   Number         4  calibration.o(.text.calibrate)
    __arm_cp.1_11                            0x08002c40   Number         4  calibration.o(.text.calibrate)
    __arm_cp.1_13                            0x08002c48   Number         4  calibration.o(.text.calibrate)
    __arm_cp.1_16                            0x08002c50   Number         4  calibration.o(.text.calibrate)
    [Anonymous Symbol]                       0x08002c54   Section        0  foc.o(.text.commutate)
    __arm_cp.8_1                             0x08002e6c   Number         4  foc.o(.text.commutate)
    __arm_cp.8_5                             0x08002e7c   Number         4  foc.o(.text.commutate)
    [Anonymous Symbol]                       0x08002e80   Section        0  delay.o(.text.delay_init)
    [Anonymous Symbol]                       0x08002e90   Section        0  delay.o(.text.delay_ms)
    [Anonymous Symbol]                       0x08002ea4   Section        0  delay.o(.text.delay_us)
    __arm_cp.1_0                             0x08002ed0   Number         4  delay.o(.text.delay_us)
    __arm_cp.1_1                             0x08002ed4   Number         4  delay.o(.text.delay_us)
    [Anonymous Symbol]                       0x08002ed8   Section        0  foc.o(.text.dq0)
    [Anonymous Symbol]                       0x08002f6c   Section        0  drv8323.o(.text.drv8323_init)
    __arm_cp.13_1                            0x08003028   Number         4  drv8323.o(.text.drv8323_init)
    __arm_cp.13_2                            0x0800302c   Number         4  drv8323.o(.text.drv8323_init)
    __arm_cp.13_4                            0x08003030   Number         4  drv8323.o(.text.drv8323_init)
    drv8323_write                            0x08003035   Thumb Code    60  drv8323.o(.text.drv8323_write)
    [Anonymous Symbol]                       0x08003034   Section        0  drv8323.o(.text.drv8323_write)
    __arm_cp.1_0                             0x08003068   Number         4  drv8323.o(.text.drv8323_write)
    __arm_cp.1_1                             0x0800306c   Number         4  drv8323.o(.text.drv8323_write)
    [Anonymous Symbol]                       0x08003070   Section        0  drv8323.o(.text.drv_calibrate)
    [Anonymous Symbol]                       0x08003078   Section        0  drv8323.o(.text.drv_disable_gd)
    [Anonymous Symbol]                       0x08003090   Section        0  drv8323.o(.text.drv_enable_gd)
    [Anonymous Symbol]                       0x080030ac   Section        0  flash.o(.text.flash_load)
    [Anonymous Symbol]                       0x080030e8   Section        0  flash.o(.text.flash_write)
    __arm_cp.1_0                             0x08003190   Number         4  flash.o(.text.flash_write)
    __arm_cp.1_1                             0x08003194   Number         4  flash.o(.text.flash_write)
    __arm_cp.1_2                             0x08003198   Number         4  flash.o(.text.flash_write)
    __arm_cp.1_3                             0x0800319c   Number         4  flash.o(.text.flash_write)
    [Anonymous Symbol]                       0x080031a0   Section        0  foc.o(.text.init_controller_params)
    __arm_cp.5_0                             0x080031b0   Number         4  foc.o(.text.init_controller_params)
    __arm_cp.5_1                             0x080031b4   Number         4  foc.o(.text.init_controller_params)
    [Anonymous Symbol]                       0x080031b8   Section        0  led.o(.text.led_Init)
    __arm_cp.0_0                             0x0800323c   Number         4  led.o(.text.led_Init)
    __arm_cp.0_1                             0x08003240   Number         4  led.o(.text.led_Init)
    [Anonymous Symbol]                       0x08003244   Section        0  fastmath.o(.text.limit_norm)
    [Anonymous Symbol]                       0x080032b0   Section        0  main.o(.text.main)
    __arm_cp.0_0                             0x08003340   Number         4  main.o(.text.main)
    __arm_cp.0_1                             0x08003344   Number         4  main.o(.text.main)
    __arm_cp.0_2                             0x08003348   Number         4  main.o(.text.main)
    __arm_cp.0_3                             0x0800334c   Number         4  main.o(.text.main)
    __arm_cp.0_4                             0x08003350   Number         4  main.o(.text.main)
    __arm_cp.0_5                             0x08003354   Number         4  main.o(.text.main)
    __arm_cp.0_6                             0x08003358   Number         4  main.o(.text.main)
    [Anonymous Symbol]                       0x0800335c   Section        0  calibration.o(.text.order_phases)
    __arm_cp.0_2                             0x080034e4   Number         4  calibration.o(.text.order_phases)
    __arm_cp.0_5                             0x080034f0   Number         4  calibration.o(.text.order_phases)
    [Anonymous Symbol]                       0x080034fc   Section        0  foc.o(.text.reset_foc)
    [Anonymous Symbol]                       0x08003520   Section        0  foc.o(.text.reset_observer)
    __arm_cp.7_0                             0x08003530   Number         4  foc.o(.text.reset_observer)
    __arm_cp.7_1                             0x08003534   Number         4  foc.o(.text.reset_observer)
    [Anonymous Symbol]                       0x08003538   Section        0  foc.o(.text.svm)
    [Anonymous Symbol]                       0x08003638   Section        0  foc.o(.text.zero_current)
    __arm_cp.3_0                             0x0800369c   Number         4  foc.o(.text.zero_current)
    __arm_cp.3_1                             0x080036a0   Number         4  foc.o(.text.zero_current)
    i.__ARM_fpclassify                       0x080036a4   Section        0  fpclassify.o(i.__ARM_fpclassify)
    i.__hardfp_fmaxf                         0x080036d4   Section        0  fmaxf.o(i.__hardfp_fmaxf)
    i.__hardfp_fminf                         0x0800371c   Section        0  fminf.o(i.__hardfp_fminf)
    i.__hardfp_fmod                          0x08003764   Section        0  fmod.o(i.__hardfp_fmod)
    i.__hardfp_pow                           0x08003868   Section        0  pow.o(i.__hardfp_pow)
    i.__hardfp_sqrt                          0x080044b8   Section        0  sqrt.o(i.__hardfp_sqrt)
    i.__kernel_poly                          0x08004532   Section        0  poly.o(i.__kernel_poly)
    i.__mathlib_dbl_divzero                  0x08004630   Section        0  dunder.o(i.__mathlib_dbl_divzero)
    i.__mathlib_dbl_infnan2                  0x08004660   Section        0  dunder.o(i.__mathlib_dbl_infnan2)
    i.__mathlib_dbl_invalid                  0x08004678   Section        0  dunder.o(i.__mathlib_dbl_invalid)
    i.__mathlib_dbl_overflow                 0x08004698   Section        0  dunder.o(i.__mathlib_dbl_overflow)
    i.__mathlib_dbl_underflow                0x080046b8   Section        0  dunder.o(i.__mathlib_dbl_underflow)
    i.fabs                                   0x080046d8   Section        0  fabs.o(i.fabs)
    i.sqrt                                   0x080046f0   Section        0  sqrt.o(i.sqrt)
    $v0                                      0x0800475e   Number         0  basic.o(x$fpl$basic)
    x$fpl$basic                              0x0800475e   Section       24  basic.o(x$fpl$basic)
    $v0                                      0x08004778   Number         0  d2f.o(x$fpl$d2f)
    x$fpl$d2f                                0x08004778   Section       98  d2f.o(x$fpl$d2f)
    $v0                                      0x080047dc   Number         0  daddsub_clz.o(x$fpl$dadd)
    x$fpl$dadd                               0x080047dc   Section      336  daddsub_clz.o(x$fpl$dadd)
    _dadd1                                   0x080047ed   Thumb Code     0  daddsub_clz.o(x$fpl$dadd)
    $v0                                      0x0800492c   Number         0  dcheck1.o(x$fpl$dcheck1)
    x$fpl$dcheck1                            0x0800492c   Section       16  dcheck1.o(x$fpl$dcheck1)
    $v0                                      0x0800493c   Number         0  dcmpi.o(x$fpl$dcmpinf)
    x$fpl$dcmpinf                            0x0800493c   Section       24  dcmpi.o(x$fpl$dcmpinf)
    $v0                                      0x08004954   Number         0  ddiv.o(x$fpl$ddiv)
    x$fpl$ddiv                               0x08004954   Section      688  ddiv.o(x$fpl$ddiv)
    ddiv_entry                               0x0800495b   Thumb Code     0  ddiv.o(x$fpl$ddiv)
    $v0                                      0x08004c04   Number         0  dflt_clz.o(x$fpl$dflt)
    x$fpl$dflt                               0x08004c04   Section       46  dflt_clz.o(x$fpl$dflt)
    $v0                                      0x08004c34   Number         0  dleqf.o(x$fpl$dleqf)
    x$fpl$dleqf                              0x08004c34   Section      120  dleqf.o(x$fpl$dleqf)
    $v0                                      0x08004cac   Number         0  dmul.o(x$fpl$dmul)
    x$fpl$dmul                               0x08004cac   Section      340  dmul.o(x$fpl$dmul)
    $v0                                      0x08004e00   Number         0  dnaninf.o(x$fpl$dnaninf)
    x$fpl$dnaninf                            0x08004e00   Section      156  dnaninf.o(x$fpl$dnaninf)
    $v0                                      0x08004e9c   Number         0  drem_clz.o(x$fpl$drem)
    x$fpl$drem                               0x08004e9c   Section      336  drem_clz.o(x$fpl$drem)
    $v0                                      0x08004fec   Number         0  dretinf.o(x$fpl$dretinf)
    x$fpl$dretinf                            0x08004fec   Section       12  dretinf.o(x$fpl$dretinf)
    $v0                                      0x08004ff8   Number         0  drleqf.o(x$fpl$drleqf)
    x$fpl$drleqf                             0x08004ff8   Section      108  drleqf.o(x$fpl$drleqf)
    $v0                                      0x08005064   Number         0  daddsub_clz.o(x$fpl$drsb)
    x$fpl$drsb                               0x08005064   Section       22  daddsub_clz.o(x$fpl$drsb)
    $v0                                      0x0800507c   Number         0  dsqrt_umaal.o(x$fpl$dsqrt)
    x$fpl$dsqrt                              0x0800507c   Section      408  dsqrt_umaal.o(x$fpl$dsqrt)
    $v0                                      0x08005214   Number         0  daddsub_clz.o(x$fpl$dsub)
    x$fpl$dsub                               0x08005214   Section      468  daddsub_clz.o(x$fpl$dsub)
    _dsub1                                   0x08005225   Thumb Code     0  daddsub_clz.o(x$fpl$dsub)
    $v0                                      0x080053e8   Number         0  f2d.o(x$fpl$f2d)
    x$fpl$f2d                                0x080053e8   Section       86  f2d.o(x$fpl$f2d)
    $v0                                      0x08005440   Number         0  fcmp4.o(x$fpl$fcmp4)
    x$fpl$fcmp4                              0x08005440   Section       82  fcmp4.o(x$fpl$fcmp4)
    $v0                                      0x08005492   Number         0  fcmpi.o(x$fpl$fcmpinf)
    x$fpl$fcmpinf                            0x08005492   Section       24  fcmpi.o(x$fpl$fcmpinf)
    $v0                                      0x080054aa   Number         0  fnaninf.o(x$fpl$fnaninf)
    x$fpl$fnaninf                            0x080054aa   Section      140  fnaninf.o(x$fpl$fnaninf)
    $v0                                      0x08005536   Number         0  fpinit.o(x$fpl$fpinit)
    x$fpl$fpinit                             0x08005536   Section       26  fpinit.o(x$fpl$fpinit)
    $v0                                      0x08005550   Number         0  fretinf.o(x$fpl$fretinf)
    x$fpl$fretinf                            0x08005550   Section       10  fretinf.o(x$fpl$fretinf)
    $v0                                      0x0800555a   Number         0  retnan.o(x$fpl$retnan)
    x$fpl$retnan                             0x0800555a   Section      100  retnan.o(x$fpl$retnan)
    $v0                                      0x080055be   Number         0  scalbn.o(x$fpl$scalbn)
    x$fpl$scalbn                             0x080055be   Section       92  scalbn.o(x$fpl$scalbn)
    $v0                                      0x0800561a   Number         0  trapv.o(x$fpl$trapveneer)
    x$fpl$trapveneer                         0x0800561a   Section       48  trapv.o(x$fpl$trapveneer)
    x$fpl$usenofp                            0x0800564a   Section        0  usenofp.o(x$fpl$usenofp)
    bp                                       0x08005650   Data          16  pow.o(.constdata)
    .constdata                               0x08005650   Section      136  pow.o(.constdata)
    dp_h                                     0x08005660   Data          16  pow.o(.constdata)
    dp_l                                     0x08005670   Data          16  pow.o(.constdata)
    L                                        0x08005680   Data          48  pow.o(.constdata)
    P                                        0x080056b0   Data          40  pow.o(.constdata)
    .constdata                               0x080056d8   Section        8  qnan.o(.constdata)
    [Anonymous Symbol]                       0x20000000   Section        0  stm32f4xx_hal.o(.data..L_MergedGlobals)
    .bss                                     0x20000010   Section       96  libspace.o(.bss)
    [Anonymous Symbol]                       0x20000070   Section        0  main.o(.bss..L_MergedGlobals)
    calibrate.error_b                        0x20000848   Data       10240  calibration.o(.bss.calibrate.error_b)
    [Anonymous Symbol]                       0x20000848   Section        0  calibration.o(.bss.calibrate.error_b)
    calibrate.error_f                        0x20003048   Data       10240  calibration.o(.bss.calibrate.error_f)
    [Anonymous Symbol]                       0x20003048   Section        0  calibration.o(.bss.calibrate.error_f)
    calibrate.lut                            0x20005848   Data       10240  calibration.o(.bss.calibrate.lut)
    [Anonymous Symbol]                       0x20005848   Section        0  calibration.o(.bss.calibrate.lut)
    fac_us                                   0x20008308   Data           4  delay.o(.bss.fac_us)
    [Anonymous Symbol]                       0x20008308   Section        0  delay.o(.bss.fac_us)
    Heap_Mem                                 0x20008518   Data        1024  startup_stm32f405xx.o(HEAP)
    HEAP                                     0x20008518   Section     1024  startup_stm32f405xx.o(HEAP)
    Stack_Mem                                0x20008918   Data        2048  startup_stm32f405xx.o(STACK)
    STACK                                    0x20008918   Section     2048  startup_stm32f405xx.o(STACK)
    __initial_sp                             0x20009118   Data           0  startup_stm32f405xx.o(STACK)

    Global Symbols

    Symbol Name                              Value     Ov Type        Size  Object(Section)

    BuildAttributes$$THM_ISAv4$E$P$D$K$B$S$7EM$VFPi3$EXTD16$VFPS$VFMA$PE$A:L22UL41UL21$X:L11$S22US41US21$IEEE1$IW$~IW$USESV6$~STKCKD$USESV7$~SHL$OTIME$ROPI$IEEEX$EBA8$UX$STANDARDLIB$REQ8$PRES8$EABIv2 0x00000000   Number         0  anon$$obj.o ABSOLUTE
    __ARM_exceptions_init                     - Undefined Weak Reference
    __alloca_initialize                       - Undefined Weak Reference
    __arm_preinit_                            - Undefined Weak Reference
    __cpp_initialize__aeabi_                  - Undefined Weak Reference
    __cxa_finalize                            - Undefined Weak Reference
    __rt_locale                               - Undefined Weak Reference
    __sigvec_lookup                           - Undefined Weak Reference
    _atexit_init                              - Undefined Weak Reference
    _call_atexit_fns                          - Undefined Weak Reference
    _clock_init                               - Undefined Weak Reference
    _fp_trap_init                             - Undefined Weak Reference
    _fp_trap_shutdown                         - Undefined Weak Reference
    _get_lc_collate                           - Undefined Weak Reference
    _get_lc_ctype                             - Undefined Weak Reference
    _get_lc_monetary                          - Undefined Weak Reference
    _get_lc_numeric                           - Undefined Weak Reference
    _get_lc_time                              - Undefined Weak Reference
    _getenv_init                              - Undefined Weak Reference
    _handle_redirection                       - Undefined Weak Reference
    _init_alloc                               - Undefined Weak Reference
    _init_user_alloc                          - Undefined Weak Reference
    _initio                                   - Undefined Weak Reference
    _rand_init                                - Undefined Weak Reference
    _signal_finish                            - Undefined Weak Reference
    _signal_init                              - Undefined Weak Reference
    _terminate_alloc                          - Undefined Weak Reference
    _terminate_user_alloc                     - Undefined Weak Reference
    _terminateio                              - Undefined Weak Reference
    __Vectors_Size                           0x00000188   Number         0  startup_stm32f405xx.o ABSOLUTE
    __Vectors                                0x08000000   Data           4  startup_stm32f405xx.o(RESET)
    __Vectors_End                            0x08000188   Data           0  startup_stm32f405xx.o(RESET)
    __main                                   0x08000189   Thumb Code     8  __main.o(!!!main)
    __scatterload                            0x08000191   Thumb Code     0  __scatter.o(!!!scatter)
    __scatterload_rt2                        0x08000191   Thumb Code    44  __scatter.o(!!!scatter)
    __scatterload_rt2_thumb_only             0x08000191   Thumb Code     0  __scatter.o(!!!scatter)
    __scatterload_null                       0x0800019f   Thumb Code     0  __scatter.o(!!!scatter)
    __scatterload_copy                       0x080001c5   Thumb Code    26  __scatter_copy.o(!!handler_copy)
    __scatterload_zeroinit                   0x080001e1   Thumb Code    28  __scatter_zi.o(!!handler_zi)
    __rt_lib_init                            0x080001fd   Thumb Code     0  libinit.o(.ARM.Collect$$libinit$$00000000)
    __rt_lib_init_fp_1                       0x080001ff   Thumb Code     0  libinit2.o(.ARM.Collect$$libinit$$00000001)
    __rt_lib_init_alloca_1                   0x08000203   Thumb Code     0  libinit2.o(.ARM.Collect$$libinit$$0000002E)
    __rt_lib_init_argv_1                     0x08000203   Thumb Code     0  libinit2.o(.ARM.Collect$$libinit$$0000002C)
    __rt_lib_init_atexit_1                   0x08000203   Thumb Code     0  libinit2.o(.ARM.Collect$$libinit$$0000001B)
    __rt_lib_init_clock_1                    0x08000203   Thumb Code     0  libinit2.o(.ARM.Collect$$libinit$$00000021)
    __rt_lib_init_cpp_1                      0x08000203   Thumb Code     0  libinit2.o(.ARM.Collect$$libinit$$00000032)
    __rt_lib_init_exceptions_1               0x08000203   Thumb Code     0  libinit2.o(.ARM.Collect$$libinit$$00000030)
    __rt_lib_init_fp_trap_1                  0x08000203   Thumb Code     0  libinit2.o(.ARM.Collect$$libinit$$0000001F)
    __rt_lib_init_getenv_1                   0x08000203   Thumb Code     0  libinit2.o(.ARM.Collect$$libinit$$00000023)
    __rt_lib_init_heap_1                     0x08000203   Thumb Code     0  libinit2.o(.ARM.Collect$$libinit$$0000000A)
    __rt_lib_init_lc_collate_1               0x08000203   Thumb Code     0  libinit2.o(.ARM.Collect$$libinit$$00000011)
    __rt_lib_init_lc_ctype_1                 0x08000203   Thumb Code     0  libinit2.o(.ARM.Collect$$libinit$$00000013)
    __rt_lib_init_lc_monetary_1              0x08000203   Thumb Code     0  libinit2.o(.ARM.Collect$$libinit$$00000015)
    __rt_lib_init_lc_numeric_1               0x08000203   Thumb Code     0  libinit2.o(.ARM.Collect$$libinit$$00000017)
    __rt_lib_init_lc_time_1                  0x08000203   Thumb Code     0  libinit2.o(.ARM.Collect$$libinit$$00000019)
    __rt_lib_init_preinit_1                  0x08000203   Thumb Code     0  libinit2.o(.ARM.Collect$$libinit$$00000004)
    __rt_lib_init_rand_1                     0x08000203   Thumb Code     0  libinit2.o(.ARM.Collect$$libinit$$0000000E)
    __rt_lib_init_return                     0x08000203   Thumb Code     0  libinit2.o(.ARM.Collect$$libinit$$00000033)
    __rt_lib_init_signal_1                   0x08000203   Thumb Code     0  libinit2.o(.ARM.Collect$$libinit$$0000001D)
    __rt_lib_init_stdio_1                    0x08000203   Thumb Code     0  libinit2.o(.ARM.Collect$$libinit$$00000025)
    __rt_lib_init_user_alloc_1               0x08000203   Thumb Code     0  libinit2.o(.ARM.Collect$$libinit$$0000000C)
    __rt_lib_shutdown                        0x08000205   Thumb Code     0  libshutdown.o(.ARM.Collect$$libshutdown$$00000000)
    __rt_lib_shutdown_cpp_1                  0x08000207   Thumb Code     0  libshutdown2.o(.ARM.Collect$$libshutdown$$00000002)
    __rt_lib_shutdown_fp_trap_1              0x08000207   Thumb Code     0  libshutdown2.o(.ARM.Collect$$libshutdown$$00000007)
    __rt_lib_shutdown_heap_1                 0x08000207   Thumb Code     0  libshutdown2.o(.ARM.Collect$$libshutdown$$0000000F)
    __rt_lib_shutdown_return                 0x08000207   Thumb Code     0  libshutdown2.o(.ARM.Collect$$libshutdown$$00000010)
    __rt_lib_shutdown_signal_1               0x08000207   Thumb Code     0  libshutdown2.o(.ARM.Collect$$libshutdown$$0000000A)
    __rt_lib_shutdown_stdio_1                0x08000207   Thumb Code     0  libshutdown2.o(.ARM.Collect$$libshutdown$$00000004)
    __rt_lib_shutdown_user_alloc_1           0x08000207   Thumb Code     0  libshutdown2.o(.ARM.Collect$$libshutdown$$0000000C)
    __rt_entry                               0x08000209   Thumb Code     0  __rtentry.o(.ARM.Collect$$rtentry$$00000000)
    __rt_entry_presh_1                       0x08000209   Thumb Code     0  __rtentry2.o(.ARM.Collect$$rtentry$$00000002)
    __rt_entry_sh                            0x08000209   Thumb Code     0  __rtentry4.o(.ARM.Collect$$rtentry$$00000004)
    __rt_entry_li                            0x0800020f   Thumb Code     0  __rtentry2.o(.ARM.Collect$$rtentry$$0000000A)
    __rt_entry_postsh_1                      0x0800020f   Thumb Code     0  __rtentry2.o(.ARM.Collect$$rtentry$$00000009)
    __rt_entry_main                          0x08000213   Thumb Code     0  __rtentry2.o(.ARM.Collect$$rtentry$$0000000D)
    __rt_entry_postli_1                      0x08000213   Thumb Code     0  __rtentry2.o(.ARM.Collect$$rtentry$$0000000C)
    __rt_exit                                0x0800021b   Thumb Code     0  rtexit.o(.ARM.Collect$$rtexit$$00000000)
    __rt_exit_ls                             0x0800021d   Thumb Code     0  rtexit2.o(.ARM.Collect$$rtexit$$00000003)
    __rt_exit_prels_1                        0x0800021d   Thumb Code     0  rtexit2.o(.ARM.Collect$$rtexit$$00000002)
    __rt_exit_exit                           0x08000221   Thumb Code     0  rtexit2.o(.ARM.Collect$$rtexit$$00000004)
    Reset_Handler                            0x08000229   Thumb Code     8  startup_stm32f405xx.o(.text)
    ADC_IRQHandler                           0x08000243   Thumb Code     0  startup_stm32f405xx.o(.text)
    CAN1_RX0_IRQHandler                      0x08000243   Thumb Code     0  startup_stm32f405xx.o(.text)
    CAN1_RX1_IRQHandler                      0x08000243   Thumb Code     0  startup_stm32f405xx.o(.text)
    CAN1_SCE_IRQHandler                      0x08000243   Thumb Code     0  startup_stm32f405xx.o(.text)
    CAN1_TX_IRQHandler                       0x08000243   Thumb Code     0  startup_stm32f405xx.o(.text)
    CAN2_RX0_IRQHandler                      0x08000243   Thumb Code     0  startup_stm32f405xx.o(.text)
    CAN2_RX1_IRQHandler                      0x08000243   Thumb Code     0  startup_stm32f405xx.o(.text)
    CAN2_SCE_IRQHandler                      0x08000243   Thumb Code     0  startup_stm32f405xx.o(.text)
    CAN2_TX_IRQHandler                       0x08000243   Thumb Code     0  startup_stm32f405xx.o(.text)
    DMA1_Stream0_IRQHandler                  0x08000243   Thumb Code     0  startup_stm32f405xx.o(.text)
    DMA1_Stream1_IRQHandler                  0x08000243   Thumb Code     0  startup_stm32f405xx.o(.text)
    DMA1_Stream2_IRQHandler                  0x08000243   Thumb Code     0  startup_stm32f405xx.o(.text)
    DMA1_Stream3_IRQHandler                  0x08000243   Thumb Code     0  startup_stm32f405xx.o(.text)
    DMA1_Stream4_IRQHandler                  0x08000243   Thumb Code     0  startup_stm32f405xx.o(.text)
    DMA1_Stream5_IRQHandler                  0x08000243   Thumb Code     0  startup_stm32f405xx.o(.text)
    DMA1_Stream6_IRQHandler                  0x08000243   Thumb Code     0  startup_stm32f405xx.o(.text)
    DMA1_Stream7_IRQHandler                  0x08000243   Thumb Code     0  startup_stm32f405xx.o(.text)
    DMA2_Stream0_IRQHandler                  0x08000243   Thumb Code     0  startup_stm32f405xx.o(.text)
    DMA2_Stream1_IRQHandler                  0x08000243   Thumb Code     0  startup_stm32f405xx.o(.text)
    DMA2_Stream2_IRQHandler                  0x08000243   Thumb Code     0  startup_stm32f405xx.o(.text)
    DMA2_Stream3_IRQHandler                  0x08000243   Thumb Code     0  startup_stm32f405xx.o(.text)
    DMA2_Stream4_IRQHandler                  0x08000243   Thumb Code     0  startup_stm32f405xx.o(.text)
    DMA2_Stream5_IRQHandler                  0x08000243   Thumb Code     0  startup_stm32f405xx.o(.text)
    DMA2_Stream6_IRQHandler                  0x08000243   Thumb Code     0  startup_stm32f405xx.o(.text)
    DMA2_Stream7_IRQHandler                  0x08000243   Thumb Code     0  startup_stm32f405xx.o(.text)
    EXTI0_IRQHandler                         0x08000243   Thumb Code     0  startup_stm32f405xx.o(.text)
    EXTI15_10_IRQHandler                     0x08000243   Thumb Code     0  startup_stm32f405xx.o(.text)
    EXTI1_IRQHandler                         0x08000243   Thumb Code     0  startup_stm32f405xx.o(.text)
    EXTI2_IRQHandler                         0x08000243   Thumb Code     0  startup_stm32f405xx.o(.text)
    EXTI3_IRQHandler                         0x08000243   Thumb Code     0  startup_stm32f405xx.o(.text)
    EXTI4_IRQHandler                         0x08000243   Thumb Code     0  startup_stm32f405xx.o(.text)
    EXTI9_5_IRQHandler                       0x08000243   Thumb Code     0  startup_stm32f405xx.o(.text)
    FLASH_IRQHandler                         0x08000243   Thumb Code     0  startup_stm32f405xx.o(.text)
    FMC_IRQHandler                           0x08000243   Thumb Code     0  startup_stm32f405xx.o(.text)
    FPU_IRQHandler                           0x08000243   Thumb Code     0  startup_stm32f405xx.o(.text)
    HASH_RNG_IRQHandler                      0x08000243   Thumb Code     0  startup_stm32f405xx.o(.text)
    I2C1_ER_IRQHandler                       0x08000243   Thumb Code     0  startup_stm32f405xx.o(.text)
    I2C1_EV_IRQHandler                       0x08000243   Thumb Code     0  startup_stm32f405xx.o(.text)
    I2C2_ER_IRQHandler                       0x08000243   Thumb Code     0  startup_stm32f405xx.o(.text)
    I2C2_EV_IRQHandler                       0x08000243   Thumb Code     0  startup_stm32f405xx.o(.text)
    I2C3_ER_IRQHandler                       0x08000243   Thumb Code     0  startup_stm32f405xx.o(.text)
    I2C3_EV_IRQHandler                       0x08000243   Thumb Code     0  startup_stm32f405xx.o(.text)
    OTG_FS_IRQHandler                        0x08000243   Thumb Code     0  startup_stm32f405xx.o(.text)
    OTG_FS_WKUP_IRQHandler                   0x08000243   Thumb Code     0  startup_stm32f405xx.o(.text)
    OTG_HS_EP1_IN_IRQHandler                 0x08000243   Thumb Code     0  startup_stm32f405xx.o(.text)
    OTG_HS_EP1_OUT_IRQHandler                0x08000243   Thumb Code     0  startup_stm32f405xx.o(.text)
    OTG_HS_IRQHandler                        0x08000243   Thumb Code     0  startup_stm32f405xx.o(.text)
    OTG_HS_WKUP_IRQHandler                   0x08000243   Thumb Code     0  startup_stm32f405xx.o(.text)
    PVD_IRQHandler                           0x08000243   Thumb Code     0  startup_stm32f405xx.o(.text)
    RCC_IRQHandler                           0x08000243   Thumb Code     0  startup_stm32f405xx.o(.text)
    RTC_Alarm_IRQHandler                     0x08000243   Thumb Code     0  startup_stm32f405xx.o(.text)
    RTC_WKUP_IRQHandler                      0x08000243   Thumb Code     0  startup_stm32f405xx.o(.text)
    SDIO_IRQHandler                          0x08000243   Thumb Code     0  startup_stm32f405xx.o(.text)
    SPI1_IRQHandler                          0x08000243   Thumb Code     0  startup_stm32f405xx.o(.text)
    SPI2_IRQHandler                          0x08000243   Thumb Code     0  startup_stm32f405xx.o(.text)
    SPI3_IRQHandler                          0x08000243   Thumb Code     0  startup_stm32f405xx.o(.text)
    TAMP_STAMP_IRQHandler                    0x08000243   Thumb Code     0  startup_stm32f405xx.o(.text)
    TIM1_BRK_TIM9_IRQHandler                 0x08000243   Thumb Code     0  startup_stm32f405xx.o(.text)
    TIM1_CC_IRQHandler                       0x08000243   Thumb Code     0  startup_stm32f405xx.o(.text)
    TIM1_TRG_COM_TIM11_IRQHandler            0x08000243   Thumb Code     0  startup_stm32f405xx.o(.text)
    TIM2_IRQHandler                          0x08000243   Thumb Code     0  startup_stm32f405xx.o(.text)
    TIM3_IRQHandler                          0x08000243   Thumb Code     0  startup_stm32f405xx.o(.text)
    TIM4_IRQHandler                          0x08000243   Thumb Code     0  startup_stm32f405xx.o(.text)
    TIM5_IRQHandler                          0x08000243   Thumb Code     0  startup_stm32f405xx.o(.text)
    TIM6_DAC_IRQHandler                      0x08000243   Thumb Code     0  startup_stm32f405xx.o(.text)
    TIM7_IRQHandler                          0x08000243   Thumb Code     0  startup_stm32f405xx.o(.text)
    TIM8_BRK_TIM12_IRQHandler                0x08000243   Thumb Code     0  startup_stm32f405xx.o(.text)
    TIM8_CC_IRQHandler                       0x08000243   Thumb Code     0  startup_stm32f405xx.o(.text)
    TIM8_TRG_COM_TIM14_IRQHandler            0x08000243   Thumb Code     0  startup_stm32f405xx.o(.text)
    TIM8_UP_TIM13_IRQHandler                 0x08000243   Thumb Code     0  startup_stm32f405xx.o(.text)
    UART4_IRQHandler                         0x08000243   Thumb Code     0  startup_stm32f405xx.o(.text)
    UART5_IRQHandler                         0x08000243   Thumb Code     0  startup_stm32f405xx.o(.text)
    USART1_IRQHandler                        0x08000243   Thumb Code     0  startup_stm32f405xx.o(.text)
    USART2_IRQHandler                        0x08000243   Thumb Code     0  startup_stm32f405xx.o(.text)
    USART3_IRQHandler                        0x08000243   Thumb Code     0  startup_stm32f405xx.o(.text)
    USART6_IRQHandler                        0x08000243   Thumb Code     0  startup_stm32f405xx.o(.text)
    WWDG_IRQHandler                          0x08000243   Thumb Code     0  startup_stm32f405xx.o(.text)
    __user_initial_stackheap                 0x08000245   Thumb Code     0  startup_stm32f405xx.o(.text)
    __aeabi_uldivmod                         0x08000269   Thumb Code     0  lludivv7m.o(.text)
    _ll_udiv                                 0x08000269   Thumb Code   240  lludivv7m.o(.text)
    __aeabi_memcpy4                          0x08000359   Thumb Code     0  rt_memcpy_w.o(.text)
    __aeabi_memcpy8                          0x08000359   Thumb Code     0  rt_memcpy_w.o(.text)
    __rt_memcpy_w                            0x08000359   Thumb Code   100  rt_memcpy_w.o(.text)
    _memcpy_lastbytes_aligned                0x080003a1   Thumb Code     0  rt_memcpy_w.o(.text)
    __aeabi_memclr4                          0x080003bd   Thumb Code     0  rt_memclr_w.o(.text)
    __aeabi_memclr8                          0x080003bd   Thumb Code     0  rt_memclr_w.o(.text)
    __rt_memclr_w                            0x080003bd   Thumb Code    78  rt_memclr_w.o(.text)
    _memset_w                                0x080003c1   Thumb Code     0  rt_memclr_w.o(.text)
    __use_two_region_memory                  0x0800040b   Thumb Code     2  heapauxi.o(.text)
    __rt_heap_escrow$2region                 0x0800040d   Thumb Code     2  heapauxi.o(.text)
    __rt_heap_expand$2region                 0x0800040f   Thumb Code     2  heapauxi.o(.text)
    __read_errno                             0x08000411   Thumb Code    10  _rserrno.o(.text)
    __set_errno                              0x0800041b   Thumb Code    12  _rserrno.o(.text)
    __aeabi_errno_addr                       0x08000429   Thumb Code     8  rt_errno_addr_intlibspace.o(.text)
    __errno$intlibspace                      0x08000429   Thumb Code     0  rt_errno_addr_intlibspace.o(.text)
    __rt_errno_addr$intlibspace              0x08000429   Thumb Code     0  rt_errno_addr_intlibspace.o(.text)
    __user_libspace                          0x08000431   Thumb Code     8  libspace.o(.text)
    __user_perproc_libspace                  0x08000431   Thumb Code     0  libspace.o(.text)
    __user_perthread_libspace                0x08000431   Thumb Code     0  libspace.o(.text)
    __user_setup_stackheap                   0x08000439   Thumb Code    74  sys_stackheap_outer.o(.text)
    exit                                     0x08000483   Thumb Code    18  exit.o(.text)
    _sys_exit                                0x08000495   Thumb Code     8  sys_exit.o(.text)
    __I$use$semihosting                      0x080004a1   Thumb Code     0  use_no_semi.o(.text)
    __use_no_semihosting_swi                 0x080004a1   Thumb Code     2  use_no_semi.o(.text)
    BusFault_Handler                         0x080004a3   Thumb Code     2  stm32f4xx_it.o(.text.BusFault_Handler)
    __semihosting_library_function           0x080004a3   Thumb Code     0  indicate_semi.o(.text)
    DebugMon_Handler                         0x080004a5   Thumb Code     2  stm32f4xx_it.o(.text.DebugMon_Handler)
    Error_Handler                            0x080004a7   Thumb Code     2  sys.o(.text.Error_Handler)
    FLASH_Erase_Sector                       0x080004a9   Thumb Code    56  stm32f4xx_hal_flash_ex.o(.text.FLASH_Erase_Sector)
    FLASH_FlushCaches                        0x080004e1   Thumb Code    84  stm32f4xx_hal_flash_ex.o(.text.FLASH_FlushCaches)
    FLASH_WaitForLastOperation               0x08000641   Thumb Code    84  stm32f4xx_hal_flash.o(.text.FLASH_WaitForLastOperation)
    FastCos                                  0x08000695   Thumb Code    16  fastmath.o(.text.FastCos)
    FastSin                                  0x080006a5   Thumb Code    84  fastmath.o(.text.FastSin)
    HAL_ADCEx_MultiModeConfigChannel         0x080006f9   Thumb Code    76  stm32f4xx_hal_adc_ex.o(.text.HAL_ADCEx_MultiModeConfigChannel)
    HAL_ADC_ConfigChannel                    0x08000745   Thumb Code   232  stm32f4xx_hal_adc.o(.text.HAL_ADC_ConfigChannel)
    HAL_ADC_Init                             0x0800082d   Thumb Code   324  stm32f4xx_hal_adc.o(.text.HAL_ADC_Init)
    HAL_ADC_MspInit                          0x08000971   Thumb Code   216  adc.o(.text.HAL_ADC_MspInit)
    HAL_FLASHEx_Erase                        0x08000a49   Thumb Code   156  stm32f4xx_hal_flash_ex.o(.text.HAL_FLASHEx_Erase)
    HAL_FLASH_Lock                           0x08000ae5   Thumb Code    16  stm32f4xx_hal_flash.o(.text.HAL_FLASH_Lock)
    HAL_FLASH_Program                        0x08000af5   Thumb Code   132  stm32f4xx_hal_flash.o(.text.HAL_FLASH_Program)
    HAL_FLASH_Unlock                         0x08000b79   Thumb Code    40  stm32f4xx_hal_flash.o(.text.HAL_FLASH_Unlock)
    HAL_GPIO_Init                            0x08000ba1   Thumb Code   396  stm32f4xx_hal_gpio.o(.text.HAL_GPIO_Init)
    HAL_GPIO_WritePin                        0x08000d2d   Thumb Code    10  stm32f4xx_hal_gpio.o(.text.HAL_GPIO_WritePin)
    HAL_GetTick                              0x08000d39   Thumb Code     8  stm32f4xx_hal.o(.text.HAL_GetTick)
    HAL_IncTick                              0x08000d41   Thumb Code    20  stm32f4xx_hal.o(.text.HAL_IncTick)
    HAL_Init                                 0x08000d55   Thumb Code    52  stm32f4xx_hal.o(.text.HAL_Init)
    HAL_InitTick                             0x08000d89   Thumb Code    60  stm32f4xx_hal.o(.text.HAL_InitTick)
    HAL_MspInit                              0x08000dc5   Thumb Code    56  stm32f4xx_hal_msp.o(.text.HAL_MspInit)
    HAL_NVIC_EnableIRQ                       0x08000dfd   Thumb Code    28  stm32f4xx_hal_cortex.o(.text.HAL_NVIC_EnableIRQ)
    HAL_NVIC_SetPriority                     0x08000e19   Thumb Code    56  stm32f4xx_hal_cortex.o(.text.HAL_NVIC_SetPriority)
    HAL_NVIC_SetPriorityGrouping             0x08000e51   Thumb Code    32  stm32f4xx_hal_cortex.o(.text.HAL_NVIC_SetPriorityGrouping)
    HAL_RCC_ClockConfig                      0x08000e71   Thumb Code   292  stm32f4xx_hal_rcc.o(.text.HAL_RCC_ClockConfig)
    HAL_RCC_GetSysClockFreq                  0x08000f95   Thumb Code    92  stm32f4xx_hal_rcc.o(.text.HAL_RCC_GetSysClockFreq)
    HAL_RCC_OscConfig                        0x08000ff1   Thumb Code   736  stm32f4xx_hal_rcc.o(.text.HAL_RCC_OscConfig)
    HAL_SPI_Init                             0x080012d1   Thumb Code   120  stm32f4xx_hal_spi.o(.text.HAL_SPI_Init)
    HAL_SPI_MspInit                          0x08001349   Thumb Code   192  spi.o(.text.HAL_SPI_MspInit)
    HAL_SPI_Receive                          0x08001409   Thumb Code   302  stm32f4xx_hal_spi.o(.text.HAL_SPI_Receive)
    HAL_SPI_Transmit                         0x08001537   Thumb Code   348  stm32f4xx_hal_spi.o(.text.HAL_SPI_Transmit)
    HAL_SPI_TransmitReceive                  0x08001693   Thumb Code   464  stm32f4xx_hal_spi.o(.text.HAL_SPI_TransmitReceive)
    HAL_SYSTICK_CLKSourceConfig              0x08001865   Thumb Code    20  stm32f4xx_hal_cortex.o(.text.HAL_SYSTICK_CLKSourceConfig)
    HAL_SYSTICK_Config                       0x08001879   Thumb Code    40  stm32f4xx_hal_cortex.o(.text.HAL_SYSTICK_Config)
    HAL_TIMEx_BreakCallback                  0x080018a1   Thumb Code     2  stm32f4xx_hal_tim_ex.o(.text.HAL_TIMEx_BreakCallback)
    HAL_TIMEx_CommutCallback                 0x080018a3   Thumb Code     2  stm32f4xx_hal_tim_ex.o(.text.HAL_TIMEx_CommutCallback)
    HAL_TIMEx_ConfigBreakDeadTime            0x080018a5   Thumb Code    78  stm32f4xx_hal_tim_ex.o(.text.HAL_TIMEx_ConfigBreakDeadTime)
    HAL_TIMEx_MasterConfigSynchronization    0x080018f3   Thumb Code    58  stm32f4xx_hal_tim_ex.o(.text.HAL_TIMEx_MasterConfigSynchronization)
    HAL_TIM_Base_Start_IT                    0x0800192d   Thumb Code    32  stm32f4xx_hal_tim.o(.text.HAL_TIM_Base_Start_IT)
    HAL_TIM_IC_CaptureCallback               0x0800194d   Thumb Code     2  stm32f4xx_hal_tim.o(.text.HAL_TIM_IC_CaptureCallback)
    HAL_TIM_IRQHandler                       0x0800194f   Thumb Code   364  stm32f4xx_hal_tim.o(.text.HAL_TIM_IRQHandler)
    HAL_TIM_OC_DelayElapsedCallback          0x08001abb   Thumb Code     2  stm32f4xx_hal_tim.o(.text.HAL_TIM_OC_DelayElapsedCallback)
    HAL_TIM_PWM_ConfigChannel                0x08001abd   Thumb Code   156  stm32f4xx_hal_tim.o(.text.HAL_TIM_PWM_ConfigChannel)
    HAL_TIM_PWM_Init                         0x08001b59   Thumb Code    52  stm32f4xx_hal_tim.o(.text.HAL_TIM_PWM_Init)
    HAL_TIM_PWM_MspInit                      0x08001b8d   Thumb Code    44  tim.o(.text.HAL_TIM_PWM_MspInit)
    HAL_TIM_PWM_PulseFinishedCallback        0x08001bb9   Thumb Code     2  stm32f4xx_hal_tim.o(.text.HAL_TIM_PWM_PulseFinishedCallback)
    HAL_TIM_PWM_Start                        0x08001bbd   Thumb Code    60  stm32f4xx_hal_tim.o(.text.HAL_TIM_PWM_Start)
    HAL_TIM_PeriodElapsedCallback            0x08001bf9   Thumb Code     2  stm32f4xx_hal_tim.o(.text.HAL_TIM_PeriodElapsedCallback)
    HAL_TIM_TriggerCallback                  0x08001bfb   Thumb Code     2  stm32f4xx_hal_tim.o(.text.HAL_TIM_TriggerCallback)
    HardFault_Handler                        0x08001bfd   Thumb Code     2  stm32f4xx_it.o(.text.HardFault_Handler)
    LUT_Write                                0x08001c01   Thumb Code    24  position.o(.text.LUT_Write)
    MX_ADC1_Init                             0x08001c19   Thumb Code   144  adc.o(.text.MX_ADC1_Init)
    MX_ADC2_Init                             0x08001ca9   Thumb Code   100  adc.o(.text.MX_ADC2_Init)
    MX_ADC3_Init                             0x08001d0d   Thumb Code   100  adc.o(.text.MX_ADC3_Init)
    MX_SPI1_Init                             0x08001d71   Thumb Code    76  spi.o(.text.MX_SPI1_Init)
    MX_SPI3_Init                             0x08001dbd   Thumb Code    76  spi.o(.text.MX_SPI3_Init)
    MX_TIM1_Init                             0x08001e09   Thumb Code   308  tim.o(.text.MX_TIM1_Init)
    MemManage_Handler                        0x08001f3d   Thumb Code     2  stm32f4xx_it.o(.text.MemManage_Handler)
    NMI_Handler                              0x08001f3f   Thumb Code     2  stm32f4xx_it.o(.text.NMI_Handler)
    PS_Value                                 0x08001f41   Thumb Code   376  position.o(.text.PS_Value)
    PendSV_Handler                           0x080020b9   Thumb Code     2  stm32f4xx_it.o(.text.PendSV_Handler)
    SPI5012_Receive                          0x080020bd   Thumb Code    28  tle5012b.o(.text.SPI5012_Receive)
    SPI5012_Transmit                         0x080020d9   Thumb Code    28  tle5012b.o(.text.SPI5012_Transmit)
    SVC_Handler                              0x080021c3   Thumb Code     2  stm32f4xx_it.o(.text.SVC_Handler)
    SysNVIC_SetPriority                      0x080021c5   Thumb Code    22  sys.o(.text.SysNVIC_SetPriority)
    SysTick_Handler                          0x080021db   Thumb Code     4  stm32f4xx_it.o(.text.SysTick_Handler)
    SystemClock_Config                       0x080021e1   Thumb Code   140  sys.o(.text.SystemClock_Config)
    SystemInit                               0x0800226d   Thumb Code    76  system_stm32f4xx.o(.text.SystemInit)
    TIM1_UP_TIM10_IRQHandler                 0x080022b9   Thumb Code   536  main.o(.text.TIM1_UP_TIM10_IRQHandler)
    TIM_Base_SetConfig                       0x080024d1   Thumb Code   208  stm32f4xx_hal_tim.o(.text.TIM_Base_SetConfig)
    TIM_CCxChannelCmd                        0x080025a1   Thumb Code    30  stm32f4xx_hal_tim.o(.text.TIM_CCxChannelCmd)
    TIM_OC2_SetConfig                        0x08002615   Thumb Code    96  stm32f4xx_hal_tim.o(.text.TIM_OC2_SetConfig)
    TLE5012B_init                            0x08002721   Thumb Code    76  tle5012b.o(.text.TLE5012B_init)
    TLE5012_ReadValue                        0x0800276d   Thumb Code    28  tle5012b.o(.text.TLE5012_ReadValue)
    UsageFault_Handler                       0x08002789   Thumb Code     2  stm32f4xx_it.o(.text.UsageFault_Handler)
    abc                                      0x080027b1   Thumb Code   136  foc.o(.text.abc)
    calibrate                                0x08002839   Thumb Code  1052  calibration.o(.text.calibrate)
    commutate                                0x08002c55   Thumb Code   556  foc.o(.text.commutate)
    delay_init                               0x08002e81   Thumb Code    16  delay.o(.text.delay_init)
    delay_ms                                 0x08002e91   Thumb Code    20  delay.o(.text.delay_ms)
    delay_us                                 0x08002ea5   Thumb Code    52  delay.o(.text.delay_us)
    dq0                                      0x08002ed9   Thumb Code   148  foc.o(.text.dq0)
    drv8323_init                             0x08002f6d   Thumb Code   200  drv8323.o(.text.drv8323_init)
    drv_calibrate                            0x08003071   Thumb Code     8  drv8323.o(.text.drv_calibrate)
    drv_disable_gd                           0x08003079   Thumb Code    24  drv8323.o(.text.drv_disable_gd)
    drv_enable_gd                            0x08003091   Thumb Code    26  drv8323.o(.text.drv_enable_gd)
    flash_load                               0x080030ad   Thumb Code    60  flash.o(.text.flash_load)
    flash_write                              0x080030e9   Thumb Code   184  flash.o(.text.flash_write)
    init_controller_params                   0x080031a1   Thumb Code    24  foc.o(.text.init_controller_params)
    led_Init                                 0x080031b9   Thumb Code   140  led.o(.text.led_Init)
    limit_norm                               0x08003245   Thumb Code   106  fastmath.o(.text.limit_norm)
    main                                     0x080032b1   Thumb Code   172  main.o(.text.main)
    order_phases                             0x0800335d   Thumb Code   416  calibration.o(.text.order_phases)
    reset_foc                                0x080034fd   Thumb Code    36  foc.o(.text.reset_foc)
    reset_observer                           0x08003521   Thumb Code    24  foc.o(.text.reset_observer)
    svm                                      0x08003539   Thumb Code   256  foc.o(.text.svm)
    zero_current                             0x08003639   Thumb Code   108  foc.o(.text.zero_current)
    __ARM_fpclassify                         0x080036a5   Thumb Code    48  fpclassify.o(i.__ARM_fpclassify)
    __hardfp_fmaxf                           0x080036d5   Thumb Code    72  fmaxf.o(i.__hardfp_fmaxf)
    __hardfp_fminf                           0x0800371d   Thumb Code    72  fminf.o(i.__hardfp_fminf)
    __hardfp_fmod                            0x08003765   Thumb Code   254  fmod.o(i.__hardfp_fmod)
    __hardfp_pow                             0x08003869   Thumb Code  3072  pow.o(i.__hardfp_pow)
    __hardfp_sqrt                            0x080044b9   Thumb Code   122  sqrt.o(i.__hardfp_sqrt)
    __kernel_poly                            0x08004533   Thumb Code   248  poly.o(i.__kernel_poly)
    __mathlib_dbl_divzero                    0x08004631   Thumb Code    28  dunder.o(i.__mathlib_dbl_divzero)
    __mathlib_dbl_infnan2                    0x08004661   Thumb Code    20  dunder.o(i.__mathlib_dbl_infnan2)
    __mathlib_dbl_invalid                    0x08004679   Thumb Code    24  dunder.o(i.__mathlib_dbl_invalid)
    __mathlib_dbl_overflow                   0x08004699   Thumb Code    24  dunder.o(i.__mathlib_dbl_overflow)
    __mathlib_dbl_underflow                  0x080046b9   Thumb Code    24  dunder.o(i.__mathlib_dbl_underflow)
    fabs                                     0x080046d9   Thumb Code    24  fabs.o(i.fabs)
    sqrt                                     0x080046f1   Thumb Code   110  sqrt.o(i.sqrt)
    __aeabi_dneg                             0x0800475f   Thumb Code     0  basic.o(x$fpl$basic)
    _dneg                                    0x0800475f   Thumb Code     6  basic.o(x$fpl$basic)
    __aeabi_fneg                             0x08004765   Thumb Code     0  basic.o(x$fpl$basic)
    _fneg                                    0x08004765   Thumb Code     6  basic.o(x$fpl$basic)
    _dabs                                    0x0800476b   Thumb Code     6  basic.o(x$fpl$basic)
    _fabs                                    0x08004771   Thumb Code     6  basic.o(x$fpl$basic)
    __aeabi_d2f                              0x08004779   Thumb Code     0  d2f.o(x$fpl$d2f)
    _d2f                                     0x08004779   Thumb Code    98  d2f.o(x$fpl$d2f)
    __aeabi_dadd                             0x080047dd   Thumb Code     0  daddsub_clz.o(x$fpl$dadd)
    _dadd                                    0x080047dd   Thumb Code   332  daddsub_clz.o(x$fpl$dadd)
    __fpl_dcheck_NaN1                        0x0800492d   Thumb Code    10  dcheck1.o(x$fpl$dcheck1)
    __fpl_dcmp_Inf                           0x0800493d   Thumb Code    24  dcmpi.o(x$fpl$dcmpinf)
    __aeabi_ddiv                             0x08004955   Thumb Code     0  ddiv.o(x$fpl$ddiv)
    _ddiv                                    0x08004955   Thumb Code   552  ddiv.o(x$fpl$ddiv)
    __aeabi_i2d                              0x08004c05   Thumb Code     0  dflt_clz.o(x$fpl$dflt)
    _dflt                                    0x08004c05   Thumb Code    46  dflt_clz.o(x$fpl$dflt)
    __aeabi_cdcmple                          0x08004c35   Thumb Code     0  dleqf.o(x$fpl$dleqf)
    _dcmple                                  0x08004c35   Thumb Code   120  dleqf.o(x$fpl$dleqf)
    __fpl_dcmple_InfNaN                      0x08004c97   Thumb Code     0  dleqf.o(x$fpl$dleqf)
    __aeabi_dmul                             0x08004cad   Thumb Code     0  dmul.o(x$fpl$dmul)
    _dmul                                    0x08004cad   Thumb Code   332  dmul.o(x$fpl$dmul)
    __fpl_dnaninf                            0x08004e01   Thumb Code   156  dnaninf.o(x$fpl$dnaninf)
    _drem                                    0x08004e9d   Thumb Code   328  drem_clz.o(x$fpl$drem)
    __fpl_dretinf                            0x08004fed   Thumb Code    12  dretinf.o(x$fpl$dretinf)
    __aeabi_cdrcmple                         0x08004ff9   Thumb Code     0  drleqf.o(x$fpl$drleqf)
    _drcmple                                 0x08004ff9   Thumb Code   108  drleqf.o(x$fpl$drleqf)
    __aeabi_drsub                            0x08005065   Thumb Code     0  daddsub_clz.o(x$fpl$drsb)
    _drsb                                    0x08005065   Thumb Code    22  daddsub_clz.o(x$fpl$drsb)
    _dsqrt                                   0x0800507d   Thumb Code   404  dsqrt_umaal.o(x$fpl$dsqrt)
    __aeabi_dsub                             0x08005215   Thumb Code     0  daddsub_clz.o(x$fpl$dsub)
    _dsub                                    0x08005215   Thumb Code   464  daddsub_clz.o(x$fpl$dsub)
    __aeabi_f2d                              0x080053e9   Thumb Code     0  f2d.o(x$fpl$f2d)
    _f2d                                     0x080053e9   Thumb Code    86  f2d.o(x$fpl$f2d)
    __fcmp4                                  0x08005441   Thumb Code    24  fcmp4.o(x$fpl$fcmp4)
    __ARM_fcmp4                              0x08005459   Thumb Code     0  fcmp4.o(x$fpl$fcmp4)
    _fcmp4                                   0x08005459   Thumb Code    58  fcmp4.o(x$fpl$fcmp4)
    __fpl_fcmp_Inf                           0x08005493   Thumb Code    24  fcmpi.o(x$fpl$fcmpinf)
    __fpl_fnaninf                            0x080054ab   Thumb Code   140  fnaninf.o(x$fpl$fnaninf)
    _fp_init                                 0x08005537   Thumb Code    26  fpinit.o(x$fpl$fpinit)
    __fplib_config_fpu_vfp                   0x0800554f   Thumb Code     0  fpinit.o(x$fpl$fpinit)
    __fplib_config_pureend_doubles           0x0800554f   Thumb Code     0  fpinit.o(x$fpl$fpinit)
    __fpl_fretinf                            0x08005551   Thumb Code    10  fretinf.o(x$fpl$fretinf)
    __fpl_return_NaN                         0x0800555b   Thumb Code   100  retnan.o(x$fpl$retnan)
    __ARM_scalbn                             0x080055bf   Thumb Code    92  scalbn.o(x$fpl$scalbn)
    __fpl_cmpreturn                          0x0800561b   Thumb Code    48  trapv.o(x$fpl$trapveneer)
    __I$use$fp                               0x0800564a   Number         0  usenofp.o(x$fpl$usenofp)
    __mathlib_zero                           0x080056d8   Data           8  qnan.o(.constdata)
    AHBPrescTable                            0x080056e0   Data          16  system_stm32f4xx.o(.rodata.AHBPrescTable)
    SinTable                                 0x080056f0   Data        2048  fastmath.o(.rodata.SinTable)
    Region$$Table$$Base                      0x08005ef0   Number         0  anon$$obj.o(Region$$Table)
    Region$$Table$$Limit                     0x08005f10   Number         0  anon$$obj.o(Region$$Table)
    uwTickFreq                               0x20000000   Data           1  stm32f4xx_hal.o(.data..L_MergedGlobals)
    uwTickPrio                               0x20000004   Data           4  stm32f4xx_hal.o(.data..L_MergedGlobals)
    SystemCoreClock                          0x20000008   Data           4  system_stm32f4xx.o(.data.SystemCoreClock)
    __libspace_start                         0x20000010   Data          96  libspace.o(.bss)
    __temporary_stack_top$libspace           0x20000070   Data           0  libspace.o(.bss)
    state                                    0x20000070   Data           1  main.o(.bss..L_MergedGlobals)
    statef                                   0x20000071   Data           1  main.o(.bss..L_MergedGlobals)
    state_change                             0x20000072   Data           1  main.o(.bss..L_MergedGlobals)
    PS                                       0x20000074   Data         724  position.o(.bss.PS)
    __float_reg                              0x20000348   Data         256  main.o(.bss.__float_reg)
    __int_reg                                0x20000448   Data        1024  main.o(.bss.__int_reg)
    controller                               0x20008048   Data         704  foc.o(.bss.controller)
    hadc1                                    0x2000830c   Data          72  adc.o(.bss.hadc1)
    hadc2                                    0x20008354   Data          72  adc.o(.bss.hadc2)
    hadc3                                    0x2000839c   Data          72  adc.o(.bss.hadc3)
    hspi1                                    0x200083e4   Data          88  spi.o(.bss.hspi1)
    hspi3                                    0x2000843c   Data          88  spi.o(.bss.hspi3)
    htim1                                    0x20008494   Data          64  tim.o(.bss.htim1)
    observer                                 0x200084d8   Data          24  foc.o(.bss.observer)
    pFlash                                   0x200084f0   Data          32  stm32f4xx_hal_flash.o(.bss.pFlash)
    sectorError                              0x20008510   Data           4  flash.o(.bss.sectorError)
    uwTick                                   0x20008514   Data           4  stm32f4xx_hal.o(.bss.uwTick)



==============================================================================

Memory Map of the image

  Image Entry point : 0x08000189

  Load Region LR_IROM1 (Base: 0x08000000, Size: 0x00005f20, Max: 0x00100000, ABSOLUTE)

    Execution Region ER_IROM1 (Exec base: 0x08000000, Load base: 0x08000000, Size: 0x00005f10, Max: 0x00100000, ABSOLUTE)

    Exec Addr    Load Addr    Size         Type   Attr      Idx    E Section Name        Object

    0x08000000   0x08000000   0x00000188   Data   RO           36    RESET               startup_stm32f405xx.o
    0x08000188   0x08000188   0x00000008   Code   RO         1379  * !!!main             c_w.l(__main.o)
    0x08000190   0x08000190   0x00000034   Code   RO         1699    !!!scatter          c_w.l(__scatter.o)
    0x080001c4   0x080001c4   0x0000001a   Code   RO         1701    !!handler_copy      c_w.l(__scatter_copy.o)
    0x080001de   0x080001de   0x00000002   PAD
    0x080001e0   0x080001e0   0x0000001c   Code   RO         1703    !!handler_zi        c_w.l(__scatter_zi.o)
    0x080001fc   0x080001fc   0x00000002   Code   RO         1562    .ARM.Collect$$libinit$$00000000  c_w.l(libinit.o)
    0x080001fe   0x080001fe   0x00000004   Code   RO         1573    .ARM.Collect$$libinit$$00000001  c_w.l(libinit2.o)
    0x08000202   0x08000202   0x00000000   Code   RO         1576    .ARM.Collect$$libinit$$00000004  c_w.l(libinit2.o)
    0x08000202   0x08000202   0x00000000   Code   RO         1579    .ARM.Collect$$libinit$$0000000A  c_w.l(libinit2.o)
    0x08000202   0x08000202   0x00000000   Code   RO         1581    .ARM.Collect$$libinit$$0000000C  c_w.l(libinit2.o)
    0x08000202   0x08000202   0x00000000   Code   RO         1583    .ARM.Collect$$libinit$$0000000E  c_w.l(libinit2.o)
    0x08000202   0x08000202   0x00000000   Code   RO         1586    .ARM.Collect$$libinit$$00000011  c_w.l(libinit2.o)
    0x08000202   0x08000202   0x00000000   Code   RO         1588    .ARM.Collect$$libinit$$00000013  c_w.l(libinit2.o)
    0x08000202   0x08000202   0x00000000   Code   RO         1590    .ARM.Collect$$libinit$$00000015  c_w.l(libinit2.o)
    0x08000202   0x08000202   0x00000000   Code   RO         1592    .ARM.Collect$$libinit$$00000017  c_w.l(libinit2.o)
    0x08000202   0x08000202   0x00000000   Code   RO         1594    .ARM.Collect$$libinit$$00000019  c_w.l(libinit2.o)
    0x08000202   0x08000202   0x00000000   Code   RO         1596    .ARM.Collect$$libinit$$0000001B  c_w.l(libinit2.o)
    0x08000202   0x08000202   0x00000000   Code   RO         1598    .ARM.Collect$$libinit$$0000001D  c_w.l(libinit2.o)
    0x08000202   0x08000202   0x00000000   Code   RO         1600    .ARM.Collect$$libinit$$0000001F  c_w.l(libinit2.o)
    0x08000202   0x08000202   0x00000000   Code   RO         1602    .ARM.Collect$$libinit$$00000021  c_w.l(libinit2.o)
    0x08000202   0x08000202   0x00000000   Code   RO         1604    .ARM.Collect$$libinit$$00000023  c_w.l(libinit2.o)
    0x08000202   0x08000202   0x00000000   Code   RO         1606    .ARM.Collect$$libinit$$00000025  c_w.l(libinit2.o)
    0x08000202   0x08000202   0x00000000   Code   RO         1610    .ARM.Collect$$libinit$$0000002C  c_w.l(libinit2.o)
    0x08000202   0x08000202   0x00000000   Code   RO         1612    .ARM.Collect$$libinit$$0000002E  c_w.l(libinit2.o)
    0x08000202   0x08000202   0x00000000   Code   RO         1614    .ARM.Collect$$libinit$$00000030  c_w.l(libinit2.o)
    0x08000202   0x08000202   0x00000000   Code   RO         1616    .ARM.Collect$$libinit$$00000032  c_w.l(libinit2.o)
    0x08000202   0x08000202   0x00000002   Code   RO         1617    .ARM.Collect$$libinit$$00000033  c_w.l(libinit2.o)
    0x08000204   0x08000204   0x00000002   Code   RO         1654    .ARM.Collect$$libshutdown$$00000000  c_w.l(libshutdown.o)
    0x08000206   0x08000206   0x00000000   Code   RO         1682    .ARM.Collect$$libshutdown$$00000002  c_w.l(libshutdown2.o)
    0x08000206   0x08000206   0x00000000   Code   RO         1684    .ARM.Collect$$libshutdown$$00000004  c_w.l(libshutdown2.o)
    0x08000206   0x08000206   0x00000000   Code   RO         1687    .ARM.Collect$$libshutdown$$00000007  c_w.l(libshutdown2.o)
    0x08000206   0x08000206   0x00000000   Code   RO         1690    .ARM.Collect$$libshutdown$$0000000A  c_w.l(libshutdown2.o)
    0x08000206   0x08000206   0x00000000   Code   RO         1692    .ARM.Collect$$libshutdown$$0000000C  c_w.l(libshutdown2.o)
    0x08000206   0x08000206   0x00000000   Code   RO         1695    .ARM.Collect$$libshutdown$$0000000F  c_w.l(libshutdown2.o)
    0x08000206   0x08000206   0x00000002   Code   RO         1696    .ARM.Collect$$libshutdown$$00000010  c_w.l(libshutdown2.o)
    0x08000208   0x08000208   0x00000000   Code   RO         1449    .ARM.Collect$$rtentry$$00000000  c_w.l(__rtentry.o)
    0x08000208   0x08000208   0x00000000   Code   RO         1519    .ARM.Collect$$rtentry$$00000002  c_w.l(__rtentry2.o)
    0x08000208   0x08000208   0x00000006   Code   RO         1531    .ARM.Collect$$rtentry$$00000004  c_w.l(__rtentry4.o)
    0x0800020e   0x0800020e   0x00000000   Code   RO         1521    .ARM.Collect$$rtentry$$00000009  c_w.l(__rtentry2.o)
    0x0800020e   0x0800020e   0x00000004   Code   RO         1522    .ARM.Collect$$rtentry$$0000000A  c_w.l(__rtentry2.o)
    0x08000212   0x08000212   0x00000000   Code   RO         1524    .ARM.Collect$$rtentry$$0000000C  c_w.l(__rtentry2.o)
    0x08000212   0x08000212   0x00000008   Code   RO         1525    .ARM.Collect$$rtentry$$0000000D  c_w.l(__rtentry2.o)
    0x0800021a   0x0800021a   0x00000002   Code   RO         1565    .ARM.Collect$$rtexit$$00000000  c_w.l(rtexit.o)
    0x0800021c   0x0800021c   0x00000000   Code   RO         1625    .ARM.Collect$$rtexit$$00000002  c_w.l(rtexit2.o)
    0x0800021c   0x0800021c   0x00000004   Code   RO         1626    .ARM.Collect$$rtexit$$00000003  c_w.l(rtexit2.o)
    0x08000220   0x08000220   0x00000006   Code   RO         1627    .ARM.Collect$$rtexit$$00000004  c_w.l(rtexit2.o)
    0x08000226   0x08000226   0x00000002   PAD
    0x08000228   0x08000228   0x00000040   Code   RO           37    .text               startup_stm32f405xx.o
    0x08000268   0x08000268   0x000000f0   Code   RO         1371    .text               c_w.l(lludivv7m.o)
    0x08000358   0x08000358   0x00000064   Code   RO         1373    .text               c_w.l(rt_memcpy_w.o)
    0x080003bc   0x080003bc   0x0000004e   Code   RO         1375    .text               c_w.l(rt_memclr_w.o)
    0x0800040a   0x0800040a   0x00000006   Code   RO         1377    .text               c_w.l(heapauxi.o)
    0x08000410   0x08000410   0x00000016   Code   RO         1454    .text               c_w.l(_rserrno.o)
    0x08000426   0x08000426   0x00000002   PAD
    0x08000428   0x08000428   0x00000008   Code   RO         1538    .text               c_w.l(rt_errno_addr_intlibspace.o)
    0x08000430   0x08000430   0x00000008   Code   RO         1546    .text               c_w.l(libspace.o)
    0x08000438   0x08000438   0x0000004a   Code   RO         1549    .text               c_w.l(sys_stackheap_outer.o)
    0x08000482   0x08000482   0x00000012   Code   RO         1551    .text               c_w.l(exit.o)
    0x08000494   0x08000494   0x0000000c   Code   RO         1620    .text               c_w.l(sys_exit.o)
    0x080004a0   0x080004a0   0x00000002   Code   RO         1643    .text               c_w.l(use_no_semi.o)
    0x080004a2   0x080004a2   0x00000000   Code   RO         1645    .text               c_w.l(indicate_semi.o)
    0x080004a2   0x080004a2   0x00000002   Code   RO           75    .text.BusFault_Handler  stm32f4xx_it.o
    0x080004a4   0x080004a4   0x00000002   Code   RO           81    .text.DebugMon_Handler  stm32f4xx_it.o
    0x080004a6   0x080004a6   0x00000002   Code   RO          148    .text.Error_Handler  sys.o
    0x080004a8   0x080004a8   0x00000038   Code   RO         1195    .text.FLASH_Erase_Sector  stm32f4xx_hal_flash_ex.o
    0x080004e0   0x080004e0   0x00000054   Code   RO         1197    .text.FLASH_FlushCaches  stm32f4xx_hal_flash_ex.o
    0x08000534   0x08000534   0x00000020   Code   RO         1193    .text.FLASH_MassErase  stm32f4xx_hal_flash_ex.o
    0x08000554   0x08000554   0x0000001c   Code   RO          563    .text.FLASH_Program_Byte  stm32f4xx_hal_flash.o
    0x08000570   0x08000570   0x00000024   Code   RO          569    .text.FLASH_Program_DoubleWord  stm32f4xx_hal_flash.o
    0x08000594   0x08000594   0x00000020   Code   RO          565    .text.FLASH_Program_HalfWord  stm32f4xx_hal_flash.o
    0x080005b4   0x080005b4   0x00000024   Code   RO          567    .text.FLASH_Program_Word  stm32f4xx_hal_flash.o
    0x080005d8   0x080005d8   0x00000068   Code   RO          575    .text.FLASH_SetErrorCode  stm32f4xx_hal_flash.o
    0x08000640   0x08000640   0x00000054   Code   RO          561    .text.FLASH_WaitForLastOperation  stm32f4xx_hal_flash.o
    0x08000694   0x08000694   0x00000010   Code   RO         1216    .text.FastCos       fastmath.o
    0x080006a4   0x080006a4   0x00000054   Code   RO         1214    .text.FastSin       fastmath.o
    0x080006f8   0x080006f8   0x0000004c   Code   RO          388    .text.HAL_ADCEx_MultiModeConfigChannel  stm32f4xx_hal_adc_ex.o
    0x08000744   0x08000744   0x000000e8   Code   RO          343    .text.HAL_ADC_ConfigChannel  stm32f4xx_hal_adc.o
    0x0800082c   0x0800082c   0x00000144   Code   RO          301    .text.HAL_ADC_Init  stm32f4xx_hal_adc.o
    0x08000970   0x08000970   0x000000d8   Code   RO          101    .text.HAL_ADC_MspInit  adc.o
    0x08000a48   0x08000a48   0x0000009c   Code   RO         1191    .text.HAL_FLASHEx_Erase  stm32f4xx_hal_flash_ex.o
    0x08000ae4   0x08000ae4   0x00000010   Code   RO          583    .text.HAL_FLASH_Lock  stm32f4xx_hal_flash.o
    0x08000af4   0x08000af4   0x00000084   Code   RO          559    .text.HAL_FLASH_Program  stm32f4xx_hal_flash.o
    0x08000b78   0x08000b78   0x00000028   Code   RO          581    .text.HAL_FLASH_Unlock  stm32f4xx_hal_flash.o
    0x08000ba0   0x08000ba0   0x0000018c   Code   RO          603    .text.HAL_GPIO_Init  stm32f4xx_hal_gpio.o
    0x08000d2c   0x08000d2c   0x0000000a   Code   RO          609    .text.HAL_GPIO_WritePin  stm32f4xx_hal_gpio.o
    0x08000d36   0x08000d36   0x00000002   PAD
    0x08000d38   0x08000d38   0x00000008   Code   RO          199    .text.HAL_GetTick   stm32f4xx_hal.o
    0x08000d40   0x08000d40   0x00000014   Code   RO          197    .text.HAL_IncTick   stm32f4xx_hal.o
    0x08000d54   0x08000d54   0x00000034   Code   RO          187    .text.HAL_Init      stm32f4xx_hal.o
    0x08000d88   0x08000d88   0x0000003c   Code   RO          189    .text.HAL_InitTick  stm32f4xx_hal.o
    0x08000dc4   0x08000dc4   0x00000038   Code   RO           44    .text.HAL_MspInit   stm32f4xx_hal_msp.o
    0x08000dfc   0x08000dfc   0x0000001c   Code   RO          258    .text.HAL_NVIC_EnableIRQ  stm32f4xx_hal_cortex.o
    0x08000e18   0x08000e18   0x00000038   Code   RO          254    .text.HAL_NVIC_SetPriority  stm32f4xx_hal_cortex.o
    0x08000e50   0x08000e50   0x00000020   Code   RO          252    .text.HAL_NVIC_SetPriorityGrouping  stm32f4xx_hal_cortex.o
    0x08000e70   0x08000e70   0x00000124   Code   RO          632    .text.HAL_RCC_ClockConfig  stm32f4xx_hal_rcc.o
    0x08000f94   0x08000f94   0x0000005c   Code   RO          634    .text.HAL_RCC_GetSysClockFreq  stm32f4xx_hal_rcc.o
    0x08000ff0   0x08000ff0   0x000002e0   Code   RO          630    .text.HAL_RCC_OscConfig  stm32f4xx_hal_rcc.o
    0x080012d0   0x080012d0   0x00000078   Code   RO          665    .text.HAL_SPI_Init  stm32f4xx_hal_spi.o
    0x08001348   0x08001348   0x000000c0   Code   RO          133    .text.HAL_SPI_MspInit  spi.o
    0x08001408   0x08001408   0x0000012e   Code   RO          677    .text.HAL_SPI_Receive  stm32f4xx_hal_spi.o
    0x08001536   0x08001536   0x0000015c   Code   RO          673    .text.HAL_SPI_Transmit  stm32f4xx_hal_spi.o
    0x08001692   0x08001692   0x000001d0   Code   RO          679    .text.HAL_SPI_TransmitReceive  stm32f4xx_hal_spi.o
    0x08001862   0x08001862   0x00000002   PAD
    0x08001864   0x08001864   0x00000014   Code   RO          286    .text.HAL_SYSTICK_CLKSourceConfig  stm32f4xx_hal_cortex.o
    0x08001878   0x08001878   0x00000028   Code   RO          266    .text.HAL_SYSTICK_Config  stm32f4xx_hal_cortex.o
    0x080018a0   0x080018a0   0x00000002   Code   RO         1178    .text.HAL_TIMEx_BreakCallback  stm32f4xx_hal_tim_ex.o
    0x080018a2   0x080018a2   0x00000002   Code   RO         1174    .text.HAL_TIMEx_CommutCallback  stm32f4xx_hal_tim_ex.o
    0x080018a4   0x080018a4   0x0000004e   Code   RO         1170    .text.HAL_TIMEx_ConfigBreakDeadTime  stm32f4xx_hal_tim_ex.o
    0x080018f2   0x080018f2   0x0000003a   Code   RO         1168    .text.HAL_TIMEx_MasterConfigSynchronization  stm32f4xx_hal_tim_ex.o
    0x0800192c   0x0800192c   0x00000020   Code   RO          798    .text.HAL_TIM_Base_Start_IT  stm32f4xx_hal_tim.o
    0x0800194c   0x0800194c   0x00000002   Code   RO          920    .text.HAL_TIM_IC_CaptureCallback  stm32f4xx_hal_tim.o
    0x0800194e   0x0800194e   0x0000016c   Code   RO          918    .text.HAL_TIM_IRQHandler  stm32f4xx_hal_tim.o
    0x08001aba   0x08001aba   0x00000002   Code   RO          922    .text.HAL_TIM_OC_DelayElapsedCallback  stm32f4xx_hal_tim.o
    0x08001abc   0x08001abc   0x0000009c   Code   RO          946    .text.HAL_TIM_PWM_ConfigChannel  stm32f4xx_hal_tim.o
    0x08001b58   0x08001b58   0x00000034   Code   RO          838    .text.HAL_TIM_PWM_Init  stm32f4xx_hal_tim.o
    0x08001b8c   0x08001b8c   0x0000002c   Code   RO          168    .text.HAL_TIM_PWM_MspInit  tim.o
    0x08001bb8   0x08001bb8   0x00000002   Code   RO          924    .text.HAL_TIM_PWM_PulseFinishedCallback  stm32f4xx_hal_tim.o
    0x08001bba   0x08001bba   0x00000002   PAD
    0x08001bbc   0x08001bbc   0x0000003c   Code   RO          846    .text.HAL_TIM_PWM_Start  stm32f4xx_hal_tim.o
    0x08001bf8   0x08001bf8   0x00000002   Code   RO          926    .text.HAL_TIM_PeriodElapsedCallback  stm32f4xx_hal_tim.o
    0x08001bfa   0x08001bfa   0x00000002   Code   RO          928    .text.HAL_TIM_TriggerCallback  stm32f4xx_hal_tim.o
    0x08001bfc   0x08001bfc   0x00000002   Code   RO           71    .text.HardFault_Handler  stm32f4xx_it.o
    0x08001bfe   0x08001bfe   0x00000002   PAD
    0x08001c00   0x08001c00   0x00000018   Code   RO         1326    .text.LUT_Write     position.o
    0x08001c18   0x08001c18   0x00000090   Code   RO           95    .text.MX_ADC1_Init  adc.o
    0x08001ca8   0x08001ca8   0x00000064   Code   RO           97    .text.MX_ADC2_Init  adc.o
    0x08001d0c   0x08001d0c   0x00000064   Code   RO           99    .text.MX_ADC3_Init  adc.o
    0x08001d70   0x08001d70   0x0000004c   Code   RO          129    .text.MX_SPI1_Init  spi.o
    0x08001dbc   0x08001dbc   0x0000004c   Code   RO          131    .text.MX_SPI3_Init  spi.o
    0x08001e08   0x08001e08   0x00000134   Code   RO          164    .text.MX_TIM1_Init  tim.o
    0x08001f3c   0x08001f3c   0x00000002   Code   RO           73    .text.MemManage_Handler  stm32f4xx_it.o
    0x08001f3e   0x08001f3e   0x00000002   Code   RO           69    .text.NMI_Handler   stm32f4xx_it.o
    0x08001f40   0x08001f40   0x00000178   Code   RO         1324    .text.PS_Value      position.o
    0x080020b8   0x080020b8   0x00000002   Code   RO           83    .text.PendSV_Handler  stm32f4xx_it.o
    0x080020ba   0x080020ba   0x00000002   PAD
    0x080020bc   0x080020bc   0x0000001c   Code   RO         1307    .text.SPI5012_Receive  tle5012b.o
    0x080020d8   0x080020d8   0x0000001c   Code   RO         1305    .text.SPI5012_Transmit  tle5012b.o
    0x080020f4   0x080020f4   0x0000003e   Code   RO          681    .text.SPI_EndRxTransaction  stm32f4xx_hal_spi.o
    0x08002132   0x08002132   0x0000001c   Code   RO          675    .text.SPI_EndRxTxTransaction  stm32f4xx_hal_spi.o
    0x0800214e   0x0800214e   0x00000074   Code   RO          773    .text.SPI_WaitFlagStateUntilTimeout  stm32f4xx_hal_spi.o
    0x080021c2   0x080021c2   0x00000002   Code   RO           79    .text.SVC_Handler   stm32f4xx_it.o
    0x080021c4   0x080021c4   0x00000016   Code   RO          154    .text.SysNVIC_SetPriority  sys.o
    0x080021da   0x080021da   0x00000004   Code   RO           85    .text.SysTick_Handler  stm32f4xx_it.o
    0x080021de   0x080021de   0x00000002   PAD
    0x080021e0   0x080021e0   0x0000008c   Code   RO          152    .text.SystemClock_Config  sys.o
    0x0800226c   0x0800226c   0x0000004c   Code   RO           53    .text.SystemInit    system_stm32f4xx.o
    0x080022b8   0x080022b8   0x00000218   Code   RO           20    .text.TIM1_UP_TIM10_IRQHandler  main.o
    0x080024d0   0x080024d0   0x000000d0   Code   RO          788    .text.TIM_Base_SetConfig  stm32f4xx_hal_tim.o
    0x080025a0   0x080025a0   0x0000001e   Code   RO          822    .text.TIM_CCxChannelCmd  stm32f4xx_hal_tim.o
    0x080025be   0x080025be   0x00000002   PAD
    0x080025c0   0x080025c0   0x00000054   Code   RO          932    .text.TIM_OC1_SetConfig  stm32f4xx_hal_tim.o
    0x08002614   0x08002614   0x00000060   Code   RO          934    .text.TIM_OC2_SetConfig  stm32f4xx_hal_tim.o
    0x08002674   0x08002674   0x00000064   Code   RO          936    .text.TIM_OC3_SetConfig  stm32f4xx_hal_tim.o
    0x080026d8   0x080026d8   0x00000048   Code   RO          938    .text.TIM_OC4_SetConfig  stm32f4xx_hal_tim.o
    0x08002720   0x08002720   0x0000004c   Code   RO         1311    .text.TLE5012B_init  tle5012b.o
    0x0800276c   0x0800276c   0x0000001c   Code   RO         1309    .text.TLE5012_ReadValue  tle5012b.o
    0x08002788   0x08002788   0x00000002   Code   RO           77    .text.UsageFault_Handler  stm32f4xx_it.o
    0x0800278a   0x0800278a   0x00000002   PAD
    0x0800278c   0x0800278c   0x00000024   Code   RO          256    .text.__NVIC_SetPriority  stm32f4xx_hal_cortex.o
    0x080027b0   0x080027b0   0x00000088   Code   RO         1274    .text.abc           foc.o
    0x08002838   0x08002838   0x0000041c   Code   RO         1354    .text.calibrate     calibration.o
    0x08002c54   0x08002c54   0x0000022c   Code   RO         1290    .text.commutate     foc.o
    0x08002e80   0x08002e80   0x00000010   Code   RO            2    .text.delay_init    delay.o
    0x08002e90   0x08002e90   0x00000014   Code   RO            6    .text.delay_ms      delay.o
    0x08002ea4   0x08002ea4   0x00000034   Code   RO            4    .text.delay_us      delay.o
    0x08002ed8   0x08002ed8   0x00000094   Code   RO         1278    .text.dq0           foc.o
    0x08002f6c   0x08002f6c   0x000000c8   Code   RO         1263    .text.drv8323_init  drv8323.o
    0x08003034   0x08003034   0x0000003c   Code   RO         1239    .text.drv8323_write  drv8323.o
    0x08003070   0x08003070   0x00000008   Code   RO         1261    .text.drv_calibrate  drv8323.o
    0x08003078   0x08003078   0x00000018   Code   RO         1259    .text.drv_disable_gd  drv8323.o
    0x08003090   0x08003090   0x0000001a   Code   RO         1257    .text.drv_enable_gd  drv8323.o
    0x080030aa   0x080030aa   0x00000002   PAD
    0x080030ac   0x080030ac   0x0000003c   Code   RO         1338    .text.flash_load    flash.o
    0x080030e8   0x080030e8   0x000000b8   Code   RO         1340    .text.flash_write   flash.o
    0x080031a0   0x080031a0   0x00000018   Code   RO         1284    .text.init_controller_params  foc.o
    0x080031b8   0x080031b8   0x0000008c   Code   RO          119    .text.led_Init      led.o
    0x08003244   0x08003244   0x0000006a   Code   RO         1220    .text.limit_norm    fastmath.o
    0x080032ae   0x080032ae   0x00000002   PAD
    0x080032b0   0x080032b0   0x000000ac   Code   RO           18    .text.main          main.o
    0x0800335c   0x0800335c   0x000001a0   Code   RO         1352    .text.order_phases  calibration.o
    0x080034fc   0x080034fc   0x00000024   Code   RO         1286    .text.reset_foc     foc.o
    0x08003520   0x08003520   0x00000018   Code   RO         1288    .text.reset_observer  foc.o
    0x08003538   0x08003538   0x00000100   Code   RO         1276    .text.svm           foc.o
    0x08003638   0x08003638   0x0000006c   Code   RO         1280    .text.zero_current  foc.o
    0x080036a4   0x080036a4   0x00000030   Code   RO         1513    i.__ARM_fpclassify  m_wm.l(fpclassify.o)
    0x080036d4   0x080036d4   0x00000048   Code   RO         1441    i.__hardfp_fmaxf    m_wm.l(fmaxf.o)
    0x0800371c   0x0800371c   0x00000048   Code   RO         1445    i.__hardfp_fminf    m_wm.l(fminf.o)
    0x08003764   0x08003764   0x00000104   Code   RO         1403    i.__hardfp_fmod     m_wm.l(fmod.o)
    0x08003868   0x08003868   0x00000c50   Code   RO         1415    i.__hardfp_pow      m_wm.l(pow.o)
    0x080044b8   0x080044b8   0x0000007a   Code   RO         1429    i.__hardfp_sqrt     m_wm.l(sqrt.o)
    0x08004532   0x08004532   0x000000f8   Code   RO         1515    i.__kernel_poly     m_wm.l(poly.o)
    0x0800462a   0x0800462a   0x00000006   PAD
    0x08004630   0x08004630   0x00000030   Code   RO         1493    i.__mathlib_dbl_divzero  m_wm.l(dunder.o)
    0x08004660   0x08004660   0x00000014   Code   RO         1495    i.__mathlib_dbl_infnan2  m_wm.l(dunder.o)
    0x08004674   0x08004674   0x00000004   PAD
    0x08004678   0x08004678   0x00000020   Code   RO         1496    i.__mathlib_dbl_invalid  m_wm.l(dunder.o)
    0x08004698   0x08004698   0x00000020   Code   RO         1497    i.__mathlib_dbl_overflow  m_wm.l(dunder.o)
    0x080046b8   0x080046b8   0x00000020   Code   RO         1499    i.__mathlib_dbl_underflow  m_wm.l(dunder.o)
    0x080046d8   0x080046d8   0x00000018   Code   RO         1509    i.fabs              m_wm.l(fabs.o)
    0x080046f0   0x080046f0   0x0000006e   Code   RO         1431    i.sqrt              m_wm.l(sqrt.o)
    0x0800475e   0x0800475e   0x00000018   Code   RO         1456    x$fpl$basic         fz_wm.l(basic.o)
    0x08004776   0x08004776   0x00000002   PAD
    0x08004778   0x08004778   0x00000062   Code   RO         1381    x$fpl$d2f           fz_wm.l(d2f.o)
    0x080047da   0x080047da   0x00000002   PAD
    0x080047dc   0x080047dc   0x00000150   Code   RO         1383    x$fpl$dadd          fz_wm.l(daddsub_clz.o)
    0x0800492c   0x0800492c   0x00000010   Code   RO         1540    x$fpl$dcheck1       fz_wm.l(dcheck1.o)
    0x0800493c   0x0800493c   0x00000018   Code   RO         1542    x$fpl$dcmpinf       fz_wm.l(dcmpi.o)
    0x08004954   0x08004954   0x000002b0   Code   RO         1459    x$fpl$ddiv          fz_wm.l(ddiv.o)
    0x08004c04   0x08004c04   0x0000002e   Code   RO         1463    x$fpl$dflt          fz_wm.l(dflt_clz.o)
    0x08004c32   0x08004c32   0x00000002   PAD
    0x08004c34   0x08004c34   0x00000078   Code   RO         1468    x$fpl$dleqf         fz_wm.l(dleqf.o)
    0x08004cac   0x08004cac   0x00000154   Code   RO         1470    x$fpl$dmul          fz_wm.l(dmul.o)
    0x08004e00   0x08004e00   0x0000009c   Code   RO         1472    x$fpl$dnaninf       fz_wm.l(dnaninf.o)
    0x08004e9c   0x08004e9c   0x00000150   Code   RO         1474    x$fpl$drem          fz_wm.l(drem_clz.o)
    0x08004fec   0x08004fec   0x0000000c   Code   RO         1476    x$fpl$dretinf       fz_wm.l(dretinf.o)
    0x08004ff8   0x08004ff8   0x0000006c   Code   RO         1478    x$fpl$drleqf        fz_wm.l(drleqf.o)
    0x08005064   0x08005064   0x00000016   Code   RO         1384    x$fpl$drsb          fz_wm.l(daddsub_clz.o)
    0x0800507a   0x0800507a   0x00000002   PAD
    0x0800507c   0x0800507c   0x00000198   Code   RO         1480    x$fpl$dsqrt         fz_wm.l(dsqrt_umaal.o)
    0x08005214   0x08005214   0x000001d4   Code   RO         1385    x$fpl$dsub          fz_wm.l(daddsub_clz.o)
    0x080053e8   0x080053e8   0x00000056   Code   RO         1389    x$fpl$f2d           fz_wm.l(f2d.o)
    0x0800543e   0x0800543e   0x00000002   PAD
    0x08005440   0x08005440   0x00000052   Code   RO         1482    x$fpl$fcmp4         fz_wm.l(fcmp4.o)
    0x08005492   0x08005492   0x00000018   Code   RO         1544    x$fpl$fcmpinf       fz_wm.l(fcmpi.o)
    0x080054aa   0x080054aa   0x0000008c   Code   RO         1486    x$fpl$fnaninf       fz_wm.l(fnaninf.o)
    0x08005536   0x08005536   0x0000001a   Code   RO         1637    x$fpl$fpinit        fz_wm.l(fpinit.o)
    0x08005550   0x08005550   0x0000000a   Code   RO         1488    x$fpl$fretinf       fz_wm.l(fretinf.o)
    0x0800555a   0x0800555a   0x00000064   Code   RO         1563    x$fpl$retnan        fz_wm.l(retnan.o)
    0x080055be   0x080055be   0x0000005c   Code   RO         1490    x$fpl$scalbn        fz_wm.l(scalbn.o)
    0x0800561a   0x0800561a   0x00000030   Code   RO         1618    x$fpl$trapveneer    fz_wm.l(trapv.o)
    0x0800564a   0x0800564a   0x00000000   Code   RO         1492    x$fpl$usenofp       fz_wm.l(usenofp.o)
    0x0800564a   0x0800564a   0x00000006   PAD
    0x08005650   0x08005650   0x00000088   Data   RO         1418    .constdata          m_wm.l(pow.o)
    0x080056d8   0x080056d8   0x00000008   Data   RO         1517    .constdata          m_wm.l(qnan.o)
    0x080056e0   0x080056e0   0x00000010   Data   RO           58    .rodata.AHBPrescTable  system_stm32f4xx.o
    0x080056f0   0x080056f0   0x00000800   Data   RO         1227    .rodata.SinTable    fastmath.o
    0x08005ef0   0x08005ef0   0x00000020   Data   RO         1698    Region$$Table       anon$$obj.o


    Execution Region RW_IRAM1 (Exec base: 0x20000000, Load base: 0x08005f10, Size: 0x00009118, Max: 0x00020000, ABSOLUTE)

    Exec Addr    Load Addr    Size         Type   Attr      Idx    E Section Name        Object

    0x20000000   0x08005f10   0x00000008   Data   RW          242    .data..L_MergedGlobals  stm32f4xx_hal.o
    0x20000008   0x08005f18   0x00000004   Data   RW           57    .data.SystemCoreClock  system_stm32f4xx.o
    0x2000000c   0x08005f1c   0x00000004   PAD
    0x20000010        -       0x00000060   Zero   RW         1547    .bss                c_w.l(libspace.o)
    0x20000070        -       0x00000003   Zero   RW           25    .bss..L_MergedGlobals  main.o
    0x20000073   0x08005f1c   0x00000001   PAD
    0x20000074        -       0x000002d4   Zero   RW         1328    .bss.PS             position.o
    0x20000348        -       0x00000100   Zero   RW           22    .bss.__float_reg    main.o
    0x20000448        -       0x00000400   Zero   RW           23    .bss.__int_reg      main.o
    0x20000848        -       0x00002800   Zero   RW         1359    .bss.calibrate.error_b  calibration.o
    0x20003048        -       0x00002800   Zero   RW         1358    .bss.calibrate.error_f  calibration.o
    0x20005848        -       0x00002800   Zero   RW         1360    .bss.calibrate.lut  calibration.o
    0x20008048        -       0x000002c0   Zero   RW         1294    .bss.controller     foc.o
    0x20008308        -       0x00000004   Zero   RW            8    .bss.fac_us         delay.o
    0x2000830c        -       0x00000048   Zero   RW          107    .bss.hadc1          adc.o
    0x20008354        -       0x00000048   Zero   RW          108    .bss.hadc2          adc.o
    0x2000839c        -       0x00000048   Zero   RW          109    .bss.hadc3          adc.o
    0x200083e4        -       0x00000058   Zero   RW          137    .bss.hspi1          spi.o
    0x2000843c        -       0x00000058   Zero   RW          138    .bss.hspi3          spi.o
    0x20008494        -       0x00000040   Zero   RW          176    .bss.htim1          tim.o
    0x200084d4   0x08005f1c   0x00000004   PAD
    0x200084d8        -       0x00000018   Zero   RW         1295    .bss.observer       foc.o
    0x200084f0        -       0x00000020   Zero   RW          593    .bss.pFlash         stm32f4xx_hal_flash.o
    0x20008510        -       0x00000004   Zero   RW         1342    .bss.sectorError    flash.o
    0x20008514        -       0x00000004   Zero   RW          241    .bss.uwTick         stm32f4xx_hal.o
    0x20008518        -       0x00000400   Zero   RW           35    HEAP                startup_stm32f405xx.o
    0x20008918        -       0x00000800   Zero   RW           34    STACK               startup_stm32f405xx.o


==============================================================================

Image component sizes


      Code (inc. data)   RO Data    RW Data    ZI Data      Debug   Object Name

       560         48          0          0        216       5718   adc.o
      1468        116          0          0      30720       6569   calibration.o
        88          8          0          0          4       1609   delay.o
       318         20          0          0          0       5820   drv8323.o
       206         20       2048          0          0       2089   fastmath.o
       244         16          0          0          4       2001   flash.o
      1288         76          0          0        728       6432   foc.o
       140          8          0          0          0       2131   led.o
       708         94          0          0       1283       2938   main.o
       400         44          0          0        724       1890   position.o
       344         20          0          0        176       5212   spi.o
        64         26        392          0       3072        852   startup_stm32f405xx.o
       140         12          0          8          4       7213   stm32f4xx_hal.o
       556         24          0          0          0       9974   stm32f4xx_hal_adc.o
        76          0          0          0          0       8342   stm32f4xx_hal_adc_ex.o
       212         28          0          0          0       9909   stm32f4xx_hal_cortex.o
       508         32          0          0         32       5161   stm32f4xx_hal_flash.o
       328          4          0          0          0       4835   stm32f4xx_hal_flash_ex.o
       406         24          0          0          0       4994   stm32f4xx_hal_gpio.o
        56          4          0          0          0       1443   stm32f4xx_hal_msp.o
      1120         36          0          0          0       7120   stm32f4xx_hal_rcc.o
      1440          0          0          0          0      19362   stm32f4xx_hal_spi.o
      1264         52          0          0          0      35576   stm32f4xx_hal_tim.o
       140          0          0          0          0      13700   stm32f4xx_hal_tim_ex.o
        20          0          0          0          0       1022   stm32f4xx_it.o
       164          8          0          0          0       4467   sys.o
        76         16         16          4          0       2606   system_stm32f4xx.o
       352         20          0          0         64       8381   tim.o
       160         16          0          0          0       2735   tle5012b.o

    ----------------------------------------------------------------------
     12866        772       2488         12      37036     190101   Object Totals
         0          0         32          0          0          0   (incl. Generated)
        20          0          0          0          9          0   (incl. Padding)

    ----------------------------------------------------------------------

      Code (inc. data)   RO Data    RW Data    ZI Data      Debug   Library Member Name

         8          0          0          0          0         68   __main.o
         0          0          0          0          0          0   __rtentry.o
        12          0          0          0          0          0   __rtentry2.o
         6          0          0          0          0          0   __rtentry4.o
        52          8          0          0          0          0   __scatter.o
        26          0          0          0          0          0   __scatter_copy.o
        28          0          0          0          0          0   __scatter_zi.o
        22          0          0          0          0        100   _rserrno.o
        18          0          0          0          0         80   exit.o
         6          0          0          0          0        152   heapauxi.o
         0          0          0          0          0          0   indicate_semi.o
         2          0          0          0          0          0   libinit.o
         6          0          0          0          0          0   libinit2.o
         2          0          0          0          0          0   libshutdown.o
         2          0          0          0          0          0   libshutdown2.o
         8          4          0          0         96         68   libspace.o
       240          0          0          0          0        100   lludivv7m.o
         8          4          0          0          0         68   rt_errno_addr_intlibspace.o
        78          0          0          0          0         80   rt_memclr_w.o
       100          0          0          0          0         80   rt_memcpy_w.o
         2          0          0          0          0          0   rtexit.o
        10          0          0          0          0          0   rtexit2.o
        12          4          0          0          0         68   sys_exit.o
        74          0          0          0          0         80   sys_stackheap_outer.o
         2          0          0          0          0         68   use_no_semi.o
        24          0          0          0          0        164   basic.o
        98          4          0          0          0        140   d2f.o
       826         16          0          0          0        500   daddsub_clz.o
        16          4          0          0          0        116   dcheck1.o
        24          0          0          0          0        116   dcmpi.o
       688        140          0          0          0        264   ddiv.o
        46          0          0          0          0        116   dflt_clz.o
       120          4          0          0          0        140   dleqf.o
       340         12          0          0          0        152   dmul.o
       156          4          0          0          0        140   dnaninf.o
       336         12          0          0          0        136   drem_clz.o
        12          0          0          0          0        116   dretinf.o
       108          0          0          0          0        128   drleqf.o
       408         56          0          0          0        168   dsqrt_umaal.o
        86          4          0          0          0        132   f2d.o
        82          4          0          0          0        160   fcmp4.o
        24          0          0          0          0        116   fcmpi.o
       140          4          0          0          0        132   fnaninf.o
        26          0          0          0          0        116   fpinit.o
        10          0          0          0          0        116   fretinf.o
       100          0          0          0          0        116   retnan.o
        92          0          0          0          0        116   scalbn.o
        48          0          0          0          0        116   trapv.o
         0          0          0          0          0          0   usenofp.o
       164         44          0          0          0        620   dunder.o
        24          0          0          0          0        124   fabs.o
        72          0          0          0          0        148   fmaxf.o
        72          0          0          0          0        148   fminf.o
       260          6          0          0          0        144   fmod.o
        48          0          0          0          0        124   fpclassify.o
       248          0          0          0          0        152   poly.o
      3152        296        136          0          0        352   pow.o
         0          0          8          0          0          0   qnan.o
       232          0          0          0          0        296   sqrt.o

    ----------------------------------------------------------------------
      8838        630        144          0         96       6636   Library Totals
        32          0          0          0          0          0   (incl. Padding)

    ----------------------------------------------------------------------

      Code (inc. data)   RO Data    RW Data    ZI Data      Debug   Library Name

       724         20          0          0         96       1012   c_w.l
      3810        264          0          0          0       3516   fz_wm.l
      4272        346        144          0          0       2108   m_wm.l

    ----------------------------------------------------------------------
      8838        630        144          0         96       6636   Library Totals

    ----------------------------------------------------------------------

==============================================================================


      Code (inc. data)   RO Data    RW Data    ZI Data      Debug   

     21704       1402       2632         12      37132     192189   Grand Totals
     21704       1402       2632         12      37132     192189   ELF Image Totals
     21704       1402       2632         12          0          0   ROM Totals

==============================================================================

    Total RO  Size (Code + RO Data)                24336 (  23.77kB)
    Total RW  Size (RW Data + ZI Data)             37144 (  36.27kB)
    Total ROM Size (Code + RO Data + RW Data)      24348 (  23.78kB)

==============================================================================

