Component: ARM Compiler 6.13.1 Tool: armlink [5d895400]

==============================================================================

Section Cross References

    delay.o(.text.delay_init) refers to stm32f4xx_hal_cortex.o(.text.HAL_SYSTICK_CLKSourceConfig) for HAL_SYSTICK_CLKSourceConfig
    delay.o(.text.delay_init) refers to delay.o(.bss.fac_us) for [Anonymous Symbol]
    delay.o(.ARM.exidx.text.delay_init) refers to delay.o(.text.delay_init) for [Anonymous Symbol]
    delay.o(.text.delay_us) refers to delay.o(.bss.fac_us) for [Anonymous Symbol]
    delay.o(.ARM.exidx.text.delay_us) refers to delay.o(.text.delay_us) for [Anonymous Symbol]
    delay.o(.text.delay_ms) refers to delay.o(.text.delay_us) for delay_us
    delay.o(.ARM.exidx.text.delay_ms) refers to delay.o(.text.delay_ms) for [Anonymous Symbol]
    main.o(.text.main) refers to stm32f4xx_hal.o(.text.HAL_Init) for HAL_Init
    main.o(.text.main) refers to sys.o(.text.SystemClock_Config) for SystemClock_Config
    main.o(.text.main) refers to delay.o(.text.delay_init) for delay_init
    main.o(.text.main) refers to led.o(.text.led_Init) for led_Init
    main.o(.text.main) refers to sys.o(.text.SysNVIC_SetPriority) for SysNVIC_SetPriority
    main.o(.text.main) refers to tle5012b.o(.text.TLE5012B_init) for TLE5012B_init
    main.o(.text.main) refers to adc.o(.text.MX_ADC1_Init) for MX_ADC1_Init
    main.o(.text.main) refers to tim.o(.text.MX_TIM1_Init) for MX_TIM1_Init
    main.o(.text.main) refers to foc.o(.text.reset_foc) for reset_foc
    main.o(.text.main) refers to foc.o(.text.reset_observer) for reset_observer
    main.o(.text.main) refers to drv8323.o(.text.drv8323_init) for drv8323_init
    main.o(.text.main) refers to flash.o(.text.flash_load) for flash_load
    main.o(.text.main) refers to tim.o(.text.MX_TIM3_Init) for MX_TIM3_Init
    main.o(.text.main) refers to stm32f4xx_hal_tim.o(.text.HAL_TIM_Base_Start_IT) for HAL_TIM_Base_Start_IT
    main.o(.text.main) refers to delay.o(.text.delay_ms) for delay_ms
    main.o(.text.main) refers to delay.o(.text.delay_us) for delay_us
    main.o(.text.main) refers to foc.o(.bss.controller) for controller
    main.o(.text.main) refers to foc.o(.bss.observer) for observer
    main.o(.text.main) refers to tim.o(.bss.htim3) for htim3
    main.o(.ARM.exidx.text.main) refers to main.o(.text.main) for [Anonymous Symbol]
    main.o(.text.TIM3_IRQHandler) refers to position.o(.text.PS_Value) for PS_Value
    main.o(.text.TIM3_IRQHandler) refers to adc.o(.text.ADC_Filter) for ADC_Filter
    main.o(.text.TIM3_IRQHandler) refers to f2d.o(x$fpl$f2d) for __aeabi_f2d
    main.o(.text.TIM3_IRQHandler) refers to dmul.o(x$fpl$dmul) for __aeabi_dmul
    main.o(.text.TIM3_IRQHandler) refers to daddsub_clz.o(x$fpl$dadd) for __aeabi_dadd
    main.o(.text.TIM3_IRQHandler) refers to d2f.o(x$fpl$d2f) for __aeabi_d2f
    main.o(.text.TIM3_IRQHandler) refers to delay.o(.text.delay_ms) for delay_ms
    main.o(.text.TIM3_IRQHandler) refers to flash.o(.text.flash_write) for flash_write
    main.o(.text.TIM3_IRQHandler) refers to stm32f4xx_hal_tim.o(.text.HAL_TIM_IRQHandler) for HAL_TIM_IRQHandler
    main.o(.text.TIM3_IRQHandler) refers to foc.o(.bss.controller) for controller
    main.o(.text.TIM3_IRQHandler) refers to position.o(.bss.PS) for PS
    main.o(.text.TIM3_IRQHandler) refers to main.o(.bss.state_flag) for state_flag
    main.o(.text.TIM3_IRQHandler) refers to main.o(.data.state) for state
    main.o(.text.TIM3_IRQHandler) refers to main.o(.bss.__float_reg) for __float_reg
    main.o(.text.TIM3_IRQHandler) refers to tim.o(.bss.htim3) for htim3
    main.o(.ARM.exidx.text.TIM3_IRQHandler) refers to main.o(.text.TIM3_IRQHandler) for [Anonymous Symbol]
    startup_stm32f405xx.o(STACK) refers (Special) to heapauxi.o(.text) for __use_two_region_memory
    startup_stm32f405xx.o(HEAP) refers (Special) to heapauxi.o(.text) for __use_two_region_memory
    startup_stm32f405xx.o(RESET) refers (Special) to heapauxi.o(.text) for __use_two_region_memory
    startup_stm32f405xx.o(RESET) refers to startup_stm32f405xx.o(STACK) for __initial_sp
    startup_stm32f405xx.o(RESET) refers to startup_stm32f405xx.o(.text) for Reset_Handler
    startup_stm32f405xx.o(RESET) refers to stm32f4xx_it.o(.text.NMI_Handler) for NMI_Handler
    startup_stm32f405xx.o(RESET) refers to stm32f4xx_it.o(.text.HardFault_Handler) for HardFault_Handler
    startup_stm32f405xx.o(RESET) refers to stm32f4xx_it.o(.text.MemManage_Handler) for MemManage_Handler
    startup_stm32f405xx.o(RESET) refers to stm32f4xx_it.o(.text.BusFault_Handler) for BusFault_Handler
    startup_stm32f405xx.o(RESET) refers to stm32f4xx_it.o(.text.UsageFault_Handler) for UsageFault_Handler
    startup_stm32f405xx.o(RESET) refers to stm32f4xx_it.o(.text.SVC_Handler) for SVC_Handler
    startup_stm32f405xx.o(RESET) refers to stm32f4xx_it.o(.text.DebugMon_Handler) for DebugMon_Handler
    startup_stm32f405xx.o(RESET) refers to stm32f4xx_it.o(.text.PendSV_Handler) for PendSV_Handler
[...]
    __arm_cp.1_2                             0x080009e8   Number         4  adc.o(.text.HAL_ADC_MspInit)
    __arm_cp.1_3                             0x080009ec   Number         4  adc.o(.text.HAL_ADC_MspInit)
    [Anonymous Symbol]                       0x080009f0   Section        0  stm32f4xx_hal_adc.o(.text.HAL_ADC_Start_DMA)
    __arm_cp.14_0                            0x08000af4   Number         4  stm32f4xx_hal_adc.o(.text.HAL_ADC_Start_DMA)
    __arm_cp.14_1                            0x08000af8   Number         4  stm32f4xx_hal_adc.o(.text.HAL_ADC_Start_DMA)
    __arm_cp.14_2                            0x08000afc   Number         4  stm32f4xx_hal_adc.o(.text.HAL_ADC_Start_DMA)
    __arm_cp.14_3                            0x08000b00   Number         4  stm32f4xx_hal_adc.o(.text.HAL_ADC_Start_DMA)
    __arm_cp.14_4                            0x08000b04   Number         4  stm32f4xx_hal_adc.o(.text.HAL_ADC_Start_DMA)
    __arm_cp.14_5                            0x08000b08   Number         4  stm32f4xx_hal_adc.o(.text.HAL_ADC_Start_DMA)
    __arm_cp.14_6                            0x08000b0c   Number         4  stm32f4xx_hal_adc.o(.text.HAL_ADC_Start_DMA)
    __arm_cp.14_7                            0x08000b10   Number         4  stm32f4xx_hal_adc.o(.text.HAL_ADC_Start_DMA)
    [Anonymous Symbol]                       0x08000b14   Section        0  stm32f4xx_hal_adc.o(.text.HAL_ADC_Stop_DMA)
    [Anonymous Symbol]                       0x08000b6a   Section        0  stm32f4xx_hal_dma.o(.text.HAL_DMA_Abort)
    [Anonymous Symbol]                       0x08000bf4   Section        0  stm32f4xx_hal_dma.o(.text.HAL_DMA_Init)
    __arm_cp.0_0                             0x08000d08   Number         4  stm32f4xx_hal_dma.o(.text.HAL_DMA_Init)
    [Anonymous Symbol]                       0x08000d0c   Section        0  stm32f4xx_hal_dma.o(.text.HAL_DMA_Start_IT)
    [Anonymous Symbol]                       0x08000d78   Section        0  stm32f4xx_hal_flash_ex.o(.text.HAL_FLASHEx_Erase)
    [Anonymous Symbol]                       0x08000e14   Section        0  stm32f4xx_hal_flash.o(.text.HAL_FLASH_Lock)
    [Anonymous Symbol]                       0x08000e24   Section        0  stm32f4xx_hal_flash.o(.text.HAL_FLASH_Program)
    __arm_cp.0_0                             0x08000ea0   Number         4  stm32f4xx_hal_flash.o(.text.HAL_FLASH_Program)
    __arm_cp.0_1                             0x08000ea4   Number         4  stm32f4xx_hal_flash.o(.text.HAL_FLASH_Program)
    [Anonymous Symbol]                       0x08000ea8   Section        0  stm32f4xx_hal_flash.o(.text.HAL_FLASH_Unlock)
    __arm_cp.11_0                            0x08000ec4   Number         4  stm32f4xx_hal_flash.o(.text.HAL_FLASH_Unlock)
    __arm_cp.11_1                            0x08000ec8   Number         4  stm32f4xx_hal_flash.o(.text.HAL_FLASH_Unlock)
    __arm_cp.11_2                            0x08000ecc   Number         4  stm32f4xx_hal_flash.o(.text.HAL_FLASH_Unlock)
    [Anonymous Symbol]                       0x08000ed0   Section        0  stm32f4xx_hal_gpio.o(.text.HAL_GPIO_Init)
    __arm_cp.0_0                             0x08001044   Number         4  stm32f4xx_hal_gpio.o(.text.HAL_GPIO_Init)
    __arm_cp.0_1                             0x08001048   Number         4  stm32f4xx_hal_gpio.o(.text.HAL_GPIO_Init)
    __arm_cp.0_2                             0x0800104c   Number         4  stm32f4xx_hal_gpio.o(.text.HAL_GPIO_Init)
    __arm_cp.0_3                             0x08001050   Number         4  stm32f4xx_hal_gpio.o(.text.HAL_GPIO_Init)
    __arm_cp.0_4                             0x08001054   Number         4  stm32f4xx_hal_gpio.o(.text.HAL_GPIO_Init)
    __arm_cp.0_5                             0x08001058   Number         4  stm32f4xx_hal_gpio.o(.text.HAL_GPIO_Init)
    [Anonymous Symbol]                       0x0800105c   Section        0  stm32f4xx_hal_gpio.o(.text.HAL_GPIO_WritePin)
    [Anonymous Symbol]                       0x08001068   Section        0  stm32f4xx_hal.o(.text.HAL_GetTick)
    [Anonymous Symbol]                       0x08001070   Section        0  stm32f4xx_hal.o(.text.HAL_IncTick)
    __arm_cp.5_1                             0x08001080   Number         4  stm32f4xx_hal.o(.text.HAL_IncTick)
    [Anonymous Symbol]                       0x08001084   Section        0  stm32f4xx_hal.o(.text.HAL_Init)
    __arm_cp.0_0                             0x080010b4   Number         4  stm32f4xx_hal.o(.text.HAL_Init)
    [Anonymous Symbol]                       0x080010b8   Section        0  stm32f4xx_hal.o(.text.HAL_InitTick)
    __arm_cp.1_0                             0x080010f0   Number         4  stm32f4xx_hal.o(.text.HAL_InitTick)
    [Anonymous Symbol]                       0x080010f4   Section        0  stm32f4xx_hal_msp.o(.text.HAL_MspInit)
    __arm_cp.0_0                             0x08001128   Number         4  stm32f4xx_hal_msp.o(.text.HAL_MspInit)
    [Anonymous Symbol]                       0x0800112c   Section        0  stm32f4xx_hal_cortex.o(.text.HAL_NVIC_DisableIRQ)
    __arm_cp.4_0                             0x0800114c   Number         4  stm32f4xx_hal_cortex.o(.text.HAL_NVIC_DisableIRQ)
    [Anonymous Symbol]                       0x08001150   Section        0  stm32f4xx_hal_cortex.o(.text.HAL_NVIC_EnableIRQ)
    __arm_cp.3_0                             0x08001168   Number         4  stm32f4xx_hal_cortex.o(.text.HAL_NVIC_EnableIRQ)
    [Anonymous Symbol]                       0x0800116c   Section        0  stm32f4xx_hal_cortex.o(.text.HAL_NVIC_SetPriority)
    [Anonymous Symbol]                       0x080011a4   Section        0  stm32f4xx_hal_cortex.o(.text.HAL_NVIC_SetPriorityGrouping)
    __arm_cp.0_0                             0x080011bc   Number         4  stm32f4xx_hal_cortex.o(.text.HAL_NVIC_SetPriorityGrouping)
    __arm_cp.0_1                             0x080011c0   Number         4  stm32f4xx_hal_cortex.o(.text.HAL_NVIC_SetPriorityGrouping)
    [Anonymous Symbol]                       0x080011c4   Section        0  stm32f4xx_hal_rcc.o(.text.HAL_RCC_ClockConfig)
    __arm_cp.2_0                             0x080012dc   Number         4  stm32f4xx_hal_rcc.o(.text.HAL_RCC_ClockConfig)
    __arm_cp.2_1                             0x080012e0   Number         4  stm32f4xx_hal_rcc.o(.text.HAL_RCC_ClockConfig)
    __arm_cp.2_2                             0x080012e4   Number         4  stm32f4xx_hal_rcc.o(.text.HAL_RCC_ClockConfig)
    [Anonymous Symbol]                       0x080012e8   Section        0  stm32f4xx_hal_rcc.o(.text.HAL_RCC_GetSysClockFreq)
    __arm_cp.3_0                             0x08001338   Number         4  stm32f4xx_hal_rcc.o(.text.HAL_RCC_GetSysClockFreq)
    __arm_cp.3_1                             0x0800133c   Number         4  stm32f4xx_hal_rcc.o(.text.HAL_RCC_GetSysClockFreq)
    __arm_cp.3_2                             0x08001340   Number         4  stm32f4xx_hal_rcc.o(.text.HAL_RCC_GetSysClockFreq)
    [Anonymous Symbol]                       0x08001344   Section        0  stm32f4xx_hal_rcc.o(.text.HAL_RCC_OscConfig)
    __arm_cp.1_0                             0x08001618   Number         4  stm32f4xx_hal_rcc.o(.text.HAL_RCC_OscConfig)
    __arm_cp.1_1                             0x0800161c   Number         4  stm32f4xx_hal_rcc.o(.text.HAL_RCC_OscConfig)
    __arm_cp.1_2                             0x08001620   Number         4  stm32f4xx_hal_rcc.o(.text.HAL_RCC_OscConfig)
    [Anonymous Symbol]                       0x08001624   Section        0  stm32f4xx_hal_spi.o(.text.HAL_SPI_Init)
    [Anonymous Symbol]                       0x0800169c   Section        0  spi.o(.text.HAL_SPI_MspInit)
    __arm_cp.2_0                             0x08001754   Number         4  spi.o(.text.HAL_SPI_MspInit)
    __arm_cp.2_1                             0x08001758   Number         4  spi.o(.text.HAL_SPI_MspInit)
    [Anonymous Symbol]                       0x0800175c   Section        0  stm32f4xx_hal_spi.o(.text.HAL_SPI_Receive)
    [Anonymous Symbol]                       0x0800188a   Section        0  stm32f4xx_hal_spi.o(.text.HAL_SPI_Transmit)
    [Anonymous Symbol]                       0x080019e6   Section        0  stm32f4xx_hal_spi.o(.text.HAL_SPI_TransmitReceive)
    [Anonymous Symbol]                       0x08001bb8   Section        0  stm32f4xx_hal_cortex.o(.text.HAL_SYSTICK_CLKSourceConfig)
    [Anonymous Symbol]                       0x08001bcc   Section        0  stm32f4xx_hal_cortex.o(.text.HAL_SYSTICK_Config)
    __arm_cp.7_0                             0x08001bec   Number         4  stm32f4xx_hal_cortex.o(.text.HAL_SYSTICK_Config)
    __arm_cp.7_1                             0x08001bf0   Number         4  stm32f4xx_hal_cortex.o(.text.HAL_SYSTICK_Config)
    [Anonymous Symbol]                       0x08001bf4   Section        0  stm32f4xx_hal_tim_ex.o(.text.HAL_TIMEx_BreakCallback)
    [Anonymous Symbol]                       0x08001bf6   Section        0  stm32f4xx_hal_tim_ex.o(.text.HAL_TIMEx_CommutCallback)
    [Anonymous Symbol]                       0x08001bf8   Section        0  stm32f4xx_hal_tim_ex.o(.text.HAL_TIMEx_ConfigBreakDeadTime)
    [Anonymous Symbol]                       0x08001c46   Section        0  stm32f4xx_hal_tim_ex.o(.text.HAL_TIMEx_MasterConfigSynchronization)
    [Anonymous Symbol]                       0x08001c80   Section        0  stm32f4xx_hal_tim.o(.text.HAL_TIM_Base_Init)
    [Anonymous Symbol]                       0x08001cb4   Section        0  tim.o(.text.HAL_TIM_Base_MspInit)
    __arm_cp.3_0                             0x08001cdc   Number         4  tim.o(.text.HAL_TIM_Base_MspInit)
    __arm_cp.3_1                             0x08001ce0   Number         4  tim.o(.text.HAL_TIM_Base_MspInit)
    [Anonymous Symbol]                       0x08001ce4   Section        0  stm32f4xx_hal_tim.o(.text.HAL_TIM_Base_Start_IT)
    [Anonymous Symbol]                       0x08001d04   Section        0  stm32f4xx_hal_tim.o(.text.HAL_TIM_ConfigClockSource)
    [Anonymous Symbol]                       0x08001df8   Section        0  stm32f4xx_hal_tim.o(.text.HAL_TIM_IC_CaptureCallback)
    [Anonymous Symbol]                       0x08001dfa   Section        0  stm32f4xx_hal_tim.o(.text.HAL_TIM_IRQHandler)
    [Anonymous Symbol]                       0x08001f66   Section        0  stm32f4xx_hal_tim.o(.text.HAL_TIM_OC_DelayElapsedCallback)
    [Anonymous Symbol]                       0x08001f68   Section        0  stm32f4xx_hal_tim.o(.text.HAL_TIM_PWM_ConfigChannel)
    [Anonymous Symbol]                       0x08002004   Section        0  stm32f4xx_hal_tim.o(.text.HAL_TIM_PWM_Init)
    [Anonymous Symbol]                       0x08002038   Section        0  tim.o(.text.HAL_TIM_PWM_MspInit)
    __arm_cp.2_1                             0x08002060   Number         4  tim.o(.text.HAL_TIM_PWM_MspInit)
    [Anonymous Symbol]                       0x08002064   Section        0  stm32f4xx_hal_tim.o(.text.HAL_TIM_PWM_PulseFinishedCallback)
    [Anonymous Symbol]                       0x08002068   Section        0  stm32f4xx_hal_tim.o(.text.HAL_TIM_PWM_Start)
    __arm_cp.31_0                            0x080020a0   Number         4  stm32f4xx_hal_tim.o(.text.HAL_TIM_PWM_Start)
    [Anonymous Symbol]                       0x080020a4   Section        0  stm32f4xx_hal_tim.o(.text.HAL_TIM_PeriodElapsedCallback)
    [Anonymous Symbol]                       0x080020a6   Section        0  stm32f4xx_hal_tim.o(.text.HAL_TIM_TriggerCallback)
    [Anonymous Symbol]                       0x080020a8   Section        0  stm32f4xx_it.o(.text.HardFault_Handler)
    [Anonymous Symbol]                       0x080020ac   Section        0  adc.o(.text.MX_ADC1_Init)
    __arm_cp.0_0                             0x08002140   Number         4  adc.o(.text.MX_ADC1_Init)
    __arm_cp.0_1                             0x08002144   Number         4  adc.o(.text.MX_ADC1_Init)
    __arm_cp.0_2                             0x08002148   Number         4  adc.o(.text.MX_ADC1_Init)
    __arm_cp.0_3                             0x0800214c   Number         4  adc.o(.text.MX_ADC1_Init)
    [Anonymous Symbol]                       0x08002150   Section        0  spi.o(.text.MX_SPI1_Init)
    __arm_cp.0_0                             0x08002194   Number         4  spi.o(.text.MX_SPI1_Init)
    __arm_cp.0_1                             0x08002198   Number         4  spi.o(.text.MX_SPI1_Init)
    [Anonymous Symbol]                       0x0800219c   Section        0  spi.o(.text.MX_SPI3_Init)
    __arm_cp.1_1                             0x080021e4   Number         4  spi.o(.text.MX_SPI3_Init)
    [Anonymous Symbol]                       0x080021e8   Section        0  tim.o(.text.MX_TIM1_Init)
    __arm_cp.0_0                             0x0800230c   Number         4  tim.o(.text.MX_TIM1_Init)
    __arm_cp.0_1                             0x08002310   Number         4  tim.o(.text.MX_TIM1_Init)
    __arm_cp.0_2                             0x08002314   Number         4  tim.o(.text.MX_TIM1_Init)
    __arm_cp.0_3                             0x08002318   Number         4  tim.o(.text.MX_TIM1_Init)
    [Anonymous Symbol]                       0x0800231c   Section        0  tim.o(.text.MX_TIM3_Init)
    __arm_cp.1_0                             0x0800237c   Number         4  tim.o(.text.MX_TIM3_Init)
    __arm_cp.1_1                             0x08002380   Number         4  tim.o(.text.MX_TIM3_Init)
    [Anonymous Symbol]                       0x08002384   Section        0  stm32f4xx_it.o(.text.MemManage_Handler)
    [Anonymous Symbol]                       0x08002386   Section        0  stm32f4xx_it.o(.text.NMI_Handler)
    [Anonymous Symbol]                       0x08002388   Section        0  position.o(.text.PS_Value)
    __arm_cp.0_0                             0x080024d8   Number         4  position.o(.text.PS_Value)
    [Anonymous Symbol]                       0x08002500   Section        0  stm32f4xx_it.o(.text.PendSV_Handler)
    [Anonymous Symbol]                       0x08002504   Section        0  tle5012b.o(.text.SPI5012_Receive)
    [Anonymous Symbol]                       0x08002520   Section        0  tle5012b.o(.text.SPI5012_Transmit)
    __arm_cp.0_0                             0x08002538   Number         4  tle5012b.o(.text.SPI5012_Transmit)
    SPI_EndRxTransaction                     0x0800253d   Thumb Code    62  stm32f4xx_hal_spi.o(.text.SPI_EndRxTransaction)
    [Anonymous Symbol]                       0x0800253c   Section        0  stm32f4xx_hal_spi.o(.text.SPI_EndRxTransaction)
    SPI_EndRxTxTransaction                   0x0800257b   Thumb Code    28  stm32f4xx_hal_spi.o(.text.SPI_EndRxTxTransaction)
    [Anonymous Symbol]                       0x0800257a   Section        0  stm32f4xx_hal_spi.o(.text.SPI_EndRxTxTransaction)
    SPI_WaitFlagStateUntilTimeout            0x08002597   Thumb Code   116  stm32f4xx_hal_spi.o(.text.SPI_WaitFlagStateUntilTimeout)
    [Anonymous Symbol]                       0x08002596   Section        0  stm32f4xx_hal_spi.o(.text.SPI_WaitFlagStateUntilTimeout)
    [Anonymous Symbol]                       0x0800260a   Section        0  stm32f4xx_it.o(.text.SVC_Handler)
    [Anonymous Symbol]                       0x0800260c   Section        0  sys.o(.text.SysNVIC_SetPriority)
    [Anonymous Symbol]                       0x08002622   Section        0  stm32f4xx_it.o(.text.SysTick_Handler)
    [Anonymous Symbol]                       0x08002628   Section        0  sys.o(.text.SystemClock_Config)
    __arm_cp.2_0                             0x080026ac   Number         4  sys.o(.text.SystemClock_Config)
    __arm_cp.2_1                             0x080026b0   Number         4  sys.o(.text.SystemClock_Config)
    [Anonymous Symbol]                       0x080026b4   Section        0  system_stm32f4xx.o(.text.SystemInit)
    __arm_cp.0_0                             0x080026f0   Number         4  system_stm32f4xx.o(.text.SystemInit)
    __arm_cp.0_1                             0x080026f4   Number         4  system_stm32f4xx.o(.text.SystemInit)
    __arm_cp.0_2                             0x080026f8   Number         4  system_stm32f4xx.o(.text.SystemInit)
    __arm_cp.0_3                             0x080026fc   Number         4  system_stm32f4xx.o(.text.SystemInit)
    [Anonymous Symbol]                       0x08002700   Section        0  main.o(.text.TIM3_IRQHandler)
    __arm_cp.1_1                             0x080027b4   Number         4  main.o(.text.TIM3_IRQHandler)
    __arm_cp.1_2                             0x080027b8   Number         4  main.o(.text.TIM3_IRQHandler)
    __arm_cp.1_5                             0x080027c0   Number         4  main.o(.text.TIM3_IRQHandler)
    __arm_cp.1_6                             0x080027c4   Number         4  main.o(.text.TIM3_IRQHandler)
    __arm_cp.1_7                             0x080027c8   Number         4  main.o(.text.TIM3_IRQHandler)
    __arm_cp.1_8                             0x080027cc   Number         4  main.o(.text.TIM3_IRQHandler)
    [Anonymous Symbol]                       0x080027d0   Section        0  stm32f4xx_hal_tim.o(.text.TIM_Base_SetConfig)
    __arm_cp.2_0                             0x08002878   Number         4  stm32f4xx_hal_tim.o(.text.TIM_Base_SetConfig)
    __arm_cp.2_1                             0x0800287c   Number         4  stm32f4xx_hal_tim.o(.text.TIM_Base_SetConfig)
    __arm_cp.2_2                             0x08002880   Number         4  stm32f4xx_hal_tim.o(.text.TIM_Base_SetConfig)
    __arm_cp.2_4                             0x08002884   Number         4  stm32f4xx_hal_tim.o(.text.TIM_Base_SetConfig)
    __arm_cp.2_5                             0x08002888   Number         4  stm32f4xx_hal_tim.o(.text.TIM_Base_SetConfig)
    __arm_cp.2_6                             0x0800288c   Number         4  stm32f4xx_hal_tim.o(.text.TIM_Base_SetConfig)
    __arm_cp.2_7                             0x08002890   Number         4  stm32f4xx_hal_tim.o(.text.TIM_Base_SetConfig)
    __arm_cp.2_8                             0x08002894   Number         4  stm32f4xx_hal_tim.o(.text.TIM_Base_SetConfig)
    __arm_cp.2_9                             0x08002898   Number         4  stm32f4xx_hal_tim.o(.text.TIM_Base_SetConfig)
    __arm_cp.2_10                            0x0800289c   Number         4  stm32f4xx_hal_tim.o(.text.TIM_Base_SetConfig)
    [Anonymous Symbol]                       0x080028a0   Section        0  stm32f4xx_hal_tim.o(.text.TIM_CCxChannelCmd)
    TIM_OC1_SetConfig                        0x080028c1   Thumb Code    84  stm32f4xx_hal_tim.o(.text.TIM_OC1_SetConfig)
    [Anonymous Symbol]                       0x080028c0   Section        0  stm32f4xx_hal_tim.o(.text.TIM_OC1_SetConfig)
    [Anonymous Symbol]                       0x08002914   Section        0  stm32f4xx_hal_tim.o(.text.TIM_OC2_SetConfig)
    TIM_OC3_SetConfig                        0x08002975   Thumb Code   100  stm32f4xx_hal_tim.o(.text.TIM_OC3_SetConfig)
    [Anonymous Symbol]                       0x08002974   Section        0  stm32f4xx_hal_tim.o(.text.TIM_OC3_SetConfig)
    TIM_OC4_SetConfig                        0x080029d9   Thumb Code    72  stm32f4xx_hal_tim.o(.text.TIM_OC4_SetConfig)
    [Anonymous Symbol]                       0x080029d8   Section        0  stm32f4xx_hal_tim.o(.text.TIM_OC4_SetConfig)
    __arm_cp.77_0                            0x08002a1c   Number         4  stm32f4xx_hal_tim.o(.text.TIM_OC4_SetConfig)
    TIM_TI1_ConfigInputStage                 0x08002a21   Thumb Code    34  stm32f4xx_hal_tim.o(.text.TIM_TI1_ConfigInputStage)
    [Anonymous Symbol]                       0x08002a20   Section        0  stm32f4xx_hal_tim.o(.text.TIM_TI1_ConfigInputStage)
    TIM_TI2_ConfigInputStage                 0x08002a43   Thumb Code    34  stm32f4xx_hal_tim.o(.text.TIM_TI2_ConfigInputStage)
    [Anonymous Symbol]                       0x08002a42   Section        0  stm32f4xx_hal_tim.o(.text.TIM_TI2_ConfigInputStage)
    [Anonymous Symbol]                       0x08002a64   Section        0  tle5012b.o(.text.TLE5012B_init)
    [Anonymous Symbol]                       0x08002aa8   Section        0  tle5012b.o(.text.TLE5012_ReadValue)
    __arm_cp.2_0                             0x08002ac0   Number         4  tle5012b.o(.text.TLE5012_ReadValue)
    [Anonymous Symbol]                       0x08002ac4   Section        0  stm32f4xx_it.o(.text.UsageFault_Handler)
    __NVIC_SetPriority                       0x08002ac9   Thumb Code    36  stm32f4xx_hal_cortex.o(.text.__NVIC_SetPriority)
    [Anonymous Symbol]                       0x08002ac8   Section        0  stm32f4xx_hal_cortex.o(.text.__NVIC_SetPriority)
    __arm_cp.2_0                             0x08002ae4   Number         4  stm32f4xx_hal_cortex.o(.text.__NVIC_SetPriority)
    __arm_cp.2_1                             0x08002ae8   Number         4  stm32f4xx_hal_cortex.o(.text.__NVIC_SetPriority)
    [Anonymous Symbol]                       0x08002aec   Section        0  delay.o(.text.delay_init)
    [Anonymous Symbol]                       0x08002afc   Section        0  delay.o(.text.delay_ms)
    [Anonymous Symbol]                       0x08002b10   Section        0  delay.o(.text.delay_us)
    __arm_cp.1_0                             0x08002b3c   Number         4  delay.o(.text.delay_us)
    __arm_cp.1_1                             0x08002b40   Number         4  delay.o(.text.delay_us)
    [Anonymous Symbol]                       0x08002b44   Section        0  drv8323.o(.text.drv8323_init)
    __arm_cp.13_1                            0x08002c0c   Number         4  drv8323.o(.text.drv8323_init)
    __arm_cp.13_2                            0x08002c10   Number         4  drv8323.o(.text.drv8323_init)
    __arm_cp.13_4                            0x08002c14   Number         4  drv8323.o(.text.drv8323_init)
    drv8323_write                            0x08002c19   Thumb Code    60  drv8323.o(.text.drv8323_write)
    [Anonymous Symbol]                       0x08002c18   Section        0  drv8323.o(.text.drv8323_write)
    __arm_cp.1_0                             0x08002c4c   Number         4  drv8323.o(.text.drv8323_write)
    __arm_cp.1_1                             0x08002c50   Number         4  drv8323.o(.text.drv8323_write)
    [Anonymous Symbol]                       0x08002c54   Section        0  drv8323.o(.text.drv_calibrate)
    [Anonymous Symbol]                       0x08002c5c   Section        0  drv8323.o(.text.drv_disable_gd)
    [Anonymous Symbol]                       0x08002c74   Section        0  flash.o(.text.flash_load)
    [Anonymous Symbol]                       0x08002cb0   Section        0  flash.o(.text.flash_write)
    __arm_cp.1_0                             0x08002d3c   Number         4  flash.o(.text.flash_write)
    __arm_cp.1_1                             0x08002d40   Number         4  flash.o(.text.flash_write)
    __arm_cp.1_2                             0x08002d44   Number         4  flash.o(.text.flash_write)
    __arm_cp.1_3                             0x08002d48   Number         4  flash.o(.text.flash_write)
    __arm_cp.1_4                             0x08002d4c   Number         4  flash.o(.text.flash_write)
    [Anonymous Symbol]                       0x08002d50   Section        0  led.o(.text.led_Init)
    __arm_cp.0_0                             0x08002dd4   Number         4  led.o(.text.led_Init)
    __arm_cp.0_1                             0x08002dd8   Number         4  led.o(.text.led_Init)
    [Anonymous Symbol]                       0x08002ddc   Section        0  main.o(.text.main)
    __arm_cp.0_0                             0x08002e4c   Number         4  main.o(.text.main)
    __arm_cp.0_1                             0x08002e50   Number         4  main.o(.text.main)
    __arm_cp.0_2                             0x08002e54   Number         4  main.o(.text.main)
    __arm_cp.0_3                             0x08002e58   Number         4  main.o(.text.main)
    __arm_cp.0_4                             0x08002e5c   Number         4  main.o(.text.main)
    [Anonymous Symbol]                       0x08002e60   Section        0  foc.o(.text.reset_foc)
    [Anonymous Symbol]                       0x08002e84   Section        0  foc.o(.text.reset_observer)
    __arm_cp.7_0                             0x08002e94   Number         4  foc.o(.text.reset_observer)
    __arm_cp.7_1                             0x08002e98   Number         4  foc.o(.text.reset_observer)
    [Anonymous Symbol]                       0x08002e9c   Section        0  foc.o(.text.zero_current)
    __arm_cp.3_0                             0x08002ef4   Number         4  foc.o(.text.zero_current)
    __arm_cp.3_1                             0x08002ef8   Number         4  foc.o(.text.zero_current)
    $v0                                      0x08002efc   Number         0  d2f.o(x$fpl$d2f)
    x$fpl$d2f                                0x08002efc   Section       98  d2f.o(x$fpl$d2f)
    $v0                                      0x08002f60   Number         0  daddsub_clz.o(x$fpl$dadd)
    x$fpl$dadd                               0x08002f60   Section      336  daddsub_clz.o(x$fpl$dadd)
    _dadd1                                   0x08002f71   Thumb Code     0  daddsub_clz.o(x$fpl$dadd)
    $v0                                      0x080030b0   Number         0  dmul.o(x$fpl$dmul)
    x$fpl$dmul                               0x080030b0   Section      340  dmul.o(x$fpl$dmul)
    $v0                                      0x08003204   Number         0  dnaninf.o(x$fpl$dnaninf)
    x$fpl$dnaninf                            0x08003204   Section      156  dnaninf.o(x$fpl$dnaninf)
    $v0                                      0x080032a0   Number         0  dretinf.o(x$fpl$dretinf)
    x$fpl$dretinf                            0x080032a0   Section       12  dretinf.o(x$fpl$dretinf)
    $v0                                      0x080032ac   Number         0  daddsub_clz.o(x$fpl$dsub)
    x$fpl$dsub                               0x080032ac   Section      468  daddsub_clz.o(x$fpl$dsub)
    _dsub1                                   0x080032bd   Thumb Code     0  daddsub_clz.o(x$fpl$dsub)
    $v0                                      0x08003480   Number         0  f2d.o(x$fpl$f2d)
    x$fpl$f2d                                0x08003480   Section       86  f2d.o(x$fpl$f2d)
    $v0                                      0x080034d6   Number         0  fnaninf.o(x$fpl$fnaninf)
    x$fpl$fnaninf                            0x080034d6   Section      140  fnaninf.o(x$fpl$fnaninf)
    $v0                                      0x08003562   Number         0  fpinit.o(x$fpl$fpinit)
    x$fpl$fpinit                             0x08003562   Section       26  fpinit.o(x$fpl$fpinit)
    $v0                                      0x0800357c   Number         0  fretinf.o(x$fpl$fretinf)
    x$fpl$fretinf                            0x0800357c   Section       10  fretinf.o(x$fpl$fretinf)
    $v0                                      0x08003588   Number         0  ffixull.o(x$fpl$llufromf)
    x$fpl$llufromf                           0x08003588   Section       92  ffixull.o(x$fpl$llufromf)
    x$fpl$usenofp                            0x080035e4   Section        0  usenofp.o(x$fpl$usenofp)
    [Anonymous Symbol]                       0x20000000   Section        0  stm32f4xx_hal.o(.data..L_MergedGlobals)
    .bss                                     0x20000010   Section       96  libspace.o(.bss)
    fac_us                                   0x20000938   Data           4  delay.o(.bss.fac_us)
    [Anonymous Symbol]                       0x20000938   Section        0  delay.o(.bss.fac_us)
    Heap_Mem                                 0x20000b60   Data         512  startup_stm32f405xx.o(HEAP)
    HEAP                                     0x20000b60   Section      512  startup_stm32f405xx.o(HEAP)
    Stack_Mem                                0x20000d60   Data        1024  startup_stm32f405xx.o(STACK)
    STACK                                    0x20000d60   Section     1024  startup_stm32f405xx.o(STACK)
    __initial_sp                             0x20001160   Data           0  startup_stm32f405xx.o(STACK)

    Global Symbols

    Symbol Name                              Value     Ov Type        Size  Object(Section)

    BuildAttributes$$THM_ISAv4$E$P$D$K$B$S$7EM$VFPi3$EXTD16$VFPS$VFMA$PE$A:L22UL41UL21$X:L11$S22US41US21$IEEE1$IW$~IW$USESV6$~STKCKD$USESV7$~SHL$OTIME$ROPI$IEEEJ$EBA8$UX$STANDARDLIB$REQ8$PRES8$EABIv2 0x00000000   Number         0  anon$$obj.o ABSOLUTE
    __ARM_exceptions_init                     - Undefined Weak Reference
    __alloca_initialize                       - Undefined Weak Reference
    __arm_preinit_                            - Undefined Weak Reference
    __cpp_initialize__aeabi_                  - Undefined Weak Reference
    __cxa_finalize                            - Undefined Weak Reference
    __rt_locale                               - Undefined Weak Reference
    __sigvec_lookup                           - Undefined Weak Reference
    _atexit_init                              - Undefined Weak Reference
    _call_atexit_fns                          - Undefined Weak Reference
    _clock_init                               - Undefined Weak Reference
    _fp_trap_init                             - Undefined Weak Reference
    _fp_trap_shutdown                         - Undefined Weak Reference
    _get_lc_collate                           - Undefined Weak Reference
    _get_lc_ctype                             - Undefined Weak Reference
    _get_lc_monetary                          - Undefined Weak Reference
    _get_lc_numeric                           - Undefined Weak Reference
    _get_lc_time                              - Undefined Weak Reference
    _getenv_init                              - Undefined Weak Reference
    _handle_redirection                       - Undefined Weak Reference
    _init_alloc                               - Undefined Weak Reference
    _init_user_alloc                          - Undefined Weak Reference
    _initio                                   - Undefined Weak Reference
    _rand_init                                - Undefined Weak Reference
    _signal_finish                            - Undefined Weak Reference
    _signal_init                              - Undefined Weak Reference
    _terminate_alloc                          - Undefined Weak Reference
    _terminate_user_alloc                     - Undefined Weak Reference
    _terminateio                              - Undefined Weak Reference
    __Vectors_Size                           0x00000188   Number         0  startup_stm32f405xx.o ABSOLUTE
    __Vectors                                0x08000000   Data           4  startup_stm32f405xx.o(RESET)
    __Vectors_End                            0x08000188   Data           0  startup_stm32f405xx.o(RESET)
    __main                                   0x08000189   Thumb Code     8  __main.o(!!!main)
    __scatterload                            0x08000191   Thumb Code     0  __scatter.o(!!!scatter)
    __scatterload_rt2                        0x08000191   Thumb Code    44  __scatter.o(!!!scatter)
    __scatterload_rt2_thumb_only             0x08000191   Thumb Code     0  __scatter.o(!!!scatter)
    __scatterload_null                       0x0800019f   Thumb Code     0  __scatter.o(!!!scatter)
    __scatterload_copy                       0x080001c5   Thumb Code    26  __scatter_copy.o(!!handler_copy)
    __scatterload_zeroinit                   0x080001e1   Thumb Code    28  __scatter_zi.o(!!handler_zi)
    __rt_lib_init                            0x080001fd   Thumb Code     0  libinit.o(.ARM.Collect$$libinit$$00000000)
    __rt_lib_init_fp_1                       0x080001ff   Thumb Code     0  libinit2.o(.ARM.Collect$$libinit$$00000001)
    __rt_lib_init_alloca_1                   0x08000203   Thumb Code     0  libinit2.o(.ARM.Collect$$libinit$$0000002E)
    __rt_lib_init_argv_1                     0x08000203   Thumb Code     0  libinit2.o(.ARM.Collect$$libinit$$0000002C)
    __rt_lib_init_atexit_1                   0x08000203   Thumb Code     0  libinit2.o(.ARM.Collect$$libinit$$0000001B)
    __rt_lib_init_clock_1                    0x08000203   Thumb Code     0  libinit2.o(.ARM.Collect$$libinit$$00000021)
    __rt_lib_init_cpp_1                      0x08000203   Thumb Code     0  libinit2.o(.ARM.Collect$$libinit$$00000032)
    __rt_lib_init_exceptions_1               0x08000203   Thumb Code     0  libinit2.o(.ARM.Collect$$libinit$$00000030)
    __rt_lib_init_fp_trap_1                  0x08000203   Thumb Code     0  libinit2.o(.ARM.Collect$$libinit$$0000001F)
    __rt_lib_init_getenv_1                   0x08000203   Thumb Code     0  libinit2.o(.ARM.Collect$$libinit$$00000023)
    __rt_lib_init_heap_1                     0x08000203   Thumb Code     0  libinit2.o(.ARM.Collect$$libinit$$0000000A)
    __rt_lib_init_lc_collate_1               0x08000203   Thumb Code     0  libinit2.o(.ARM.Collect$$libinit$$00000011)
    __rt_lib_init_lc_ctype_1                 0x08000203   Thumb Code     0  libinit2.o(.ARM.Collect$$libinit$$00000013)
    __rt_lib_init_lc_monetary_1              0x08000203   Thumb Code     0  libinit2.o(.ARM.Collect$$libinit$$00000015)
    __rt_lib_init_lc_numeric_1               0x08000203   Thumb Code     0  libinit2.o(.ARM.Collect$$libinit$$00000017)
    __rt_lib_init_lc_time_1                  0x08000203   Thumb Code     0  libinit2.o(.ARM.Collect$$libinit$$00000019)
    __rt_lib_init_preinit_1                  0x08000203   Thumb Code     0  libinit2.o(.ARM.Collect$$libinit$$00000004)
    __rt_lib_init_rand_1                     0x08000203   Thumb Code     0  libinit2.o(.ARM.Collect$$libinit$$0000000E)
    __rt_lib_init_return                     0x08000203   Thumb Code     0  libinit2.o(.ARM.Collect$$libinit$$00000033)
    __rt_lib_init_signal_1                   0x08000203   Thumb Code     0  libinit2.o(.ARM.Collect$$libinit$$0000001D)
    __rt_lib_init_stdio_1                    0x08000203   Thumb Code     0  libinit2.o(.ARM.Collect$$libinit$$00000025)
    __rt_lib_init_user_alloc_1               0x08000203   Thumb Code     0  libinit2.o(.ARM.Collect$$libinit$$0000000C)
    __rt_lib_shutdown                        0x08000205   Thumb Code     0  libshutdown.o(.ARM.Collect$$libshutdown$$00000000)
    __rt_lib_shutdown_cpp_1                  0x08000207   Thumb Code     0  libshutdown2.o(.ARM.Collect$$libshutdown$$00000002)
    __rt_lib_shutdown_fp_trap_1              0x08000207   Thumb Code     0  libshutdown2.o(.ARM.Collect$$libshutdown$$00000007)
    __rt_lib_shutdown_heap_1                 0x08000207   Thumb Code     0  libshutdown2.o(.ARM.Collect$$libshutdown$$0000000F)
    __rt_lib_shutdown_return                 0x08000207   Thumb Code     0  libshutdown2.o(.ARM.Collect$$libshutdown$$00000010)
    __rt_lib_shutdown_signal_1               0x08000207   Thumb Code     0  libshutdown2.o(.ARM.Collect$$libshutdown$$0000000A)
    __rt_lib_shutdown_stdio_1                0x08000207   Thumb Code     0  libshutdown2.o(.ARM.Collect$$libshutdown$$00000004)
    __rt_lib_shutdown_user_alloc_1           0x08000207   Thumb Code     0  libshutdown2.o(.ARM.Collect$$libshutdown$$0000000C)
    __rt_entry                               0x08000209   Thumb Code     0  __rtentry.o(.ARM.Collect$$rtentry$$00000000)
    __rt_entry_presh_1                       0x08000209   Thumb Code     0  __rtentry2.o(.ARM.Collect$$rtentry$$00000002)
    __rt_entry_sh                            0x08000209   Thumb Code     0  __rtentry4.o(.ARM.Collect$$rtentry$$00000004)
    __rt_entry_li                            0x0800020f   Thumb Code     0  __rtentry2.o(.ARM.Collect$$rtentry$$0000000A)
    __rt_entry_postsh_1                      0x0800020f   Thumb Code     0  __rtentry2.o(.ARM.Collect$$rtentry$$00000009)
    __rt_entry_main                          0x08000213   Thumb Code     0  __rtentry2.o(.ARM.Collect$$rtentry$$0000000D)
    __rt_entry_postli_1                      0x08000213   Thumb Code     0  __rtentry2.o(.ARM.Collect$$rtentry$$0000000C)
    __rt_exit                                0x0800021b   Thumb Code     0  rtexit.o(.ARM.Collect$$rtexit$$00000000)
    __rt_exit_ls                             0x0800021d   Thumb Code     0  rtexit2.o(.ARM.Collect$$rtexit$$00000003)
    __rt_exit_prels_1                        0x0800021d   Thumb Code     0  rtexit2.o(.ARM.Collect$$rtexit$$00000002)
    __rt_exit_exit                           0x08000221   Thumb Code     0  rtexit2.o(.ARM.Collect$$rtexit$$00000004)
    Reset_Handler                            0x08000229   Thumb Code     8  startup_stm32f405xx.o(.text)
    ADC_IRQHandler                           0x08000243   Thumb Code     0  startup_stm32f405xx.o(.text)
    CAN1_RX0_IRQHandler                      0x08000243   Thumb Code     0  startup_stm32f405xx.o(.text)
    CAN1_RX1_IRQHandler                      0x08000243   Thumb Code     0  startup_stm32f405xx.o(.text)
    CAN1_SCE_IRQHandler                      0x08000243   Thumb Code     0  startup_stm32f405xx.o(.text)
    CAN1_TX_IRQHandler                       0x08000243   Thumb Code     0  startup_stm32f405xx.o(.text)
    CAN2_RX0_IRQHandler                      0x08000243   Thumb Code     0  startup_stm32f405xx.o(.text)
    CAN2_RX1_IRQHandler                      0x08000243   Thumb Code     0  startup_stm32f405xx.o(.text)
    CAN2_SCE_IRQHandler                      0x08000243   Thumb Code     0  startup_stm32f405xx.o(.text)
    CAN2_TX_IRQHandler                       0x08000243   Thumb Code     0  startup_stm32f405xx.o(.text)
    DMA1_Stream0_IRQHandler                  0x08000243   Thumb Code     0  startup_stm32f405xx.o(.text)
    DMA1_Stream1_IRQHandler                  0x08000243   Thumb Code     0  startup_stm32f405xx.o(.text)
    DMA1_Stream2_IRQHandler                  0x08000243   Thumb Code     0  startup_stm32f405xx.o(.text)
    DMA1_Stream3_IRQHandler                  0x08000243   Thumb Code     0  startup_stm32f405xx.o(.text)
    DMA1_Stream4_IRQHandler                  0x08000243   Thumb Code     0  startup_stm32f405xx.o(.text)
    DMA1_Stream5_IRQHandler                  0x08000243   Thumb Code     0  startup_stm32f405xx.o(.text)
    DMA1_Stream6_IRQHandler                  0x08000243   Thumb Code     0  startup_stm32f405xx.o(.text)
    DMA1_Stream7_IRQHandler                  0x08000243   Thumb Code     0  startup_stm32f405xx.o(.text)
    DMA2_Stream0_IRQHandler                  0x08000243   Thumb Code     0  startup_stm32f405xx.o(.text)
    DMA2_Stream1_IRQHandler                  0x08000243   Thumb Code     0  startup_stm32f405xx.o(.text)
    DMA2_Stream2_IRQHandler                  0x08000243   Thumb Code     0  startup_stm32f405xx.o(.text)
    DMA2_Stream3_IRQHandler                  0x08000243   Thumb Code     0  startup_stm32f405xx.o(.text)
    DMA2_Stream4_IRQHandler                  0x08000243   Thumb Code     0  startup_stm32f405xx.o(.text)
    DMA2_Stream5_IRQHandler                  0x08000243   Thumb Code     0  startup_stm32f405xx.o(.text)
    DMA2_Stream6_IRQHandler                  0x08000243   Thumb Code     0  startup_stm32f405xx.o(.text)
    DMA2_Stream7_IRQHandler                  0x08000243   Thumb Code     0  startup_stm32f405xx.o(.text)
    EXTI0_IRQHandler                         0x08000243   Thumb Code     0  startup_stm32f405xx.o(.text)
    EXTI15_10_IRQHandler                     0x08000243   Thumb Code     0  startup_stm32f405xx.o(.text)
    EXTI1_IRQHandler                         0x08000243   Thumb Code     0  startup_stm32f405xx.o(.text)
    EXTI2_IRQHandler                         0x08000243   Thumb Code     0  startup_stm32f405xx.o(.text)
    EXTI3_IRQHandler                         0x08000243   Thumb Code     0  startup_stm32f405xx.o(.text)
    EXTI4_IRQHandler                         0x08000243   Thumb Code     0  startup_stm32f405xx.o(.text)
    EXTI9_5_IRQHandler                       0x08000243   Thumb Code     0  startup_stm32f405xx.o(.text)
    FLASH_IRQHandler                         0x08000243   Thumb Code     0  startup_stm32f405xx.o(.text)
    FMC_IRQHandler                           0x08000243   Thumb Code     0  startup_stm32f405xx.o(.text)
    FPU_IRQHandler                           0x08000243   Thumb Code     0  startup_stm32f405xx.o(.text)
    HASH_RNG_IRQHandler                      0x08000243   Thumb Code     0  startup_stm32f405xx.o(.text)
    I2C1_ER_IRQHandler                       0x08000243   Thumb Code     0  startup_stm32f405xx.o(.text)
    I2C1_EV_IRQHandler                       0x08000243   Thumb Code     0  startup_stm32f405xx.o(.text)
    I2C2_ER_IRQHandler                       0x08000243   Thumb Code     0  startup_stm32f405xx.o(.text)
    I2C2_EV_IRQHandler                       0x08000243   Thumb Code     0  startup_stm32f405xx.o(.text)
    I2C3_ER_IRQHandler                       0x08000243   Thumb Code     0  startup_stm32f405xx.o(.text)
    I2C3_EV_IRQHandler                       0x08000243   Thumb Code     0  startup_stm32f405xx.o(.text)
    OTG_FS_IRQHandler                        0x08000243   Thumb Code     0  startup_stm32f405xx.o(.text)
    OTG_FS_WKUP_IRQHandler                   0x08000243   Thumb Code     0  startup_stm32f405xx.o(.text)
    OTG_HS_EP1_IN_IRQHandler                 0x08000243   Thumb Code     0  startup_stm32f405xx.o(.text)
    OTG_HS_EP1_OUT_IRQHandler                0x08000243   Thumb Code     0  startup_stm32f405xx.o(.text)
    OTG_HS_IRQHandler                        0x08000243   Thumb Code     0  startup_stm32f405xx.o(.text)
    OTG_HS_WKUP_IRQHandler                   0x08000243   Thumb Code     0  startup_stm32f405xx.o(.text)
    PVD_IRQHandler                           0x08000243   Thumb Code     0  startup_stm32f405xx.o(.text)
    RCC_IRQHandler                           0x08000243   Thumb Code     0  startup_stm32f405xx.o(.text)
    RTC_Alarm_IRQHandler                     0x08000243   Thumb Code     0  startup_stm32f405xx.o(.text)
    RTC_WKUP_IRQHandler                      0x08000243   Thumb Code     0  startup_stm32f405xx.o(.text)
    SDIO_IRQHandler                          0x08000243   Thumb Code     0  startup_stm32f405xx.o(.text)
    SPI1_IRQHandler                          0x08000243   Thumb Code     0  startup_stm32f405xx.o(.text)
    SPI2_IRQHandler                          0x08000243   Thumb Code     0  startup_stm32f405xx.o(.text)
    SPI3_IRQHandler                          0x08000243   Thumb Code     0  startup_stm32f405xx.o(.text)
    TAMP_STAMP_IRQHandler                    0x08000243   Thumb Code     0  startup_stm32f405xx.o(.text)
    TIM1_BRK_TIM9_IRQHandler                 0x08000243   Thumb Code     0  startup_stm32f405xx.o(.text)
    TIM1_CC_IRQHandler                       0x08000243   Thumb Code     0  startup_stm32f405xx.o(.text)
    TIM1_TRG_COM_TIM11_IRQHandler            0x08000243   Thumb Code     0  startup_stm32f405xx.o(.text)
    TIM1_UP_TIM10_IRQHandler                 0x08000243   Thumb Code     0  startup_stm32f405xx.o(.text)
    TIM2_IRQHandler                          0x08000243   Thumb Code     0  startup_stm32f405xx.o(.text)
    TIM4_IRQHandler                          0x08000243   Thumb Code     0  startup_stm32f405xx.o(.text)
    TIM5_IRQHandler                          0x08000243   Thumb Code     0  startup_stm32f405xx.o(.text)
    TIM6_DAC_IRQHandler                      0x08000243   Thumb Code     0  startup_stm32f405xx.o(.text)
    TIM7_IRQHandler                          0x08000243   Thumb Code     0  startup_stm32f405xx.o(.text)
    TIM8_BRK_TIM12_IRQHandler                0x08000243   Thumb Code     0  startup_stm32f405xx.o(.text)
    TIM8_CC_IRQHandler                       0x08000243   Thumb Code     0  startup_stm32f405xx.o(.text)
    TIM8_TRG_COM_TIM14_IRQHandler            0x08000243   Thumb Code     0  startup_stm32f405xx.o(.text)
    TIM8_UP_TIM13_IRQHandler                 0x08000243   Thumb Code     0  startup_stm32f405xx.o(.text)
    UART4_IRQHandler                         0x08000243   Thumb Code     0  startup_stm32f405xx.o(.text)
    UART5_IRQHandler                         0x08000243   Thumb Code     0  startup_stm32f405xx.o(.text)
    USART1_IRQHandler                        0x08000243   Thumb Code     0  startup_stm32f405xx.o(.text)
    USART2_IRQHandler                        0x08000243   Thumb Code     0  startup_stm32f405xx.o(.text)
    USART3_IRQHandler                        0x08000243   Thumb Code     0  startup_stm32f405xx.o(.text)
    USART6_IRQHandler                        0x08000243   Thumb Code     0  startup_stm32f405xx.o(.text)
    WWDG_IRQHandler                          0x08000243   Thumb Code     0  startup_stm32f405xx.o(.text)
    __user_initial_stackheap                 0x08000245   Thumb Code     0  startup_stm32f405xx.o(.text)
    __aeabi_uldivmod                         0x08000269   Thumb Code     0  lludivv7m.o(.text)
    _ll_udiv                                 0x08000269   Thumb Code   240  lludivv7m.o(.text)
    __aeabi_memclr4                          0x08000359   Thumb Code     0  rt_memclr_w.o(.text)
    __aeabi_memclr8                          0x08000359   Thumb Code     0  rt_memclr_w.o(.text)
    __rt_memclr_w                            0x08000359   Thumb Code    78  rt_memclr_w.o(.text)
    _memset_w                                0x0800035d   Thumb Code     0  rt_memclr_w.o(.text)
    __use_two_region_memory                  0x080003a7   Thumb Code     2  heapauxi.o(.text)
    __rt_heap_escrow$2region                 0x080003a9   Thumb Code     2  heapauxi.o(.text)
    __rt_heap_expand$2region                 0x080003ab   Thumb Code     2  heapauxi.o(.text)
    __user_libspace                          0x080003ad   Thumb Code     8  libspace.o(.text)
    __user_perproc_libspace                  0x080003ad   Thumb Code     0  libspace.o(.text)
    __user_perthread_libspace                0x080003ad   Thumb Code     0  libspace.o(.text)
    __user_setup_stackheap                   0x080003b5   Thumb Code    74  sys_stackheap_outer.o(.text)
    exit                                     0x080003ff   Thumb Code    18  exit.o(.text)
    _sys_exit                                0x08000411   Thumb Code     8  sys_exit.o(.text)
    __I$use$semihosting                      0x0800041d   Thumb Code     0  use_no_semi.o(.text)
    __use_no_semihosting_swi                 0x0800041d   Thumb Code     2  use_no_semi.o(.text)
    __semihosting_library_function           0x0800041f   Thumb Code     0  indicate_semi.o(.text)
    ADC_Filter                               0x0800049d   Thumb Code    60  adc.o(.text.ADC_Filter)
    BusFault_Handler                         0x080004d9   Thumb Code     2  stm32f4xx_it.o(.text.BusFault_Handler)
    DebugMon_Handler                         0x08000533   Thumb Code     2  stm32f4xx_it.o(.text.DebugMon_Handler)
    Error_Handler                            0x08000535   Thumb Code     2  sys.o(.text.Error_Handler)
    FLASH_Erase_Sector                       0x08000539   Thumb Code    56  stm32f4xx_hal_flash_ex.o(.text.FLASH_Erase_Sector)
    FLASH_FlushCaches                        0x08000571   Thumb Code    84  stm32f4xx_hal_flash_ex.o(.text.FLASH_FlushCaches)
    FLASH_WaitForLastOperation               0x080006d1   Thumb Code    84  stm32f4xx_hal_flash.o(.text.FLASH_WaitForLastOperation)
    HAL_ADC_ConfigChannel                    0x08000725   Thumb Code   224  stm32f4xx_hal_adc.o(.text.HAL_ADC_ConfigChannel)
    HAL_ADC_ConvCpltCallback                 0x08000805   Thumb Code     2  stm32f4xx_hal_adc.o(.text.HAL_ADC_ConvCpltCallback)
    HAL_ADC_ConvHalfCpltCallback             0x08000807   Thumb Code     2  stm32f4xx_hal_adc.o(.text.HAL_ADC_ConvHalfCpltCallback)
    HAL_ADC_ErrorCallback                    0x08000809   Thumb Code     2  stm32f4xx_hal_adc.o(.text.HAL_ADC_ErrorCallback)
    HAL_ADC_Init                             0x0800080d   Thumb Code   324  stm32f4xx_hal_adc.o(.text.HAL_ADC_Init)
    HAL_ADC_MspInit                          0x08000951   Thumb Code   160  adc.o(.text.HAL_ADC_MspInit)
    HAL_ADC_Start_DMA                        0x080009f1   Thumb Code   292  stm32f4xx_hal_adc.o(.text.HAL_ADC_Start_DMA)
    HAL_ADC_Stop_DMA                         0x08000b15   Thumb Code    86  stm32f4xx_hal_adc.o(.text.HAL_ADC_Stop_DMA)
    HAL_DMA_Abort                            0x08000b6b   Thumb Code   138  stm32f4xx_hal_dma.o(.text.HAL_DMA_Abort)
    HAL_DMA_Init                             0x08000bf5   Thumb Code   280  stm32f4xx_hal_dma.o(.text.HAL_DMA_Init)
    HAL_DMA_Start_IT                         0x08000d0d   Thumb Code   106  stm32f4xx_hal_dma.o(.text.HAL_DMA_Start_IT)
    HAL_FLASHEx_Erase                        0x08000d79   Thumb Code   156  stm32f4xx_hal_flash_ex.o(.text.HAL_FLASHEx_Erase)
    HAL_FLASH_Lock                           0x08000e15   Thumb Code    16  stm32f4xx_hal_flash.o(.text.HAL_FLASH_Lock)
    HAL_FLASH_Program                        0x08000e25   Thumb Code   132  stm32f4xx_hal_flash.o(.text.HAL_FLASH_Program)
    HAL_FLASH_Unlock                         0x08000ea9   Thumb Code    40  stm32f4xx_hal_flash.o(.text.HAL_FLASH_Unlock)
    HAL_GPIO_Init                            0x08000ed1   Thumb Code   396  stm32f4xx_hal_gpio.o(.text.HAL_GPIO_Init)
    HAL_GPIO_WritePin                        0x0800105d   Thumb Code    10  stm32f4xx_hal_gpio.o(.text.HAL_GPIO_WritePin)
    HAL_GetTick                              0x08001069   Thumb Code     8  stm32f4xx_hal.o(.text.HAL_GetTick)
    HAL_IncTick                              0x08001071   Thumb Code    20  stm32f4xx_hal.o(.text.HAL_IncTick)
    HAL_Init                                 0x08001085   Thumb Code    52  stm32f4xx_hal.o(.text.HAL_Init)
    HAL_InitTick                             0x080010b9   Thumb Code    60  stm32f4xx_hal.o(.text.HAL_InitTick)
    HAL_MspInit                              0x080010f5   Thumb Code    56  stm32f4xx_hal_msp.o(.text.HAL_MspInit)
    HAL_NVIC_DisableIRQ                      0x0800112d   Thumb Code    36  stm32f4xx_hal_cortex.o(.text.HAL_NVIC_DisableIRQ)
    HAL_NVIC_EnableIRQ                       0x08001151   Thumb Code    28  stm32f4xx_hal_cortex.o(.text.HAL_NVIC_EnableIRQ)
    HAL_NVIC_SetPriority                     0x0800116d   Thumb Code    56  stm32f4xx_hal_cortex.o(.text.HAL_NVIC_SetPriority)
    HAL_NVIC_SetPriorityGrouping             0x080011a5   Thumb Code    32  stm32f4xx_hal_cortex.o(.text.HAL_NVIC_SetPriorityGrouping)
    HAL_RCC_ClockConfig                      0x080011c5   Thumb Code   292  stm32f4xx_hal_rcc.o(.text.HAL_RCC_ClockConfig)
    HAL_RCC_GetSysClockFreq                  0x080012e9   Thumb Code    92  stm32f4xx_hal_rcc.o(.text.HAL_RCC_GetSysClockFreq)
    HAL_RCC_OscConfig                        0x08001345   Thumb Code   736  stm32f4xx_hal_rcc.o(.text.HAL_RCC_OscConfig)
    HAL_SPI_Init                             0x08001625   Thumb Code   120  stm32f4xx_hal_spi.o(.text.HAL_SPI_Init)
    HAL_SPI_MspInit                          0x0800169d   Thumb Code   192  spi.o(.text.HAL_SPI_MspInit)
    HAL_SPI_Receive                          0x0800175d   Thumb Code   302  stm32f4xx_hal_spi.o(.text.HAL_SPI_Receive)
    HAL_SPI_Transmit                         0x0800188b   Thumb Code   348  stm32f4xx_hal_spi.o(.text.HAL_SPI_Transmit)
    HAL_SPI_TransmitReceive                  0x080019e7   Thumb Code   464  stm32f4xx_hal_spi.o(.text.HAL_SPI_TransmitReceive)
    HAL_SYSTICK_CLKSourceConfig              0x08001bb9   Thumb Code    20  stm32f4xx_hal_cortex.o(.text.HAL_SYSTICK_CLKSourceConfig)
    HAL_SYSTICK_Config                       0x08001bcd   Thumb Code    40  stm32f4xx_hal_cortex.o(.text.HAL_SYSTICK_Config)
    HAL_TIMEx_BreakCallback                  0x08001bf5   Thumb Code     2  stm32f4xx_hal_tim_ex.o(.text.HAL_TIMEx_BreakCallback)
    HAL_TIMEx_CommutCallback                 0x08001bf7   Thumb Code     2  stm32f4xx_hal_tim_ex.o(.text.HAL_TIMEx_CommutCallback)
    HAL_TIMEx_ConfigBreakDeadTime            0x08001bf9   Thumb Code    78  stm32f4xx_hal_tim_ex.o(.text.HAL_TIMEx_ConfigBreakDeadTime)
    HAL_TIMEx_MasterConfigSynchronization    0x08001c47   Thumb Code    58  stm32f4xx_hal_tim_ex.o(.text.HAL_TIMEx_MasterConfigSynchronization)
    HAL_TIM_Base_Init                        0x08001c81   Thumb Code    52  stm32f4xx_hal_tim.o(.text.HAL_TIM_Base_Init)
    HAL_TIM_Base_MspInit                     0x08001cb5   Thumb Code    48  tim.o(.text.HAL_TIM_Base_MspInit)
    HAL_TIM_Base_Start_IT                    0x08001ce5   Thumb Code    32  stm32f4xx_hal_tim.o(.text.HAL_TIM_Base_Start_IT)
    HAL_TIM_ConfigClockSource                0x08001d05   Thumb Code   244  stm32f4xx_hal_tim.o(.text.HAL_TIM_ConfigClockSource)
    HAL_TIM_IC_CaptureCallback               0x08001df9   Thumb Code     2  stm32f4xx_hal_tim.o(.text.HAL_TIM_IC_CaptureCallback)
    HAL_TIM_IRQHandler                       0x08001dfb   Thumb Code   364  stm32f4xx_hal_tim.o(.text.HAL_TIM_IRQHandler)
    HAL_TIM_OC_DelayElapsedCallback          0x08001f67   Thumb Code     2  stm32f4xx_hal_tim.o(.text.HAL_TIM_OC_DelayElapsedCallback)
    HAL_TIM_PWM_ConfigChannel                0x08001f69   Thumb Code   156  stm32f4xx_hal_tim.o(.text.HAL_TIM_PWM_ConfigChannel)
    HAL_TIM_PWM_Init                         0x08002005   Thumb Code    52  stm32f4xx_hal_tim.o(.text.HAL_TIM_PWM_Init)
    HAL_TIM_PWM_MspInit                      0x08002039   Thumb Code    44  tim.o(.text.HAL_TIM_PWM_MspInit)
    HAL_TIM_PWM_PulseFinishedCallback        0x08002065   Thumb Code     2  stm32f4xx_hal_tim.o(.text.HAL_TIM_PWM_PulseFinishedCallback)
    HAL_TIM_PWM_Start                        0x08002069   Thumb Code    60  stm32f4xx_hal_tim.o(.text.HAL_TIM_PWM_Start)
    HAL_TIM_PeriodElapsedCallback            0x080020a5   Thumb Code     2  stm32f4xx_hal_tim.o(.text.HAL_TIM_PeriodElapsedCallback)
    HAL_TIM_TriggerCallback                  0x080020a7   Thumb Code     2  stm32f4xx_hal_tim.o(.text.HAL_TIM_TriggerCallback)
    HardFault_Handler                        0x080020a9   Thumb Code     2  stm32f4xx_it.o(.text.HardFault_Handler)
    MX_ADC1_Init                             0x080020ad   Thumb Code   164  adc.o(.text.MX_ADC1_Init)
    MX_SPI1_Init                             0x08002151   Thumb Code    76  spi.o(.text.MX_SPI1_Init)
    MX_SPI3_Init                             0x0800219d   Thumb Code    76  spi.o(.text.MX_SPI3_Init)
    MX_TIM1_Init                             0x080021e9   Thumb Code   308  tim.o(.text.MX_TIM1_Init)
    MX_TIM3_Init                             0x0800231d   Thumb Code   104  tim.o(.text.MX_TIM3_Init)
    MemManage_Handler                        0x08002385   Thumb Code     2  stm32f4xx_it.o(.text.MemManage_Handler)
    NMI_Handler                              0x08002387   Thumb Code     2  stm32f4xx_it.o(.text.NMI_Handler)
    PS_Value                                 0x08002389   Thumb Code   376  position.o(.text.PS_Value)
    PendSV_Handler                           0x08002501   Thumb Code     2  stm32f4xx_it.o(.text.PendSV_Handler)
    SPI5012_Receive                          0x08002505   Thumb Code    28  tle5012b.o(.text.SPI5012_Receive)
    SPI5012_Transmit                         0x08002521   Thumb Code    28  tle5012b.o(.text.SPI5012_Transmit)
    SVC_Handler                              0x0800260b   Thumb Code     2  stm32f4xx_it.o(.text.SVC_Handler)
    SysNVIC_SetPriority                      0x0800260d   Thumb Code    22  sys.o(.text.SysNVIC_SetPriority)
    SysTick_Handler                          0x08002623   Thumb Code     4  stm32f4xx_it.o(.text.SysTick_Handler)
    SystemClock_Config                       0x08002629   Thumb Code   140  sys.o(.text.SystemClock_Config)
    SystemInit                               0x080026b5   Thumb Code    76  system_stm32f4xx.o(.text.SystemInit)
    TIM3_IRQHandler                          0x08002701   Thumb Code   208  main.o(.text.TIM3_IRQHandler)
    TIM_Base_SetConfig                       0x080027d1   Thumb Code   208  stm32f4xx_hal_tim.o(.text.TIM_Base_SetConfig)
    TIM_CCxChannelCmd                        0x080028a1   Thumb Code    30  stm32f4xx_hal_tim.o(.text.TIM_CCxChannelCmd)
    TIM_OC2_SetConfig                        0x08002915   Thumb Code    96  stm32f4xx_hal_tim.o(.text.TIM_OC2_SetConfig)
    TLE5012B_init                            0x08002a65   Thumb Code    68  tle5012b.o(.text.TLE5012B_init)
    TLE5012_ReadValue                        0x08002aa9   Thumb Code    28  tle5012b.o(.text.TLE5012_ReadValue)
    UsageFault_Handler                       0x08002ac5   Thumb Code     2  stm32f4xx_it.o(.text.UsageFault_Handler)
    delay_init                               0x08002aed   Thumb Code    16  delay.o(.text.delay_init)
    delay_ms                                 0x08002afd   Thumb Code    20  delay.o(.text.delay_ms)
    delay_us                                 0x08002b11   Thumb Code    52  delay.o(.text.delay_us)
    drv8323_init                             0x08002b45   Thumb Code   212  drv8323.o(.text.drv8323_init)
    drv_calibrate                            0x08002c55   Thumb Code     8  drv8323.o(.text.drv_calibrate)
    drv_disable_gd                           0x08002c5d   Thumb Code    24  drv8323.o(.text.drv_disable_gd)
    flash_load                               0x08002c75   Thumb Code    60  flash.o(.text.flash_load)
    flash_write                              0x08002cb1   Thumb Code   160  flash.o(.text.flash_write)
    led_Init                                 0x08002d51   Thumb Code   140  led.o(.text.led_Init)
    main                                     0x08002ddd   Thumb Code   132  main.o(.text.main)
    reset_foc                                0x08002e61   Thumb Code    36  foc.o(.text.reset_foc)
    reset_observer                           0x08002e85   Thumb Code    24  foc.o(.text.reset_observer)
    zero_current                             0x08002e9d   Thumb Code    96  foc.o(.text.zero_current)
    __aeabi_d2f                              0x08002efd   Thumb Code     0  d2f.o(x$fpl$d2f)
    _d2f                                     0x08002efd   Thumb Code    98  d2f.o(x$fpl$d2f)
    __aeabi_dadd                             0x08002f61   Thumb Code     0  daddsub_clz.o(x$fpl$dadd)
    _dadd                                    0x08002f61   Thumb Code   332  daddsub_clz.o(x$fpl$dadd)
    __aeabi_dmul                             0x080030b1   Thumb Code     0  dmul.o(x$fpl$dmul)
    _dmul                                    0x080030b1   Thumb Code   332  dmul.o(x$fpl$dmul)
    __fpl_dnaninf                            0x08003205   Thumb Code   156  dnaninf.o(x$fpl$dnaninf)
    __fpl_dretinf                            0x080032a1   Thumb Code    12  dretinf.o(x$fpl$dretinf)
    __aeabi_dsub                             0x080032ad   Thumb Code     0  daddsub_clz.o(x$fpl$dsub)
    _dsub                                    0x080032ad   Thumb Code   464  daddsub_clz.o(x$fpl$dsub)
    __aeabi_f2d                              0x08003481   Thumb Code     0  f2d.o(x$fpl$f2d)
    _f2d                                     0x08003481   Thumb Code    86  f2d.o(x$fpl$f2d)
    __fpl_fnaninf                            0x080034d7   Thumb Code   140  fnaninf.o(x$fpl$fnaninf)
    _fp_init                                 0x08003563   Thumb Code    26  fpinit.o(x$fpl$fpinit)
    __fplib_config_fpu_vfp                   0x0800357b   Thumb Code     0  fpinit.o(x$fpl$fpinit)
    __fplib_config_pureend_doubles           0x0800357b   Thumb Code     0  fpinit.o(x$fpl$fpinit)
    __fpl_fretinf                            0x0800357d   Thumb Code    10  fretinf.o(x$fpl$fretinf)
    __aeabi_f2ulz                            0x08003589   Thumb Code     0  ffixull.o(x$fpl$llufromf)
    _ll_ufrom_f                              0x08003589   Thumb Code    92  ffixull.o(x$fpl$llufromf)
    AHBPrescTable                            0x080035e4   Data          16  system_stm32f4xx.o(.rodata.AHBPrescTable)
    __I$use$fp                               0x080035e4   Number         0  usenofp.o(x$fpl$usenofp)
    Region$$Table$$Base                      0x080035f4   Number         0  anon$$obj.o(Region$$Table)
    Region$$Table$$Limit                     0x08003614   Number         0  anon$$obj.o(Region$$Table)
    uwTickFreq                               0x20000000   Data           1  stm32f4xx_hal.o(.data..L_MergedGlobals)
    uwTickPrio                               0x20000004   Data           4  stm32f4xx_hal.o(.data..L_MergedGlobals)
    SystemCoreClock                          0x20000008   Data           4  system_stm32f4xx.o(.data.SystemCoreClock)
    state                                    0x2000000c   Data           1  main.o(.data.state)
    __libspace_start                         0x20000010   Data          96  libspace.o(.bss)
    PS                                       0x20000070   Data         204  position.o(.bss.PS)
    __temporary_stack_top$libspace           0x20000070   Data           0  libspace.o(.bss)
    __float_reg                              0x2000013c   Data         256  main.o(.bss.__float_reg)
    __int_reg                                0x2000023c   Data        1024  main.o(.bss.__int_reg)
    adc_buf                                  0x2000063c   Data          60  adc.o(.bss.adc_buf)
    controller                               0x20000678   Data         704  foc.o(.bss.controller)
    hadc1                                    0x2000093c   Data          72  adc.o(.bss.hadc1)
    hdma_adc1                                0x20000984   Data          96  adc.o(.bss.hdma_adc1)
    hspi1                                    0x200009e4   Data          88  spi.o(.bss.hspi1)
    hspi3                                    0x20000a3c   Data          88  spi.o(.bss.hspi3)
    htim1                                    0x20000a94   Data          64  tim.o(.bss.htim1)
    htim3                                    0x20000ad4   Data          64  tim.o(.bss.htim3)
    observer                                 0x20000b18   Data          24  foc.o(.bss.observer)
    pFlash                                   0x20000b30   Data          32  stm32f4xx_hal_flash.o(.bss.pFlash)
    sectorError                              0x20000b50   Data           4  flash.o(.bss.sectorError)
    state_flag                               0x20000b54   Data           1  main.o(.bss.state_flag)
    uwTick                                   0x20000b58   Data           4  stm32f4xx_hal.o(.bss.uwTick)



==============================================================================

Memory Map of the image

  Image Entry point : 0x08000189

  Load Region LR_IROM1 (Base: 0x08000000, Size: 0x00003628, Max: 0x00100000, ABSOLUTE)

    Execution Region ER_IROM1 (Exec base: 0x08000000, Load base: 0x08000000, Size: 0x00003614, Max: 0x00100000, ABSOLUTE)

    Exec Addr    Load Addr    Size         Type   Attr      Idx    E Section Name        Object

    0x08000000   0x08000000   0x00000188   Data   RO           37    RESET               startup_stm32f405xx.o
    0x08000188   0x08000188   0x00000008   Code   RO         1352  * !!!main             c_w.l(__main.o)
    0x08000190   0x08000190   0x00000034   Code   RO         1601    !!!scatter          c_w.l(__scatter.o)
    0x080001c4   0x080001c4   0x0000001a   Code   RO         1603    !!handler_copy      c_w.l(__scatter_copy.o)
    0x080001de   0x080001de   0x00000002   PAD
    0x080001e0   0x080001e0   0x0000001c   Code   RO         1605    !!handler_zi        c_w.l(__scatter_zi.o)
    0x080001fc   0x080001fc   0x00000002   Code   RO         1468    .ARM.Collect$$libinit$$00000000  c_w.l(libinit.o)
    0x080001fe   0x080001fe   0x00000004   Code   RO         1477    .ARM.Collect$$libinit$$00000001  c_w.l(libinit2.o)
    0x08000202   0x08000202   0x00000000   Code   RO         1480    .ARM.Collect$$libinit$$00000004  c_w.l(libinit2.o)
    0x08000202   0x08000202   0x00000000   Code   RO         1483    .ARM.Collect$$libinit$$0000000A  c_w.l(libinit2.o)
    0x08000202   0x08000202   0x00000000   Code   RO         1485    .ARM.Collect$$libinit$$0000000C  c_w.l(libinit2.o)
    0x08000202   0x08000202   0x00000000   Code   RO         1487    .ARM.Collect$$libinit$$0000000E  c_w.l(libinit2.o)
    0x08000202   0x08000202   0x00000000   Code   RO         1490    .ARM.Collect$$libinit$$00000011  c_w.l(libinit2.o)
    0x08000202   0x08000202   0x00000000   Code   RO         1492    .ARM.Collect$$libinit$$00000013  c_w.l(libinit2.o)
    0x08000202   0x08000202   0x00000000   Code   RO         1494    .ARM.Collect$$libinit$$00000015  c_w.l(libinit2.o)
    0x08000202   0x08000202   0x00000000   Code   RO         1496    .ARM.Collect$$libinit$$00000017  c_w.l(libinit2.o)
    0x08000202   0x08000202   0x00000000   Code   RO         1498    .ARM.Collect$$libinit$$00000019  c_w.l(libinit2.o)
    0x08000202   0x08000202   0x00000000   Code   RO         1500    .ARM.Collect$$libinit$$0000001B  c_w.l(libinit2.o)
    0x08000202   0x08000202   0x00000000   Code   RO         1502    .ARM.Collect$$libinit$$0000001D  c_w.l(libinit2.o)
    0x08000202   0x08000202   0x00000000   Code   RO         1504    .ARM.Collect$$libinit$$0000001F  c_w.l(libinit2.o)
    0x08000202   0x08000202   0x00000000   Code   RO         1506    .ARM.Collect$$libinit$$00000021  c_w.l(libinit2.o)
    0x08000202   0x08000202   0x00000000   Code   RO         1508    .ARM.Collect$$libinit$$00000023  c_w.l(libinit2.o)
    0x08000202   0x08000202   0x00000000   Code   RO         1510    .ARM.Collect$$libinit$$00000025  c_w.l(libinit2.o)
    0x08000202   0x08000202   0x00000000   Code   RO         1514    .ARM.Collect$$libinit$$0000002C  c_w.l(libinit2.o)
    0x08000202   0x08000202   0x00000000   Code   RO         1516    .ARM.Collect$$libinit$$0000002E  c_w.l(libinit2.o)
    0x08000202   0x08000202   0x00000000   Code   RO         1518    .ARM.Collect$$libinit$$00000030  c_w.l(libinit2.o)
    0x08000202   0x08000202   0x00000000   Code   RO         1520    .ARM.Collect$$libinit$$00000032  c_w.l(libinit2.o)
    0x08000202   0x08000202   0x00000002   Code   RO         1521    .ARM.Collect$$libinit$$00000033  c_w.l(libinit2.o)
    0x08000204   0x08000204   0x00000002   Code   RO         1556    .ARM.Collect$$libshutdown$$00000000  c_w.l(libshutdown.o)
    0x08000206   0x08000206   0x00000000   Code   RO         1584    .ARM.Collect$$libshutdown$$00000002  c_w.l(libshutdown2.o)
    0x08000206   0x08000206   0x00000000   Code   RO         1586    .ARM.Collect$$libshutdown$$00000004  c_w.l(libshutdown2.o)
    0x08000206   0x08000206   0x00000000   Code   RO         1589    .ARM.Collect$$libshutdown$$00000007  c_w.l(libshutdown2.o)
    0x08000206   0x08000206   0x00000000   Code   RO         1592    .ARM.Collect$$libshutdown$$0000000A  c_w.l(libshutdown2.o)
    0x08000206   0x08000206   0x00000000   Code   RO         1594    .ARM.Collect$$libshutdown$$0000000C  c_w.l(libshutdown2.o)
    0x08000206   0x08000206   0x00000000   Code   RO         1597    .ARM.Collect$$libshutdown$$0000000F  c_w.l(libshutdown2.o)
    0x08000206   0x08000206   0x00000002   Code   RO         1598    .ARM.Collect$$libshutdown$$00000010  c_w.l(libshutdown2.o)
    0x08000208   0x08000208   0x00000000   Code   RO         1402    .ARM.Collect$$rtentry$$00000000  c_w.l(__rtentry.o)
    0x08000208   0x08000208   0x00000000   Code   RO         1427    .ARM.Collect$$rtentry$$00000002  c_w.l(__rtentry2.o)
    0x08000208   0x08000208   0x00000006   Code   RO         1439    .ARM.Collect$$rtentry$$00000004  c_w.l(__rtentry4.o)
    0x0800020e   0x0800020e   0x00000000   Code   RO         1429    .ARM.Collect$$rtentry$$00000009  c_w.l(__rtentry2.o)
    0x0800020e   0x0800020e   0x00000004   Code   RO         1430    .ARM.Collect$$rtentry$$0000000A  c_w.l(__rtentry2.o)
    0x08000212   0x08000212   0x00000000   Code   RO         1432    .ARM.Collect$$rtentry$$0000000C  c_w.l(__rtentry2.o)
    0x08000212   0x08000212   0x00000008   Code   RO         1433    .ARM.Collect$$rtentry$$0000000D  c_w.l(__rtentry2.o)
    0x0800021a   0x0800021a   0x00000002   Code   RO         1469    .ARM.Collect$$rtexit$$00000000  c_w.l(rtexit.o)
    0x0800021c   0x0800021c   0x00000000   Code   RO         1527    .ARM.Collect$$rtexit$$00000002  c_w.l(rtexit2.o)
    0x0800021c   0x0800021c   0x00000004   Code   RO         1528    .ARM.Collect$$rtexit$$00000003  c_w.l(rtexit2.o)
    0x08000220   0x08000220   0x00000006   Code   RO         1529    .ARM.Collect$$rtexit$$00000004  c_w.l(rtexit2.o)
    0x08000226   0x08000226   0x00000002   PAD
    0x08000228   0x08000228   0x00000040   Code   RO           38    .text               startup_stm32f405xx.o
    0x08000268   0x08000268   0x000000f0   Code   RO         1346    .text               c_w.l(lludivv7m.o)
    0x08000358   0x08000358   0x0000004e   Code   RO         1348    .text               c_w.l(rt_memclr_w.o)
    0x080003a6   0x080003a6   0x00000006   Code   RO         1350    .text               c_w.l(heapauxi.o)
    0x080003ac   0x080003ac   0x00000008   Code   RO         1452    .text               c_w.l(libspace.o)
    0x080003b4   0x080003b4   0x0000004a   Code   RO         1455    .text               c_w.l(sys_stackheap_outer.o)
    0x080003fe   0x080003fe   0x00000012   Code   RO         1457    .text               c_w.l(exit.o)
    0x08000410   0x08000410   0x0000000c   Code   RO         1522    .text               c_w.l(sys_exit.o)
    0x0800041c   0x0800041c   0x00000002   Code   RO         1545    .text               c_w.l(use_no_semi.o)
    0x0800041e   0x0800041e   0x00000000   Code   RO         1547    .text               c_w.l(indicate_semi.o)
    0x0800041e   0x0800041e   0x00000066   Code   RO          329    .text.ADC_DMAConvCplt  stm32f4xx_hal_adc.o
    0x08000484   0x08000484   0x00000012   Code   RO          333    .text.ADC_DMAError  stm32f4xx_hal_adc.o
    0x08000496   0x08000496   0x00000006   Code   RO          331    .text.ADC_DMAHalfConvCplt  stm32f4xx_hal_adc.o
    0x0800049c   0x0800049c   0x0000003c   Code   RO           51    .text.ADC_Filter    adc.o
    0x080004d8   0x080004d8   0x00000002   Code   RO          110    .text.BusFault_Handler  stm32f4xx_it.o
    0x080004da   0x080004da   0x00000002   PAD
    0x080004dc   0x080004dc   0x00000034   Code   RO          480    .text.DMA_CalcBaseAndBitshift  stm32f4xx_hal_dma.o
    0x08000510   0x08000510   0x00000022   Code   RO          486    .text.DMA_SetConfig  stm32f4xx_hal_dma.o
    0x08000532   0x08000532   0x00000002   Code   RO          116    .text.DebugMon_Handler  stm32f4xx_it.o
    0x08000534   0x08000534   0x00000002   Code   RO          130    .text.Error_Handler  sys.o
    0x08000536   0x08000536   0x00000002   PAD
    0x08000538   0x08000538   0x00000038   Code   RO         1193    .text.FLASH_Erase_Sector  stm32f4xx_hal_flash_ex.o
    0x08000570   0x08000570   0x00000054   Code   RO         1195    .text.FLASH_FlushCaches  stm32f4xx_hal_flash_ex.o
    0x080005c4   0x080005c4   0x00000020   Code   RO         1191    .text.FLASH_MassErase  stm32f4xx_hal_flash_ex.o
    0x080005e4   0x080005e4   0x0000001c   Code   RO          561    .text.FLASH_Program_Byte  stm32f4xx_hal_flash.o
    0x08000600   0x08000600   0x00000024   Code   RO          567    .text.FLASH_Program_DoubleWord  stm32f4xx_hal_flash.o
    0x08000624   0x08000624   0x00000020   Code   RO          563    .text.FLASH_Program_HalfWord  stm32f4xx_hal_flash.o
    0x08000644   0x08000644   0x00000024   Code   RO          565    .text.FLASH_Program_Word  stm32f4xx_hal_flash.o
    0x08000668   0x08000668   0x00000068   Code   RO          573    .text.FLASH_SetErrorCode  stm32f4xx_hal_flash.o
    0x080006d0   0x080006d0   0x00000054   Code   RO          559    .text.FLASH_WaitForLastOperation  stm32f4xx_hal_flash.o
    0x08000724   0x08000724   0x000000e0   Code   RO          341    .text.HAL_ADC_ConfigChannel  stm32f4xx_hal_adc.o
    0x08000804   0x08000804   0x00000002   Code   RO          321    .text.HAL_ADC_ConvCpltCallback  stm32f4xx_hal_adc.o
    0x08000806   0x08000806   0x00000002   Code   RO          339    .text.HAL_ADC_ConvHalfCpltCallback  stm32f4xx_hal_adc.o
    0x08000808   0x08000808   0x00000002   Code   RO          325    .text.HAL_ADC_ErrorCallback  stm32f4xx_hal_adc.o
    0x0800080a   0x0800080a   0x00000002   PAD
    0x0800080c   0x0800080c   0x00000144   Code   RO          299    .text.HAL_ADC_Init  stm32f4xx_hal_adc.o
    0x08000950   0x08000950   0x000000a0   Code   RO           47    .text.HAL_ADC_MspInit  adc.o
    0x080009f0   0x080009f0   0x00000124   Code   RO          327    .text.HAL_ADC_Start_DMA  stm32f4xx_hal_adc.o
    0x08000b14   0x08000b14   0x00000056   Code   RO          335    .text.HAL_ADC_Stop_DMA  stm32f4xx_hal_adc.o
    0x08000b6a   0x08000b6a   0x0000008a   Code   RO          490    .text.HAL_DMA_Abort  stm32f4xx_hal_dma.o
    0x08000bf4   0x08000bf4   0x00000118   Code   RO          478    .text.HAL_DMA_Init  stm32f4xx_hal_dma.o
    0x08000d0c   0x08000d0c   0x0000006a   Code   RO          488    .text.HAL_DMA_Start_IT  stm32f4xx_hal_dma.o
    0x08000d76   0x08000d76   0x00000002   PAD
    0x08000d78   0x08000d78   0x0000009c   Code   RO         1189    .text.HAL_FLASHEx_Erase  stm32f4xx_hal_flash_ex.o
    0x08000e14   0x08000e14   0x00000010   Code   RO          581    .text.HAL_FLASH_Lock  stm32f4xx_hal_flash.o
    0x08000e24   0x08000e24   0x00000084   Code   RO          557    .text.HAL_FLASH_Program  stm32f4xx_hal_flash.o
    0x08000ea8   0x08000ea8   0x00000028   Code   RO          579    .text.HAL_FLASH_Unlock  stm32f4xx_hal_flash.o
    0x08000ed0   0x08000ed0   0x0000018c   Code   RO          601    .text.HAL_GPIO_Init  stm32f4xx_hal_gpio.o
    0x0800105c   0x0800105c   0x0000000a   Code   RO          607    .text.HAL_GPIO_WritePin  stm32f4xx_hal_gpio.o
    0x08001066   0x08001066   0x00000002   PAD
    0x08001068   0x08001068   0x00000008   Code   RO          197    .text.HAL_GetTick   stm32f4xx_hal.o
    0x08001070   0x08001070   0x00000014   Code   RO          195    .text.HAL_IncTick   stm32f4xx_hal.o
    0x08001084   0x08001084   0x00000034   Code   RO          185    .text.HAL_Init      stm32f4xx_hal.o
    0x080010b8   0x080010b8   0x0000003c   Code   RO          187    .text.HAL_InitTick  stm32f4xx_hal.o
    0x080010f4   0x080010f4   0x00000038   Code   RO           95    .text.HAL_MspInit   stm32f4xx_hal_msp.o
    0x0800112c   0x0800112c   0x00000024   Code   RO          258    .text.HAL_NVIC_DisableIRQ  stm32f4xx_hal_cortex.o
    0x08001150   0x08001150   0x0000001c   Code   RO          256    .text.HAL_NVIC_EnableIRQ  stm32f4xx_hal_cortex.o
    0x0800116c   0x0800116c   0x00000038   Code   RO          252    .text.HAL_NVIC_SetPriority  stm32f4xx_hal_cortex.o
    0x080011a4   0x080011a4   0x00000020   Code   RO          250    .text.HAL_NVIC_SetPriorityGrouping  stm32f4xx_hal_cortex.o
    0x080011c4   0x080011c4   0x00000124   Code   RO          630    .text.HAL_RCC_ClockConfig  stm32f4xx_hal_rcc.o
    0x080012e8   0x080012e8   0x0000005c   Code   RO          632    .text.HAL_RCC_GetSysClockFreq  stm32f4xx_hal_rcc.o
    0x08001344   0x08001344   0x000002e0   Code   RO          628    .text.HAL_RCC_OscConfig  stm32f4xx_hal_rcc.o
    0x08001624   0x08001624   0x00000078   Code   RO          663    .text.HAL_SPI_Init  stm32f4xx_hal_spi.o
    0x0800169c   0x0800169c   0x000000c0   Code   RO           80    .text.HAL_SPI_MspInit  spi.o
    0x0800175c   0x0800175c   0x0000012e   Code   RO          675    .text.HAL_SPI_Receive  stm32f4xx_hal_spi.o
    0x0800188a   0x0800188a   0x0000015c   Code   RO          671    .text.HAL_SPI_Transmit  stm32f4xx_hal_spi.o
    0x080019e6   0x080019e6   0x000001d0   Code   RO          677    .text.HAL_SPI_TransmitReceive  stm32f4xx_hal_spi.o
    0x08001bb6   0x08001bb6   0x00000002   PAD
    0x08001bb8   0x08001bb8   0x00000014   Code   RO          284    .text.HAL_SYSTICK_CLKSourceConfig  stm32f4xx_hal_cortex.o
    0x08001bcc   0x08001bcc   0x00000028   Code   RO          264    .text.HAL_SYSTICK_Config  stm32f4xx_hal_cortex.o
    0x08001bf4   0x08001bf4   0x00000002   Code   RO         1176    .text.HAL_TIMEx_BreakCallback  stm32f4xx_hal_tim_ex.o
    0x08001bf6   0x08001bf6   0x00000002   Code   RO         1172    .text.HAL_TIMEx_CommutCallback  stm32f4xx_hal_tim_ex.o
    0x08001bf8   0x08001bf8   0x0000004e   Code   RO         1168    .text.HAL_TIMEx_ConfigBreakDeadTime  stm32f4xx_hal_tim_ex.o
    0x08001c46   0x08001c46   0x0000003a   Code   RO         1166    .text.HAL_TIMEx_MasterConfigSynchronization  stm32f4xx_hal_tim_ex.o
    0x08001c80   0x08001c80   0x00000034   Code   RO          782    .text.HAL_TIM_Base_Init  stm32f4xx_hal_tim.o
    0x08001cb4   0x08001cb4   0x00000030   Code   RO          168    .text.HAL_TIM_Base_MspInit  tim.o
    0x08001ce4   0x08001ce4   0x00000020   Code   RO          796    .text.HAL_TIM_Base_Start_IT  stm32f4xx_hal_tim.o
    0x08001d04   0x08001d04   0x000000f4   Code   RO          966    .text.HAL_TIM_ConfigClockSource  stm32f4xx_hal_tim.o
    0x08001df8   0x08001df8   0x00000002   Code   RO          918    .text.HAL_TIM_IC_CaptureCallback  stm32f4xx_hal_tim.o
    0x08001dfa   0x08001dfa   0x0000016c   Code   RO          916    .text.HAL_TIM_IRQHandler  stm32f4xx_hal_tim.o
    0x08001f66   0x08001f66   0x00000002   Code   RO          920    .text.HAL_TIM_OC_DelayElapsedCallback  stm32f4xx_hal_tim.o
    0x08001f68   0x08001f68   0x0000009c   Code   RO          944    .text.HAL_TIM_PWM_ConfigChannel  stm32f4xx_hal_tim.o
    0x08002004   0x08002004   0x00000034   Code   RO          836    .text.HAL_TIM_PWM_Init  stm32f4xx_hal_tim.o
    0x08002038   0x08002038   0x0000002c   Code   RO          166    .text.HAL_TIM_PWM_MspInit  tim.o
    0x08002064   0x08002064   0x00000002   Code   RO          922    .text.HAL_TIM_PWM_PulseFinishedCallback  stm32f4xx_hal_tim.o
    0x08002066   0x08002066   0x00000002   PAD
    0x08002068   0x08002068   0x0000003c   Code   RO          844    .text.HAL_TIM_PWM_Start  stm32f4xx_hal_tim.o
    0x080020a4   0x080020a4   0x00000002   Code   RO          924    .text.HAL_TIM_PeriodElapsedCallback  stm32f4xx_hal_tim.o
    0x080020a6   0x080020a6   0x00000002   Code   RO          926    .text.HAL_TIM_TriggerCallback  stm32f4xx_hal_tim.o
    0x080020a8   0x080020a8   0x00000002   Code   RO          106    .text.HardFault_Handler  stm32f4xx_it.o
    0x080020aa   0x080020aa   0x00000002   PAD
    0x080020ac   0x080020ac   0x000000a4   Code   RO           45    .text.MX_ADC1_Init  adc.o
    0x08002150   0x08002150   0x0000004c   Code   RO           76    .text.MX_SPI1_Init  spi.o
    0x0800219c   0x0800219c   0x0000004c   Code   RO           78    .text.MX_SPI3_Init  spi.o
    0x080021e8   0x080021e8   0x00000134   Code   RO          162    .text.MX_TIM1_Init  tim.o
    0x0800231c   0x0800231c   0x00000068   Code   RO          164    .text.MX_TIM3_Init  tim.o
    0x08002384   0x08002384   0x00000002   Code   RO          108    .text.MemManage_Handler  stm32f4xx_it.o
    0x08002386   0x08002386   0x00000002   Code   RO          104    .text.NMI_Handler   stm32f4xx_it.o
    0x08002388   0x08002388   0x00000178   Code   RO         1320    .text.PS_Value      position.o
    0x08002500   0x08002500   0x00000002   Code   RO          118    .text.PendSV_Handler  stm32f4xx_it.o
    0x08002502   0x08002502   0x00000002   PAD
    0x08002504   0x08002504   0x0000001c   Code   RO         1303    .text.SPI5012_Receive  tle5012b.o
    0x08002520   0x08002520   0x0000001c   Code   RO         1301    .text.SPI5012_Transmit  tle5012b.o
    0x0800253c   0x0800253c   0x0000003e   Code   RO          679    .text.SPI_EndRxTransaction  stm32f4xx_hal_spi.o
    0x0800257a   0x0800257a   0x0000001c   Code   RO          673    .text.SPI_EndRxTxTransaction  stm32f4xx_hal_spi.o
    0x08002596   0x08002596   0x00000074   Code   RO          771    .text.SPI_WaitFlagStateUntilTimeout  stm32f4xx_hal_spi.o
    0x0800260a   0x0800260a   0x00000002   Code   RO          114    .text.SVC_Handler   stm32f4xx_it.o
    0x0800260c   0x0800260c   0x00000016   Code   RO          136    .text.SysNVIC_SetPriority  sys.o
    0x08002622   0x08002622   0x00000004   Code   RO          120    .text.SysTick_Handler  stm32f4xx_it.o
    0x08002626   0x08002626   0x00000002   PAD
    0x08002628   0x08002628   0x0000008c   Code   RO          134    .text.SystemClock_Config  sys.o
    0x080026b4   0x080026b4   0x0000004c   Code   RO          146    .text.SystemInit    system_stm32f4xx.o
    0x08002700   0x08002700   0x000000d0   Code   RO           20    .text.TIM3_IRQHandler  main.o
    0x080027d0   0x080027d0   0x000000d0   Code   RO          786    .text.TIM_Base_SetConfig  stm32f4xx_hal_tim.o
    0x080028a0   0x080028a0   0x0000001e   Code   RO          820    .text.TIM_CCxChannelCmd  stm32f4xx_hal_tim.o
    0x080028be   0x080028be   0x00000002   PAD
    0x080028c0   0x080028c0   0x00000054   Code   RO          930    .text.TIM_OC1_SetConfig  stm32f4xx_hal_tim.o
    0x08002914   0x08002914   0x00000060   Code   RO          932    .text.TIM_OC2_SetConfig  stm32f4xx_hal_tim.o
    0x08002974   0x08002974   0x00000064   Code   RO          934    .text.TIM_OC3_SetConfig  stm32f4xx_hal_tim.o
    0x080029d8   0x080029d8   0x00000048   Code   RO          936    .text.TIM_OC4_SetConfig  stm32f4xx_hal_tim.o
    0x08002a20   0x08002a20   0x00000022   Code   RO          968    .text.TIM_TI1_ConfigInputStage  stm32f4xx_hal_tim.o
    0x08002a42   0x08002a42   0x00000022   Code   RO          970    .text.TIM_TI2_ConfigInputStage  stm32f4xx_hal_tim.o
    0x08002a64   0x08002a64   0x00000044   Code   RO         1307    .text.TLE5012B_init  tle5012b.o
    0x08002aa8   0x08002aa8   0x0000001c   Code   RO         1305    .text.TLE5012_ReadValue  tle5012b.o
    0x08002ac4   0x08002ac4   0x00000002   Code   RO          112    .text.UsageFault_Handler  stm32f4xx_it.o
    0x08002ac6   0x08002ac6   0x00000002   PAD
    0x08002ac8   0x08002ac8   0x00000024   Code   RO          254    .text.__NVIC_SetPriority  stm32f4xx_hal_cortex.o
    0x08002aec   0x08002aec   0x00000010   Code   RO            2    .text.delay_init    delay.o
    0x08002afc   0x08002afc   0x00000014   Code   RO            6    .text.delay_ms      delay.o
    0x08002b10   0x08002b10   0x00000034   Code   RO            4    .text.delay_us      delay.o
    0x08002b44   0x08002b44   0x000000d4   Code   RO         1261    .text.drv8323_init  drv8323.o
    0x08002c18   0x08002c18   0x0000003c   Code   RO         1237    .text.drv8323_write  drv8323.o
    0x08002c54   0x08002c54   0x00000008   Code   RO         1259    .text.drv_calibrate  drv8323.o
    0x08002c5c   0x08002c5c   0x00000018   Code   RO         1257    .text.drv_disable_gd  drv8323.o
    0x08002c74   0x08002c74   0x0000003c   Code   RO         1331    .text.flash_load    flash.o
    0x08002cb0   0x08002cb0   0x000000a0   Code   RO         1333    .text.flash_write   flash.o
    0x08002d50   0x08002d50   0x0000008c   Code   RO           66    .text.led_Init      led.o
    0x08002ddc   0x08002ddc   0x00000084   Code   RO           18    .text.main          main.o
    0x08002e60   0x08002e60   0x00000024   Code   RO         1284    .text.reset_foc     foc.o
    0x08002e84   0x08002e84   0x00000018   Code   RO         1286    .text.reset_observer  foc.o
    0x08002e9c   0x08002e9c   0x00000060   Code   RO         1278    .text.zero_current  foc.o
    0x08002efc   0x08002efc   0x00000062   Code   RO         1354    x$fpl$d2f           fz_wm.l(d2f.o)
    0x08002f5e   0x08002f5e   0x00000002   PAD
    0x08002f60   0x08002f60   0x00000150   Code   RO         1356    x$fpl$dadd          fz_wm.l(daddsub_clz.o)
    0x080030b0   0x080030b0   0x00000154   Code   RO         1362    x$fpl$dmul          fz_wm.l(dmul.o)
    0x08003204   0x08003204   0x0000009c   Code   RO         1411    x$fpl$dnaninf       fz_wm.l(dnaninf.o)
    0x080032a0   0x080032a0   0x0000000c   Code   RO         1413    x$fpl$dretinf       fz_wm.l(dretinf.o)
    0x080032ac   0x080032ac   0x000001d4   Code   RO         1358    x$fpl$dsub          fz_wm.l(daddsub_clz.o)
    0x08003480   0x08003480   0x00000056   Code   RO         1364    x$fpl$f2d           fz_wm.l(f2d.o)
    0x080034d6   0x080034d6   0x0000008c   Code   RO         1421    x$fpl$fnaninf       fz_wm.l(fnaninf.o)
    0x08003562   0x08003562   0x0000001a   Code   RO         1539    x$fpl$fpinit        fz_wm.l(fpinit.o)
    0x0800357c   0x0800357c   0x0000000a   Code   RO         1423    x$fpl$fretinf       fz_wm.l(fretinf.o)
    0x08003586   0x08003586   0x00000002   PAD
    0x08003588   0x08003588   0x0000005c   Code   RO         1366    x$fpl$llufromf      fz_wm.l(ffixull.o)
    0x080035e4   0x080035e4   0x00000000   Code   RO         1425    x$fpl$usenofp       fz_wm.l(usenofp.o)
    0x080035e4   0x080035e4   0x00000010   Data   RO          151    .rodata.AHBPrescTable  system_stm32f4xx.o
    0x080035f4   0x080035f4   0x00000020   Data   RO         1600    Region$$Table       anon$$obj.o


    Execution Region RW_IRAM1 (Exec base: 0x20000000, Load base: 0x08003618, Size: 0x00001160, Max: 0x00020000, ABSOLUTE)

    Exec Addr    Load Addr    Size         Type   Attr      Idx    E Section Name        Object

    0x20000000   0x08003618   0x00000008   Data   RW          240    .data..L_MergedGlobals  stm32f4xx_hal.o
    0x20000008   0x08003620   0x00000004   Data   RW          150    .data.SystemCoreClock  system_stm32f4xx.o
    0x2000000c   0x08003624   0x00000001   Data   RW           22    .data.state         main.o
    0x2000000d   0x08003625   0x00000003   PAD
    0x20000010        -       0x00000060   Zero   RW         1453    .bss                c_w.l(libspace.o)
    0x20000070        -       0x000000cc   Zero   RW         1322    .bss.PS             position.o
    0x2000013c        -       0x00000100   Zero   RW           24    .bss.__float_reg    main.o
    0x2000023c        -       0x00000400   Zero   RW           26    .bss.__int_reg      main.o
    0x2000063c        -       0x0000003c   Zero   RW           54    .bss.adc_buf        adc.o
    0x20000678        -       0x000002c0   Zero   RW         1290    .bss.controller     foc.o
    0x20000938        -       0x00000004   Zero   RW            8    .bss.fac_us         delay.o
    0x2000093c        -       0x00000048   Zero   RW           53    .bss.hadc1          adc.o
    0x20000984        -       0x00000060   Zero   RW           55    .bss.hdma_adc1      adc.o
    0x200009e4        -       0x00000058   Zero   RW           84    .bss.hspi1          spi.o
    0x20000a3c        -       0x00000058   Zero   RW           85    .bss.hspi3          spi.o
    0x20000a94        -       0x00000040   Zero   RW          174    .bss.htim1          tim.o
    0x20000ad4        -       0x00000040   Zero   RW          175    .bss.htim3          tim.o
    0x20000b14   0x08003625   0x00000004   PAD
    0x20000b18        -       0x00000018   Zero   RW         1291    .bss.observer       foc.o
    0x20000b30        -       0x00000020   Zero   RW          591    .bss.pFlash         stm32f4xx_hal_flash.o
    0x20000b50        -       0x00000004   Zero   RW         1335    .bss.sectorError    flash.o
    0x20000b54        -       0x00000001   Zero   RW           23    .bss.state_flag     main.o
    0x20000b55   0x08003625   0x00000003   PAD
    0x20000b58        -       0x00000004   Zero   RW          239    .bss.uwTick         stm32f4xx_hal.o
    0x20000b5c   0x08003625   0x00000004   PAD
    0x20000b60        -       0x00000200   Zero   RW           36    HEAP                startup_stm32f405xx.o
    0x20000d60        -       0x00000400   Zero   RW           35    STACK               startup_stm32f405xx.o


==============================================================================

Image component sizes


      Code (inc. data)   RO Data    RW Data    ZI Data      Debug   Object Name

       384         32          0          0        228       8421   adc.o
        88          8          0          0          4       1609   delay.o
       304         20          0          0          0       5863   drv8323.o
       220         20          0          0          4       1932   flash.o
       156         16          0          0        728       5820   foc.o
       140          8          0          0          0       2173   led.o
       340         60          0          1       1281       1125   main.o
       376         40          0          0        204       1454   position.o
       344         20          0          0        176       5254   spi.o
        64         26        392          0       1536        852   startup_stm32f405xx.o
       140         12          0          8          4       7255   stm32f4xx_hal.o
      1058         48          0          0          0      10016   stm32f4xx_hal_adc.o
       248         32          0          0          0       9951   stm32f4xx_hal_cortex.o
       610         16          0          0          0       8569   stm32f4xx_hal_dma.o
       508         32          0          0         32       5203   stm32f4xx_hal_flash.o
       328          4          0          0          0       4877   stm32f4xx_hal_flash_ex.o
       406         24          0          0          0       5036   stm32f4xx_hal_gpio.o
        56          4          0          0          0       1493   stm32f4xx_hal_msp.o
      1120         36          0          0          0       7162   stm32f4xx_hal_rcc.o
      1440          0          0          0          0      19404   stm32f4xx_hal_spi.o
      1628         52          0          0          0      35618   stm32f4xx_hal_tim.o
       140          0          0          0          0      13742   stm32f4xx_hal_tim_ex.o
        20          0          0          0          0       1030   stm32f4xx_it.o
       164          8          0          0          0       4509   sys.o
        76         16         16          4          0       2656   system_stm32f4xx.o
       504         36          0          0        128       8423   tim.o
       152          8          0          0          0       2777   tle5012b.o

    ----------------------------------------------------------------------
     11038        578        440         16       4336     182224   Object Totals
         0          0         32          0          0          0   (incl. Generated)
        24          0          0          3         11          0   (incl. Padding)

    ----------------------------------------------------------------------

      Code (inc. data)   RO Data    RW Data    ZI Data      Debug   Library Member Name

         8          0          0          0          0         68   __main.o
         0          0          0          0          0          0   __rtentry.o
        12          0          0          0          0          0   __rtentry2.o
         6          0          0          0          0          0   __rtentry4.o
        52          8          0          0          0          0   __scatter.o
        26          0          0          0          0          0   __scatter_copy.o
        28          0          0          0          0          0   __scatter_zi.o
        18          0          0          0          0         80   exit.o
         6          0          0          0          0        152   heapauxi.o
         0          0          0          0          0          0   indicate_semi.o
         2          0          0          0          0          0   libinit.o
         6          0          0          0          0          0   libinit2.o
         2          0          0          0          0          0   libshutdown.o
         2          0          0          0          0          0   libshutdown2.o
         8          4          0          0         96         68   libspace.o
       240          0          0          0          0        100   lludivv7m.o
        78          0          0          0          0         80   rt_memclr_w.o
         2          0          0          0          0          0   rtexit.o
        10          0          0          0          0          0   rtexit2.o
        12          4          0          0          0         68   sys_exit.o
        74          0          0          0          0         80   sys_stackheap_outer.o
         2          0          0          0          0         68   use_no_semi.o
        98          4          0          0          0        140   d2f.o
       804         16          0          0          0        376   daddsub_clz.o
       340         12          0          0          0        152   dmul.o
       156          4          0          0          0        140   dnaninf.o
        12          0          0          0          0        116   dretinf.o
        86          4          0          0          0        132   f2d.o
        92          4          0          0          0        132   ffixull.o
       140          4          0          0          0        132   fnaninf.o
        26          0          0          0          0        116   fpinit.o
        10          0          0          0          0        116   fretinf.o
         0          0          0          0          0          0   usenofp.o

    ----------------------------------------------------------------------
      2366         64          0          0         96       2316   Library Totals
         8          0          0          0          0          0   (incl. Padding)

    ----------------------------------------------------------------------

      Code (inc. data)   RO Data    RW Data    ZI Data      Debug   Library Name

       594         16          0          0         96        764   c_w.l
      1764         48          0          0          0       1552   fz_wm.l

    ----------------------------------------------------------------------
      2366         64          0          0         96       2316   Library Totals

    ----------------------------------------------------------------------

==============================================================================


      Code (inc. data)   RO Data    RW Data    ZI Data      Debug   

     13404        642        440         16       4432     182880   Grand Totals
     13404        642        440         16       4432     182880   ELF Image Totals
     13404        642        440         16          0          0   ROM Totals

==============================================================================

    Total RO  Size (Code + RO Data)                13844 (  13.52kB)
    Total RW  Size (RW Data + ZI Data)              4448 (   4.34kB)
    Total ROM Size (Code + RO Data + RW Data)      13860 (  13.54kB)

==============================================================================

